Archive member included to satisfy reference by file (symbol)

C:/ST/STM32CubeIDE_1.14.1/STM32CubeIDE/plugins/com.st.stm32cube.ide.mcu.externaltools.gnu-tools-for-stm32.11.3.rel1.win32_1.1.100.202309141235/tools/bin/../lib/gcc/arm-none-eabi/11.3.1/../../../../arm-none-eabi/lib/thumb/v6-m/nofp\libc.a(libc_a-atof.o)
                              BOS\BOS_CLI.o (atof)
C:/ST/STM32CubeIDE_1.14.1/STM32CubeIDE/plugins/com.st.stm32cube.ide.mcu.externaltools.gnu-tools-for-stm32.11.3.rel1.win32_1.1.100.202309141235/tools/bin/../lib/gcc/arm-none-eabi/11.3.1/../../../../arm-none-eabi/lib/thumb/v6-m/nofp\libc.a(libc_a-atoi.o)
                              BOS\BOS_CLI.o (atoi)
C:/ST/STM32CubeIDE_1.14.1/STM32CubeIDE/plugins/com.st.stm32cube.ide.mcu.externaltools.gnu-tools-for-stm32.11.3.rel1.win32_1.1.100.202309141235/tools/bin/../lib/gcc/arm-none-eabi/11.3.1/../../../../arm-none-eabi/lib/thumb/v6-m/nofp\libc.a(libc_a-atol.o)
                              BOS\BOS.o (atol)
C:/ST/STM32CubeIDE_1.14.1/STM32CubeIDE/plugins/com.st.stm32cube.ide.mcu.externaltools.gnu-tools-for-stm32.11.3.rel1.win32_1.1.100.202309141235/tools/bin/../lib/gcc/arm-none-eabi/11.3.1/../../../../arm-none-eabi/lib/thumb/v6-m/nofp\libc.a(libc_a-exit.o)
                              C:/ST/STM32CubeIDE_1.14.1/STM32CubeIDE/plugins/com.st.stm32cube.ide.mcu.externaltools.gnu-tools-for-stm32.11.3.rel1.win32_1.1.100.202309141235/tools/bin/../lib/gcc/arm-none-eabi/11.3.1/../../../../arm-none-eabi/lib/thumb/v6-m/nofp/crt0.o (exit)
C:/ST/STM32CubeIDE_1.14.1/STM32CubeIDE/plugins/com.st.stm32cube.ide.mcu.externaltools.gnu-tools-for-stm32.11.3.rel1.win32_1.1.100.202309141235/tools/bin/../lib/gcc/arm-none-eabi/11.3.1/../../../../arm-none-eabi/lib/thumb/v6-m/nofp\libc.a(libc_a-malloc.o)
                              BOS\BOS.o (malloc)
C:/ST/STM32CubeIDE_1.14.1/STM32CubeIDE/plugins/com.st.stm32cube.ide.mcu.externaltools.gnu-tools-for-stm32.11.3.rel1.win32_1.1.100.202309141235/tools/bin/../lib/gcc/arm-none-eabi/11.3.1/../../../../arm-none-eabi/lib/thumb/v6-m/nofp\libc.a(libc_a-mallocr.o)
                              C:/ST/STM32CubeIDE_1.14.1/STM32CubeIDE/plugins/com.st.stm32cube.ide.mcu.externaltools.gnu-tools-for-stm32.11.3.rel1.win32_1.1.100.202309141235/tools/bin/../lib/gcc/arm-none-eabi/11.3.1/../../../../arm-none-eabi/lib/thumb/v6-m/nofp\libc.a(libc_a-malloc.o) (_malloc_r)
C:/ST/STM32CubeIDE_1.14.1/STM32CubeIDE/plugins/com.st.stm32cube.ide.mcu.externaltools.gnu-tools-for-stm32.11.3.rel1.win32_1.1.100.202309141235/tools/bin/../lib/gcc/arm-none-eabi/11.3.1/../../../../arm-none-eabi/lib/thumb/v6-m/nofp\libc.a(libc_a-mlock.o)
                              C:/ST/STM32CubeIDE_1.14.1/STM32CubeIDE/plugins/com.st.stm32cube.ide.mcu.externaltools.gnu-tools-for-stm32.11.3.rel1.win32_1.1.100.202309141235/tools/bin/../lib/gcc/arm-none-eabi/11.3.1/../../../../arm-none-eabi/lib/thumb/v6-m/nofp\libc.a(libc_a-mallocr.o) (__malloc_lock)
C:/ST/STM32CubeIDE_1.14.1/STM32CubeIDE/plugins/com.st.stm32cube.ide.mcu.externaltools.gnu-tools-for-stm32.11.3.rel1.win32_1.1.100.202309141235/tools/bin/../lib/gcc/arm-none-eabi/11.3.1/../../../../arm-none-eabi/lib/thumb/v6-m/nofp\libc.a(libc_a-rand.o)
                              BOS\BOS_CLIcommands.o (rand)
C:/ST/STM32CubeIDE_1.14.1/STM32CubeIDE/plugins/com.st.stm32cube.ide.mcu.externaltools.gnu-tools-for-stm32.11.3.rel1.win32_1.1.100.202309141235/tools/bin/../lib/gcc/arm-none-eabi/11.3.1/../../../../arm-none-eabi/lib/thumb/v6-m/nofp\libc.a(libc_a-realloc.o)
                              BOS\BOS_CLI.o (realloc)
C:/ST/STM32CubeIDE_1.14.1/STM32CubeIDE/plugins/com.st.stm32cube.ide.mcu.externaltools.gnu-tools-for-stm32.11.3.rel1.win32_1.1.100.202309141235/tools/bin/../lib/gcc/arm-none-eabi/11.3.1/../../../../arm-none-eabi/lib/thumb/v6-m/nofp\libc.a(libc_a-reallocr.o)
                              C:/ST/STM32CubeIDE_1.14.1/STM32CubeIDE/plugins/com.st.stm32cube.ide.mcu.externaltools.gnu-tools-for-stm32.11.3.rel1.win32_1.1.100.202309141235/tools/bin/../lib/gcc/arm-none-eabi/11.3.1/../../../../arm-none-eabi/lib/thumb/v6-m/nofp\libc.a(libc_a-realloc.o) (_realloc_r)
C:/ST/STM32CubeIDE_1.14.1/STM32CubeIDE/plugins/com.st.stm32cube.ide.mcu.externaltools.gnu-tools-for-stm32.11.3.rel1.win32_1.1.100.202309141235/tools/bin/../lib/gcc/arm-none-eabi/11.3.1/../../../../arm-none-eabi/lib/thumb/v6-m/nofp\libc.a(libc_a-strtod.o)
                              C:/ST/STM32CubeIDE_1.14.1/STM32CubeIDE/plugins/com.st.stm32cube.ide.mcu.externaltools.gnu-tools-for-stm32.11.3.rel1.win32_1.1.100.202309141235/tools/bin/../lib/gcc/arm-none-eabi/11.3.1/../../../../arm-none-eabi/lib/thumb/v6-m/nofp\libc.a(libc_a-atof.o) (strtod)
C:/ST/STM32CubeIDE_1.14.1/STM32CubeIDE/plugins/com.st.stm32cube.ide.mcu.externaltools.gnu-tools-for-stm32.11.3.rel1.win32_1.1.100.202309141235/tools/bin/../lib/gcc/arm-none-eabi/11.3.1/../../../../arm-none-eabi/lib/thumb/v6-m/nofp\libc.a(libc_a-strtol.o)
[...]
Memory Configuration

Name             Origin             Length             Attributes
RAM              0x0000000020000000 0x0000000000024000 xrw
FLASH            0x0000000008000000 0x0000000000080000 xr
*default*        0x0000000000000000 0xffffffffffffffff

Linker script and memory map

LOAD C:/ST/STM32CubeIDE_1.14.1/STM32CubeIDE/plugins/com.st.stm32cube.ide.mcu.externaltools.gnu-tools-for-stm32.11.3.rel1.win32_1.1.100.202309141235/tools/bin/../lib/gcc/arm-none-eabi/11.3.1/thumb/v6-m/nofp/crti.o
LOAD C:/ST/STM32CubeIDE_1.14.1/STM32CubeIDE/plugins/com.st.stm32cube.ide.mcu.externaltools.gnu-tools-for-stm32.11.3.rel1.win32_1.1.100.202309141235/tools/bin/../lib/gcc/arm-none-eabi/11.3.1/thumb/v6-m/nofp/crtbegin.o
LOAD C:/ST/STM32CubeIDE_1.14.1/STM32CubeIDE/plugins/com.st.stm32cube.ide.mcu.externaltools.gnu-tools-for-stm32.11.3.rel1.win32_1.1.100.202309141235/tools/bin/../lib/gcc/arm-none-eabi/11.3.1/../../../../arm-none-eabi/lib/thumb/v6-m/nofp/crt0.o
LOAD BOS\BOS.o
LOAD BOS\BOS_CLI.o
LOAD BOS\BOS_CLIcommands.o
LOAD BOS\BOS_dma.o
LOAD BOS\BOS_freertos.o
LOAD BOS\BOS_messaging.o
LOAD BOS\BOS_msgparser.o
LOAD H3BR7\H3BR7.o
LOAD H3BR7\H3BR7_dma.o
LOAD H3BR7\H3BR7_eeprom.o
LOAD H3BR7\H3BR7_gpio.o
LOAD H3BR7\H3BR7_inputs.o
LOAD H3BR7\H3BR7_it.o
LOAD H3BR7\H3BR7_rtc.o
LOAD H3BR7\H3BR7_timers.o
LOAD H3BR7\H3BR7_uart.o
LOAD H3BR7\startup_stm32g0b1ceuxn.o
LOAD Thirdparty\CMSIS\STM32G0xx\Device\ST\STM32G0xx\Source\Templates\system_stm32g0xx.o
LOAD Thirdparty\Middleware\STM32G0xx\FreeRTOS\Source\CMSIS_RTOS\cmsis_os.o
LOAD Thirdparty\Middleware\STM32G0xx\FreeRTOS\Source\FreeRTOS_CLI.o
LOAD Thirdparty\Middleware\STM32G0xx\FreeRTOS\Source\croutine.o
LOAD Thirdparty\Middleware\STM32G0xx\FreeRTOS\Source\event_groups.o
LOAD Thirdparty\Middleware\STM32G0xx\FreeRTOS\Source\list.o
LOAD Thirdparty\Middleware\STM32G0xx\FreeRTOS\Source\portable\GCC\ARM_CM0\port.o
LOAD Thirdparty\Middleware\STM32G0xx\FreeRTOS\Source\portable\MemMang\heap_4.o
LOAD Thirdparty\Middleware\STM32G0xx\FreeRTOS\Source\queue.o
LOAD Thirdparty\Middleware\STM32G0xx\FreeRTOS\Source\stream_buffer.o
LOAD Thirdparty\Middleware\STM32G0xx\FreeRTOS\Source\tasks.o
LOAD Thirdparty\Middleware\STM32G0xx\FreeRTOS\Source\timers.o
LOAD Thirdparty\STM32G0xx_HAL_Driver\Src\stm32g0xx_hal.o
LOAD Thirdparty\STM32G0xx_HAL_Driver\Src\stm32g0xx_hal_adc.o
LOAD Thirdparty\STM32G0xx_HAL_Driver\Src\stm32g0xx_hal_adc_ex.o
LOAD Thirdparty\STM32G0xx_HAL_Driver\Src\stm32g0xx_hal_cec.o
LOAD Thirdparty\STM32G0xx_HAL_Driver\Src\stm32g0xx_hal_comp.o
LOAD Thirdparty\STM32G0xx_HAL_Driver\Src\stm32g0xx_hal_cortex.o
LOAD Thirdparty\STM32G0xx_HAL_Driver\Src\stm32g0xx_hal_crc.o
LOAD Thirdparty\STM32G0xx_HAL_Driver\Src\stm32g0xx_hal_crc_ex.o
LOAD Thirdparty\STM32G0xx_HAL_Driver\Src\stm32g0xx_hal_cryp.o
LOAD Thirdparty\STM32G0xx_HAL_Driver\Src\stm32g0xx_hal_cryp_ex.o
LOAD Thirdparty\STM32G0xx_HAL_Driver\Src\stm32g0xx_hal_dac.o
LOAD Thirdparty\STM32G0xx_HAL_Driver\Src\stm32g0xx_hal_dac_ex.o
LOAD Thirdparty\STM32G0xx_HAL_Driver\Src\stm32g0xx_hal_dma.o
LOAD Thirdparty\STM32G0xx_HAL_Driver\Src\stm32g0xx_hal_dma_ex.o
LOAD Thirdparty\STM32G0xx_HAL_Driver\Src\stm32g0xx_hal_exti.o
LOAD Thirdparty\STM32G0xx_HAL_Driver\Src\stm32g0xx_hal_fdcan.o
LOAD Thirdparty\STM32G0xx_HAL_Driver\Src\stm32g0xx_hal_flash.o
LOAD Thirdparty\STM32G0xx_HAL_Driver\Src\stm32g0xx_hal_flash_ex.o
LOAD Thirdparty\STM32G0xx_HAL_Driver\Src\stm32g0xx_hal_gpio.o
LOAD Thirdparty\STM32G0xx_HAL_Driver\Src\stm32g0xx_hal_hcd.o
LOAD Thirdparty\STM32G0xx_HAL_Driver\Src\stm32g0xx_hal_i2c.o
LOAD Thirdparty\STM32G0xx_HAL_Driver\Src\stm32g0xx_hal_i2c_ex.o
LOAD Thirdparty\STM32G0xx_HAL_Driver\Src\stm32g0xx_hal_i2s.o
LOAD Thirdparty\STM32G0xx_HAL_Driver\Src\stm32g0xx_hal_irda.o
LOAD Thirdparty\STM32G0xx_HAL_Driver\Src\stm32g0xx_hal_iwdg.o
LOAD Thirdparty\STM32G0xx_HAL_Driver\Src\stm32g0xx_hal_lptim.o
LOAD Thirdparty\STM32G0xx_HAL_Driver\Src\stm32g0xx_hal_msp_template.o
LOAD Thirdparty\STM32G0xx_HAL_Driver\Src\stm32g0xx_hal_pcd.o
LOAD Thirdparty\STM32G0xx_HAL_Driver\Src\stm32g0xx_hal_pcd_ex.o
LOAD Thirdparty\STM32G0xx_HAL_Driver\Src\stm32g0xx_hal_pwr.o
LOAD Thirdparty\STM32G0xx_HAL_Driver\Src\stm32g0xx_hal_pwr_ex.o
LOAD Thirdparty\STM32G0xx_HAL_Driver\Src\stm32g0xx_hal_rcc.o
LOAD Thirdparty\STM32G0xx_HAL_Driver\Src\stm32g0xx_hal_rcc_ex.o
LOAD Thirdparty\STM32G0xx_HAL_Driver\Src\stm32g0xx_hal_rng.o
LOAD Thirdparty\STM32G0xx_HAL_Driver\Src\stm32g0xx_hal_rtc.o
LOAD Thirdparty\STM32G0xx_HAL_Driver\Src\stm32g0xx_hal_rtc_ex.o
LOAD Thirdparty\STM32G0xx_HAL_Driver\Src\stm32g0xx_hal_smartcard.o
LOAD Thirdparty\STM32G0xx_HAL_Driver\Src\stm32g0xx_hal_smartcard_ex.o
LOAD Thirdparty\STM32G0xx_HAL_Driver\Src\stm32g0xx_hal_smbus.o
LOAD Thirdparty\STM32G0xx_HAL_Driver\Src\stm32g0xx_hal_smbus_ex.o
LOAD Thirdparty\STM32G0xx_HAL_Driver\Src\stm32g0xx_hal_spi.o
LOAD Thirdparty\STM32G0xx_HAL_Driver\Src\stm32g0xx_hal_spi_ex.o
LOAD Thirdparty\STM32G0xx_HAL_Driver\Src\stm32g0xx_hal_tim.o
LOAD Thirdparty\STM32G0xx_HAL_Driver\Src\stm32g0xx_hal_tim_ex.o
LOAD Thirdparty\STM32G0xx_HAL_Driver\Src\stm32g0xx_hal_uart.o
LOAD Thirdparty\STM32G0xx_HAL_Driver\Src\stm32g0xx_hal_uart_ex.o
LOAD Thirdparty\STM32G0xx_HAL_Driver\Src\stm32g0xx_hal_usart.o
LOAD Thirdparty\STM32G0xx_HAL_Driver\Src\stm32g0xx_hal_usart_ex.o
LOAD Thirdparty\STM32G0xx_HAL_Driver\Src\stm32g0xx_hal_wwdg.o
LOAD Thirdparty\STM32G0xx_HAL_Driver\Src\stm32g0xx_ll_adc.o
LOAD Thirdparty\STM32G0xx_HAL_Driver\Src\stm32g0xx_ll_comp.o
LOAD Thirdparty\STM32G0xx_HAL_Driver\Src\stm32g0xx_ll_crc.o
LOAD Thirdparty\STM32G0xx_HAL_Driver\Src\stm32g0xx_ll_crs.o
LOAD Thirdparty\STM32G0xx_HAL_Driver\Src\stm32g0xx_ll_dac.o
LOAD Thirdparty\STM32G0xx_HAL_Driver\Src\stm32g0xx_ll_dma.o
LOAD Thirdparty\STM32G0xx_HAL_Driver\Src\stm32g0xx_ll_exti.o
LOAD Thirdparty\STM32G0xx_HAL_Driver\Src\stm32g0xx_ll_gpio.o
LOAD Thirdparty\STM32G0xx_HAL_Driver\Src\stm32g0xx_ll_i2c.o
LOAD Thirdparty\STM32G0xx_HAL_Driver\Src\stm32g0xx_ll_lptim.o
LOAD Thirdparty\STM32G0xx_HAL_Driver\Src\stm32g0xx_ll_lpuart.o
LOAD Thirdparty\STM32G0xx_HAL_Driver\Src\stm32g0xx_ll_pwr.o
LOAD Thirdparty\STM32G0xx_HAL_Driver\Src\stm32g0xx_ll_rcc.o
LOAD Thirdparty\STM32G0xx_HAL_Driver\Src\stm32g0xx_ll_rng.o
LOAD Thirdparty\STM32G0xx_HAL_Driver\Src\stm32g0xx_ll_rtc.o
LOAD Thirdparty\STM32G0xx_HAL_Driver\Src\stm32g0xx_ll_spi.o
LOAD Thirdparty\STM32G0xx_HAL_Driver\Src\stm32g0xx_ll_tim.o
LOAD Thirdparty\STM32G0xx_HAL_Driver\Src\stm32g0xx_ll_ucpd.o
LOAD Thirdparty\STM32G0xx_HAL_Driver\Src\stm32g0xx_ll_usart.o
LOAD Thirdparty\STM32G0xx_HAL_Driver\Src\stm32g0xx_ll_usb.o
LOAD Thirdparty\STM32G0xx_HAL_Driver\Src\stm32g0xx_ll_utils.o
LOAD User\main.o
START GROUP
LOAD C:/ST/STM32CubeIDE_1.14.1/STM32CubeIDE/plugins/com.st.stm32cube.ide.mcu.externaltools.gnu-tools-for-stm32.11.3.rel1.win32_1.1.100.202309141235/tools/bin/../lib/gcc/arm-none-eabi/11.3.1/../../../../arm-none-eabi/lib/thumb/v6-m/nofp\libc.a
LOAD C:/ST/STM32CubeIDE_1.14.1/STM32CubeIDE/plugins/com.st.stm32cube.ide.mcu.externaltools.gnu-tools-for-stm32.11.3.rel1.win32_1.1.100.202309141235/tools/bin/../lib/gcc/arm-none-eabi/11.3.1/../../../../arm-none-eabi/lib/thumb/v6-m/nofp\libm.a
END GROUP
START GROUP
LOAD C:/ST/STM32CubeIDE_1.14.1/STM32CubeIDE/plugins/com.st.stm32cube.ide.mcu.externaltools.gnu-tools-for-stm32.11.3.rel1.win32_1.1.100.202309141235/tools/bin/../lib/gcc/arm-none-eabi/11.3.1/thumb/v6-m/nofp\libgcc.a
LOAD C:/ST/STM32CubeIDE_1.14.1/STM32CubeIDE/plugins/com.st.stm32cube.ide.mcu.externaltools.gnu-tools-for-stm32.11.3.rel1.win32_1.1.100.202309141235/tools/bin/../lib/gcc/arm-none-eabi/11.3.1/../../../../arm-none-eabi/lib/thumb/v6-m/nofp\libc.a
END GROUP
START GROUP
LOAD C:/ST/STM32CubeIDE_1.14.1/STM32CubeIDE/plugins/com.st.stm32cube.ide.mcu.externaltools.gnu-tools-for-stm32.11.3.rel1.win32_1.1.100.202309141235/tools/bin/../lib/gcc/arm-none-eabi/11.3.1/thumb/v6-m/nofp\libgcc.a
LOAD C:/ST/STM32CubeIDE_1.14.1/STM32CubeIDE/plugins/com.st.stm32cube.ide.mcu.externaltools.gnu-tools-for-stm32.11.3.rel1.win32_1.1.100.202309141235/tools/bin/../lib/gcc/arm-none-eabi/11.3.1/../../../../arm-none-eabi/lib/thumb/v6-m/nofp\libc.a
LOAD C:/ST/STM32CubeIDE_1.14.1/STM32CubeIDE/plugins/com.st.stm32cube.ide.mcu.externaltools.gnu-tools-for-stm32.11.3.rel1.win32_1.1.100.202309141235/tools/bin/../lib/gcc/arm-none-eabi/11.3.1/../../../../arm-none-eabi/lib/thumb/v6-m/nofp\libnosys.a
END GROUP
LOAD C:/ST/STM32CubeIDE_1.14.1/STM32CubeIDE/plugins/com.st.stm32cube.ide.mcu.externaltools.gnu-tools-for-stm32.11.3.rel1.win32_1.1.100.202309141235/tools/bin/../lib/gcc/arm-none-eabi/11.3.1/thumb/v6-m/nofp/crtend.o
LOAD C:/ST/STM32CubeIDE_1.14.1/STM32CubeIDE/plugins/com.st.stm32cube.ide.mcu.externaltools.gnu-tools-for-stm32.11.3.rel1.win32_1.1.100.202309141235/tools/bin/../lib/gcc/arm-none-eabi/11.3.1/thumb/v6-m/nofp/crtn.o
                0x0000000020024000                _estack = (ORIGIN (RAM) + LENGTH (RAM))
                0x0000000000000200                _Min_Heap_Size = 0x200
                0x0000000000000400                _Min_Stack_Size = 0x400

.isr_vector     0x0000000008000000       0xbc
                0x0000000008000000                . = ALIGN (0x4)
 *(.isr_vector)
 .isr_vector    0x0000000008000000       0xbc H3BR7\startup_stm32g0b1ceuxn.o
                0x0000000008000000                g_pfnVectors
                0x00000000080000bc                . = ALIGN (0x4)

.text           0x00000000080000c0    0x2a4f8
                0x00000000080000c0                . = ALIGN (0x4)
 *(.text)
 .text          0x00000000080000c0       0x48 C:/ST/STM32CubeIDE_1.14.1/STM32CubeIDE/plugins/com.st.stm32cube.ide.mcu.externaltools.gnu-tools-for-stm32.11.3.rel1.win32_1.1.100.202309141235/tools/bin/../lib/gcc/arm-none-eabi/11.3.1/thumb/v6-m/nofp/crtbegin.o
 .text          0x0000000008000108       0x14 C:/ST/STM32CubeIDE_1.14.1/STM32CubeIDE/plugins/com.st.stm32cube.ide.mcu.externaltools.gnu-tools-for-stm32.11.3.rel1.win32_1.1.100.202309141235/tools/bin/../lib/gcc/arm-none-eabi/11.3.1/../../../../arm-none-eabi/lib/thumb/v6-m/nofp\libc.a(libc_a-strcmp.o)
                0x0000000008000108                strcmp
 .text          0x000000000800011c        0xe C:/ST/STM32CubeIDE_1.14.1/STM32CubeIDE/plugins/com.st.stm32cube.ide.mcu.externaltools.gnu-tools-for-stm32.11.3.rel1.win32_1.1.100.202309141235/tools/bin/../lib/gcc/arm-none-eabi/11.3.1/../../../../arm-none-eabi/lib/thumb/v6-m/nofp\libc.a(libc_a-strlen.o)
                0x000000000800011c                strlen
 *fill*         0x000000000800012a        0x2 
 .text          0x000000000800012c       0x14 C:/ST/STM32CubeIDE_1.14.1/STM32CubeIDE/plugins/com.st.stm32cube.ide.mcu.externaltools.gnu-tools-for-stm32.11.3.rel1.win32_1.1.100.202309141235/tools/bin/../lib/gcc/arm-none-eabi/11.3.1/thumb/v6-m/nofp\libgcc.a(_thumb1_case_uqi.o)
                0x000000000800012c                __gnu_thumb1_case_uqi
 .text          0x0000000008000140       0x14 C:/ST/STM32CubeIDE_1.14.1/STM32CubeIDE/plugins/com.st.stm32cube.ide.mcu.externaltools.gnu-tools-for-stm32.11.3.rel1.win32_1.1.100.202309141235/tools/bin/../lib/gcc/arm-none-eabi/11.3.1/thumb/v6-m/nofp\libgcc.a(_thumb1_case_uhi.o)
                0x0000000008000140                __gnu_thumb1_case_uhi
 .text          0x0000000008000154      0x114 C:/ST/STM32CubeIDE_1.14.1/STM32CubeIDE/plugins/com.st.stm32cube.ide.mcu.externaltools.gnu-tools-for-stm32.11.3.rel1.win32_1.1.100.202309141235/tools/bin/../lib/gcc/arm-none-eabi/11.3.1/thumb/v6-m/nofp\libgcc.a(_udivsi3.o)
                0x0000000008000154                __aeabi_uidiv
                0x0000000008000154                __udivsi3
                0x0000000008000260                __aeabi_uidivmod
 .text          0x0000000008000268      0x1d4 C:/ST/STM32CubeIDE_1.14.1/STM32CubeIDE/plugins/com.st.stm32cube.ide.mcu.externaltools.gnu-tools-for-stm32.11.3.rel1.win32_1.1.100.202309141235/tools/bin/../lib/gcc/arm-none-eabi/11.3.1/thumb/v6-m/nofp\libgcc.a(_divsi3.o)
                0x0000000008000268                __divsi3
                0x0000000008000268                __aeabi_idiv
                0x0000000008000434                __aeabi_idivmod
 .text          0x000000000800043c        0x4 C:/ST/STM32CubeIDE_1.14.1/STM32CubeIDE/plugins/com.st.stm32cube.ide.mcu.externaltools.gnu-tools-for-stm32.11.3.rel1.win32_1.1.100.202309141235/tools/bin/../lib/gcc/arm-none-eabi/11.3.1/thumb/v6-m/nofp\libgcc.a(_dvmd_tls.o)
                0x000000000800043c                __aeabi_idiv0
                0x000000000800043c                __aeabi_ldiv0
 .text          0x0000000008000440       0x7c C:/ST/STM32CubeIDE_1.14.1/STM32CubeIDE/plugins/com.st.stm32cube.ide.mcu.externaltools.gnu-tools-for-stm32.11.3.rel1.win32_1.1.100.202309141235/tools/bin/../lib/gcc/arm-none-eabi/11.3.1/thumb/v6-m/nofp\libgcc.a(_arm_cmpdf2.o)
                0x0000000008000440                __aeabi_cdrcmple
                0x0000000008000450                __aeabi_cdcmple
                0x0000000008000450                __aeabi_cdcmpeq
                0x0000000008000460                __aeabi_dcmpeq
                0x000000000800046c                __aeabi_dcmplt
                0x0000000008000480                __aeabi_dcmple
                0x0000000008000494                __aeabi_dcmpgt
                0x00000000080004a8                __aeabi_dcmpge
 .text          0x00000000080004bc       0x74 C:/ST/STM32CubeIDE_1.14.1/STM32CubeIDE/plugins/com.st.stm32cube.ide.mcu.externaltools.gnu-tools-for-stm32.11.3.rel1.win32_1.1.100.202309141235/tools/bin/../lib/gcc/arm-none-eabi/11.3.1/thumb/v6-m/nofp\libgcc.a(_arm_cmpsf2.o)
                0x00000000080004bc                __aeabi_cfrcmple
                0x00000000080004c4                __aeabi_cfcmpeq
                0x00000000080004c4                __aeabi_cfcmple
                0x00000000080004d4                __aeabi_fcmpeq
                0x00000000080004e0                __aeabi_fcmplt
                0x00000000080004f4                __aeabi_fcmple
                0x0000000008000508                __aeabi_fcmpgt
                0x000000000800051c                __aeabi_fcmpge
 .text          0x0000000008000530       0x14 C:/ST/STM32CubeIDE_1.14.1/STM32CubeIDE/plugins/com.st.stm32cube.ide.mcu.externaltools.gnu-tools-for-stm32.11.3.rel1.win32_1.1.100.202309141235/tools/bin/../lib/gcc/arm-none-eabi/11.3.1/thumb/v6-m/nofp\libgcc.a(_aeabi_ulcmp.o)
                0x0000000008000530                __aeabi_ulcmp
 .text          0x0000000008000544       0x40 C:/ST/STM32CubeIDE_1.14.1/STM32CubeIDE/plugins/com.st.stm32cube.ide.mcu.externaltools.gnu-tools-for-stm32.11.3.rel1.win32_1.1.100.202309141235/tools/bin/../lib/gcc/arm-none-eabi/11.3.1/thumb/v6-m/nofp\libgcc.a(_aeabi_uldivmod.o)
                0x0000000008000544                __aeabi_uldivmod
 .text          0x0000000008000584       0x5c C:/ST/STM32CubeIDE_1.14.1/STM32CubeIDE/plugins/com.st.stm32cube.ide.mcu.externaltools.gnu-tools-for-stm32.11.3.rel1.win32_1.1.100.202309141235/tools/bin/../lib/gcc/arm-none-eabi/11.3.1/thumb/v6-m/nofp\libgcc.a(_muldi3.o)
                0x0000000008000584                __muldi3
                0x0000000008000584                __aeabi_lmul
 .text          0x00000000080005e0       0x30 C:/ST/STM32CubeIDE_1.14.1/STM32CubeIDE/plugins/com.st.stm32cube.ide.mcu.externaltools.gnu-tools-for-stm32.11.3.rel1.win32_1.1.100.202309141235/tools/bin/../lib/gcc/arm-none-eabi/11.3.1/thumb/v6-m/nofp\libgcc.a(_fixunssfsi.o)
                0x00000000080005e0                __fixunssfsi
                0x00000000080005e0                __aeabi_f2uiz
 .text          0x0000000008000610       0x3c C:/ST/STM32CubeIDE_1.14.1/STM32CubeIDE/plugins/com.st.stm32cube.ide.mcu.externaltools.gnu-tools-for-stm32.11.3.rel1.win32_1.1.100.202309141235/tools/bin/../lib/gcc/arm-none-eabi/11.3.1/thumb/v6-m/nofp\libgcc.a(_fixunsdfsi.o)
                0x0000000008000610                __aeabi_d2uiz
                0x0000000008000610                __fixunsdfsi
 .text          0x000000000800064c       0x3c C:/ST/STM32CubeIDE_1.14.1/STM32CubeIDE/plugins/com.st.stm32cube.ide.mcu.externaltools.gnu-tools-for-stm32.11.3.rel1.win32_1.1.100.202309141235/tools/bin/../lib/gcc/arm-none-eabi/11.3.1/thumb/v6-m/nofp\libgcc.a(_fixdfdi.o)
                0x000000000800064c                __fixdfdi
                0x000000000800064c                __aeabi_d2lz
 .text          0x0000000008000688       0x3c C:/ST/STM32CubeIDE_1.14.1/STM32CubeIDE/plugins/com.st.stm32cube.ide.mcu.externaltools.gnu-tools-for-stm32.11.3.rel1.win32_1.1.100.202309141235/tools/bin/../lib/gcc/arm-none-eabi/11.3.1/thumb/v6-m/nofp\libgcc.a(_fixunsdfdi.o)
                0x0000000008000688                __fixunsdfdi
                0x0000000008000688                __aeabi_d2ulz
 .text          0x00000000080006c4       0x2c C:/ST/STM32CubeIDE_1.14.1/STM32CubeIDE/plugins/com.st.stm32cube.ide.mcu.externaltools.gnu-tools-for-stm32.11.3.rel1.win32_1.1.100.202309141235/tools/bin/../lib/gcc/arm-none-eabi/11.3.1/thumb/v6-m/nofp\libgcc.a(_floatdidf.o)
                0x00000000080006c4                __aeabi_l2d
                0x00000000080006c4                __floatdidf
 .text          0x00000000080006f0      0x198 C:/ST/STM32CubeIDE_1.14.1/STM32CubeIDE/plugins/com.st.stm32cube.ide.mcu.externaltools.gnu-tools-for-stm32.11.3.rel1.win32_1.1.100.202309141235/tools/bin/../lib/gcc/arm-none-eabi/11.3.1/thumb/v6-m/nofp\libgcc.a(_udivmoddi4.o)
                0x00000000080006f0                __udivmoddi4
 .text          0x0000000008000888       0x4c C:/ST/STM32CubeIDE_1.14.1/STM32CubeIDE/plugins/com.st.stm32cube.ide.mcu.externaltools.gnu-tools-for-stm32.11.3.rel1.win32_1.1.100.202309141235/tools/bin/../lib/gcc/arm-none-eabi/11.3.1/thumb/v6-m/nofp\libgcc.a(eqsf2.o)
                0x0000000008000888                __eqsf2
                0x0000000008000888                __nesf2
 .text          0x00000000080008d4       0x8c C:/ST/STM32CubeIDE_1.14.1/STM32CubeIDE/plugins/com.st.stm32cube.ide.mcu.externaltools.gnu-tools-for-stm32.11.3.rel1.win32_1.1.100.202309141235/tools/bin/../lib/gcc/arm-none-eabi/11.3.1/thumb/v6-m/nofp\libgcc.a(gesf2.o)
                0x00000000080008d4                __gesf2
                0x00000000080008d4                __gtsf2
 .text          0x0000000008000960       0x88 C:/ST/STM32CubeIDE_1.14.1/STM32CubeIDE/plugins/com.st.stm32cube.ide.mcu.externaltools.gnu-tools-for-stm32.11.3.rel1.win32_1.1.100.202309141235/tools/bin/../lib/gcc/arm-none-eabi/11.3.1/thumb/v6-m/nofp\libgcc.a(lesf2.o)
                0x0000000008000960                __ltsf2
                0x0000000008000960                __lesf2
 .text          0x00000000080009e8      0x29c C:/ST/STM32CubeIDE_1.14.1/STM32CubeIDE/plugins/com.st.stm32cube.ide.mcu.externaltools.gnu-tools-for-stm32.11.3.rel1.win32_1.1.100.202309141235/tools/bin/../lib/gcc/arm-none-eabi/11.3.1/thumb/v6-m/nofp\libgcc.a(mulsf3.o)
                0x00000000080009e8                __aeabi_fmul
 .text          0x0000000008000c84      0x340 C:/ST/STM32CubeIDE_1.14.1/STM32CubeIDE/plugins/com.st.stm32cube.ide.mcu.externaltools.gnu-tools-for-stm32.11.3.rel1.win32_1.1.100.202309141235/tools/bin/../lib/gcc/arm-none-eabi/11.3.1/thumb/v6-m/nofp\libgcc.a(subsf3.o)
                0x0000000008000c84                __aeabi_fsub
 .text          0x0000000008000fc4       0x40 C:/ST/STM32CubeIDE_1.14.1/STM32CubeIDE/plugins/com.st.stm32cube.ide.mcu.externaltools.gnu-tools-for-stm32.11.3.rel1.win32_1.1.100.202309141235/tools/bin/../lib/gcc/arm-none-eabi/11.3.1/thumb/v6-m/nofp\libgcc.a(fixsfsi.o)
                0x0000000008000fc4                __aeabi_f2iz
 .text          0x0000000008001004       0x90 C:/ST/STM32CubeIDE_1.14.1/STM32CubeIDE/plugins/com.st.stm32cube.ide.mcu.externaltools.gnu-tools-for-stm32.11.3.rel1.win32_1.1.100.202309141235/tools/bin/../lib/gcc/arm-none-eabi/11.3.1/thumb/v6-m/nofp\libgcc.a(floatunsisf.o)
                0x0000000008001004                __aeabi_ui2f
 .text          0x0000000008001094      0x6c0 C:/ST/STM32CubeIDE_1.14.1/STM32CubeIDE/plugins/com.st.stm32cube.ide.mcu.externaltools.gnu-tools-for-stm32.11.3.rel1.win32_1.1.100.202309141235/tools/bin/../lib/gcc/arm-none-eabi/11.3.1/thumb/v6-m/nofp\libgcc.a(adddf3.o)
                0x0000000008001094                __aeabi_dadd
 .text          0x0000000008001754      0x5dc C:/ST/STM32CubeIDE_1.14.1/STM32CubeIDE/plugins/com.st.stm32cube.ide.mcu.externaltools.gnu-tools-for-stm32.11.3.rel1.win32_1.1.100.202309141235/tools/bin/../lib/gcc/arm-none-eabi/11.3.1/thumb/v6-m/nofp\libgcc.a(divdf3.o)
                0x0000000008001754                __aeabi_ddiv
 .text          0x0000000008001d30       0x84 C:/ST/STM32CubeIDE_1.14.1/STM32CubeIDE/plugins/com.st.stm32cube.ide.mcu.externaltools.gnu-tools-for-stm32.11.3.rel1.win32_1.1.100.202309141235/tools/bin/../lib/gcc/arm-none-eabi/11.3.1/thumb/v6-m/nofp\libgcc.a(eqdf2.o)
                0x0000000008001d30                __nedf2
                0x0000000008001d30                __eqdf2
 .text          0x0000000008001db4       0xcc C:/ST/STM32CubeIDE_1.14.1/STM32CubeIDE/plugins/com.st.stm32cube.ide.mcu.externaltools.gnu-tools-for-stm32.11.3.rel1.win32_1.1.100.202309141235/tools/bin/../lib/gcc/arm-none-eabi/11.3.1/thumb/v6-m/nofp\libgcc.a(gedf2.o)
                0x0000000008001db4                __gedf2
                0x0000000008001db4                __gtdf2
 .text          0x0000000008001e80       0xc8 C:/ST/STM32CubeIDE_1.14.1/STM32CubeIDE/plugins/com.st.stm32cube.ide.mcu.externaltools.gnu-tools-for-stm32.11.3.rel1.win32_1.1.100.202309141235/tools/bin/../lib/gcc/arm-none-eabi/11.3.1/thumb/v6-m/nofp\libgcc.a(ledf2.o)
                0x0000000008001e80                __ledf2
                0x0000000008001e80                __ltdf2
 .text          0x0000000008001f48      0x584 C:/ST/STM32CubeIDE_1.14.1/STM32CubeIDE/plugins/com.st.stm32cube.ide.mcu.externaltools.gnu-tools-for-stm32.11.3.rel1.win32_1.1.100.202309141235/tools/bin/../lib/gcc/arm-none-eabi/11.3.1/thumb/v6-m/nofp\libgcc.a(muldf3.o)
                0x0000000008001f48                __aeabi_dmul
 .text          0x00000000080024cc      0x704 C:/ST/STM32CubeIDE_1.14.1/STM32CubeIDE/plugins/com.st.stm32cube.ide.mcu.externaltools.gnu-tools-for-stm32.11.3.rel1.win32_1.1.100.202309141235/tools/bin/../lib/gcc/arm-none-eabi/11.3.1/thumb/v6-m/nofp\libgcc.a(subdf3.o)
                0x00000000080024cc                __aeabi_dsub
 .text          0x0000000008002bd0       0x3c C:/ST/STM32CubeIDE_1.14.1/STM32CubeIDE/plugins/com.st.stm32cube.ide.mcu.externaltools.gnu-tools-for-stm32.11.3.rel1.win32_1.1.100.202309141235/tools/bin/../lib/gcc/arm-none-eabi/11.3.1/thumb/v6-m/nofp\libgcc.a(unorddf2.o)
                0x0000000008002bd0                __aeabi_dcmpun
 .text          0x0000000008002c0c       0x6c C:/ST/STM32CubeIDE_1.14.1/STM32CubeIDE/plugins/com.st.stm32cube.ide.mcu.externaltools.gnu-tools-for-stm32.11.3.rel1.win32_1.1.100.202309141235/tools/bin/../lib/gcc/arm-none-eabi/11.3.1/thumb/v6-m/nofp\libgcc.a(fixdfsi.o)
                0x0000000008002c0c                __aeabi_d2iz
 .text          0x0000000008002c78       0x60 C:/ST/STM32CubeIDE_1.14.1/STM32CubeIDE/plugins/com.st.stm32cube.ide.mcu.externaltools.gnu-tools-for-stm32.11.3.rel1.win32_1.1.100.202309141235/tools/bin/../lib/gcc/arm-none-eabi/11.3.1/thumb/v6-m/nofp\libgcc.a(floatsidf.o)
                0x0000000008002c78                __aeabi_i2d
 .text          0x0000000008002cd8       0x4c C:/ST/STM32CubeIDE_1.14.1/STM32CubeIDE/plugins/com.st.stm32cube.ide.mcu.externaltools.gnu-tools-for-stm32.11.3.rel1.win32_1.1.100.202309141235/tools/bin/../lib/gcc/arm-none-eabi/11.3.1/thumb/v6-m/nofp\libgcc.a(floatunsidf.o)
                0x0000000008002cd8                __aeabi_ui2d
 .text          0x0000000008002d24       0x90 C:/ST/STM32CubeIDE_1.14.1/STM32CubeIDE/plugins/com.st.stm32cube.ide.mcu.externaltools.gnu-tools-for-stm32.11.3.rel1.win32_1.1.100.202309141235/tools/bin/../lib/gcc/arm-none-eabi/11.3.1/thumb/v6-m/nofp\libgcc.a(extendsfdf2.o)
                0x0000000008002d24                __aeabi_f2d
 .text          0x0000000008002db4      0x10c C:/ST/STM32CubeIDE_1.14.1/STM32CubeIDE/plugins/com.st.stm32cube.ide.mcu.externaltools.gnu-tools-for-stm32.11.3.rel1.win32_1.1.100.202309141235/tools/bin/../lib/gcc/arm-none-eabi/11.3.1/thumb/v6-m/nofp\libgcc.a(truncdfsf2.o)
                0x0000000008002db4                __aeabi_d2f
 .text          0x0000000008002ec0       0x3c C:/ST/STM32CubeIDE_1.14.1/STM32CubeIDE/plugins/com.st.stm32cube.ide.mcu.externaltools.gnu-tools-for-stm32.11.3.rel1.win32_1.1.100.202309141235/tools/bin/../lib/gcc/arm-none-eabi/11.3.1/thumb/v6-m/nofp\libgcc.a(_clzsi2.o)
                0x0000000008002ec0                __clzsi2
 .text          0x0000000008002efc       0x18 C:/ST/STM32CubeIDE_1.14.1/STM32CubeIDE/plugins/com.st.stm32cube.ide.mcu.externaltools.gnu-tools-for-stm32.11.3.rel1.win32_1.1.100.202309141235/tools/bin/../lib/gcc/arm-none-eabi/11.3.1/thumb/v6-m/nofp\libgcc.a(_clzdi2.o)
                0x0000000008002efc                __clzdi2
 *(.text*)
 .text.__NVIC_SystemReset
                0x0000000008002f14       0x24 BOS\BOS.o
 .text.Processor_type
                0x0000000008002f38       0x6a BOS\BOS.o
                0x0000000008002f38                Processor_type
 *fill*         0x0000000008002fa2        0x2 
 .text.Get_Module_Name
                0x0000000008002fa4       0x28 BOS\BOS.o
                0x0000000008002fa4                Get_Module_Name
 .text.Send_BOS_Message
                0x0000000008002fcc       0xfc BOS\BOS.o
                0x0000000008002fcc                Send_BOS_Message
 .text.LoadEEvars
                0x00000000080030c8       0x2a BOS\BOS.o
                0x00000000080030c8                LoadEEvars
 *fill*         0x00000000080030f2        0x2 
 .text.LoadROtopology
                0x00000000080030f4       0xfc BOS\BOS.o
                0x00000000080030f4                LoadROtopology
 .text.LoadEEportsDir
                0x00000000080031f0       0x68 BOS\BOS.o
                0x00000000080031f0                LoadEEportsDir
 .text.LoadEEalias
                0x0000000008003258       0xd8 BOS\BOS.o
                0x0000000008003258                LoadEEalias
 .text.LoadEEgroup
                0x0000000008003330      0x120 BOS\BOS.o
                0x0000000008003330                LoadEEgroup
 .text.LoadEEstreams
                0x0000000008003450      0x21c BOS\BOS.o
                0x0000000008003450                LoadEEstreams
 .text.LoadEEparams
                0x000000000800366c      0x260 BOS\BOS.o
                0x000000000800366c                LoadEEparams
 .text.LoadEEbuttons
                0x00000000080038cc      0x2ec BOS\BOS.o
                0x00000000080038cc                LoadEEbuttons
 .text.LoadROsnippets
                0x0000000008003bb8      0x1d8 BOS\BOS.o
                0x0000000008003bb8                LoadROsnippets
 .text.SaveEEportsDir
                0x0000000008003d90       0x78 BOS\BOS.o
                0x0000000008003d90                SaveEEportsDir
 .text.SaveEEalias
                0x0000000008003e08       0xd4 BOS\BOS.o
                0x0000000008003e08                SaveEEalias
 .text.SaveEEstreams
                0x0000000008003edc       0xdc BOS\BOS.o
                0x0000000008003edc                SaveEEstreams
 .text.SaveEEparams
                0x0000000008003fb8       0xf8 BOS\BOS.o
                0x0000000008003fb8                SaveEEparams
 .text.ClearEEportsDir
                0x00000000080040b0       0x84 BOS\BOS.o
                0x00000000080040b0                ClearEEportsDir
 .text.EE_FormatForFactoryReset
                0x0000000008004134       0x2c BOS\BOS.o
                0x0000000008004134                EE_FormatForFactoryReset
 .text.IsLowerCLIbaud
                0x0000000008004160       0xe8 BOS\BOS.o
                0x0000000008004160                IsLowerCLIbaud
 .text.IsModuleParameter
                0x0000000008004248       0x64 BOS\BOS.o
                0x0000000008004248                IsModuleParameter
 .text.IsMathOperator
                0x00000000080042ac       0xc4 BOS\BOS.o
                0x00000000080042ac                IsMathOperator
 .text.BOS_Init
                0x0000000008004370      0x130 BOS\BOS.o
                0x0000000008004370                BOS_Init
 .text.Module_Init
                0x00000000080044a0       0x1e BOS\BOS.o
                0x00000000080044a0                Module_Init
 *fill*         0x00000000080044be        0x2 
 .text.ExploreNeighbors
                0x00000000080044c0       0x90 BOS\BOS.o
                0x00000000080044c0                ExploreNeighbors
 .text.FindBroadcastRoutes
                0x0000000008004550      0x3b0 BOS\BOS.o
                0x0000000008004550                FindBroadcastRoutes
 .text.FindRoute
                0x0000000008004900      0x2dc BOS\BOS.o
                0x0000000008004900                FindRoute
 .text.minArr   0x0000000008004bdc       0x88 BOS\BOS.o
                0x0000000008004bdc                minArr
 .text.QnotEmpty
                0x0000000008004c64       0x50 BOS\BOS.o
                0x0000000008004c64                QnotEmpty
 .text.DisplayTopology
                0x0000000008004cb4      0x258 BOS\BOS.o
                0x0000000008004cb4                DisplayTopology
 .text.DisplayPortsDir
                0x0000000008004f0c      0x118 BOS\BOS.o
                0x0000000008004f0c                DisplayPortsDir
 .text.DisplayModuleStatus
                0x0000000008005024      0x3c0 BOS\BOS.o
                0x0000000008005024                DisplayModuleStatus
 .text.GetID    0x00000000080053e4      0x15c BOS\BOS.o
                0x00000000080053e4                GetID
 .text.NameModule
                0x0000000008005540      0x140 BOS\BOS.o
                0x0000000008005540                NameModule
 .text.AddModuleToGroup
                0x0000000008005680      0x1b8 BOS\BOS.o
                0x0000000008005680                AddModuleToGroup
 .text.WriteToRemote
                0x0000000008005838      0x460 BOS\BOS.o
                0x0000000008005838                WriteToRemote
 .text.GetDateString
                0x0000000008005c98       0x5c BOS\BOS.o
                0x0000000008005c98                GetDateString
 .text.Bridge   0x0000000008005cf4       0x4c BOS\BOS.o
                0x0000000008005cf4                Bridge
 .text.Unbridge
                0x0000000008005d40       0xcc BOS\BOS.o
                0x0000000008005d40                Unbridge
 .text.EnableStopModebyUARTx
                0x0000000008005e0c       0xb8 BOS\BOS.o
                0x0000000008005e0c                EnableStopModebyUARTx
 .text.EnableStandbyModebyWakeupPinx
                0x0000000008005ec4       0x64 BOS\BOS.o
                0x0000000008005ec4                EnableStandbyModebyWakeupPinx
 .text.DisableStandbyModeWakeupPinx
                0x0000000008005f28       0x98 BOS\BOS.o
                0x0000000008005f28                DisableStandbyModeWakeupPinx
 .text.prvCLITask
                0x0000000008005fc0      0x278 BOS\BOS_CLI.o
                0x0000000008005fc0                prvCLITask
 .text.CLI_CommandParser
                0x0000000008006238      0x574 BOS\BOS_CLI.o
                0x0000000008006238                CLI_CommandParser
 .text.StringToLowerCase
                0x00000000080067ac       0x6c BOS\BOS_CLI.o
                0x00000000080067ac                StringToLowerCase
 .text.AddSnippet
                0x0000000008006818      0x1b4 BOS\BOS_CLI.o
                0x0000000008006818                AddSnippet
 .text.ParseSnippetCondition
                0x00000000080069cc      0x7f8 BOS\BOS_CLI.o
                0x00000000080069cc                ParseSnippetCondition
 .text.ParseSnippetCommand
                0x00000000080071c4       0xc8 BOS\BOS_CLI.o
                0x00000000080071c4                ParseSnippetCommand
 .text.CheckSnippetCondition
                0x000000000800728c      0x1b4 BOS\BOS_CLI.o
                0x000000000800728c                CheckSnippetCondition
 .text.ExecuteSnippet
                0x0000000008007440       0xd0 BOS\BOS_CLI.o
                0x0000000008007440                ExecuteSnippet
 .text.__NVIC_SystemReset
                0x0000000008007510       0x24 BOS\BOS_CLIcommands.o
 .text.RegisterUserCLICommands
                0x0000000008007534        0xa BOS\BOS_CLIcommands.o
                0x0000000008007534                RegisterUserCLICommands
 *fill*         0x000000000800753e        0x2 
 .text.vRegisterCLICommands
                0x0000000008007540      0x1b0 BOS\BOS_CLIcommands.o
                0x0000000008007540                vRegisterCLICommands
 .text.prvTaskStatsCommand
                0x00000000080076f0       0x40 BOS\BOS_CLIcommands.o
 .text.prvRunTimeStatsCommand
                0x0000000008007730       0x40 BOS\BOS_CLIcommands.o
 .text.pingCommand
                0x0000000008007770       0x98 BOS\BOS_CLIcommands.o
 .text.bootloaderUpdateCommand
                0x0000000008007808      0x1fc BOS\BOS_CLIcommands.o
 .text.exploreCommand
                0x0000000008007a04       0x16 BOS\BOS_CLIcommands.o
 .text.resetCommand
                0x0000000008007a1a       0x10 BOS\BOS_CLIcommands.o
 *fill*         0x0000000008007a2a        0x2 
 .text.nameCommand
                0x0000000008007a2c       0xe8 BOS\BOS_CLIcommands.o
 .text.groupCommand
                0x0000000008007b14      0x2fc BOS\BOS_CLIcommands.o
 .text.statusCommand
                0x0000000008007e10       0x1c BOS\BOS_CLIcommands.o
 .text.infoCommand
                0x0000000008007e2c       0xfc BOS\BOS_CLIcommands.o
 .text.scastCommand
                0x0000000008007f28      0x2dc BOS\BOS_CLIcommands.o
 .text.addbuttonCommand
                0x0000000008008204      0x150 BOS\BOS_CLIcommands.o
 .text.removebuttonCommand
                0x0000000008008354       0x94 BOS\BOS_CLIcommands.o
 .text.setCommand
                0x00000000080083e8      0xbf8 BOS\BOS_CLIcommands.o
 .text.getCommand
                0x0000000008008fe0      0x3b4 BOS\BOS_CLIcommands.o
 .text.defaultCommand
                0x0000000008009394       0xf8 BOS\BOS_CLIcommands.o
 .text.timeCommand
                0x000000000800948c       0xd8 BOS\BOS_CLIcommands.o
 .text.dateCommand
                0x0000000008009564       0x34 BOS\BOS_CLIcommands.o
 .text.setBaudrateCommand
                0x0000000008009598       0xc0 BOS\BOS_CLIcommands.o
 .text.uuidCommand
                0x0000000008009658       0x70 BOS\BOS_CLIcommands.o
 .text.idcodeCommand
                0x00000000080096c8       0xe0 BOS\BOS_CLIcommands.o
 .text.flashsizeCommand
                0x00000000080097a8       0x34 BOS\BOS_CLIcommands.o
 .text.snipCommand
                0x00000000080097dc      0x3ac BOS\BOS_CLIcommands.o
 .text.actSnipCommand
                0x0000000008009b88       0xb8 BOS\BOS_CLIcommands.o
 .text.pauseSnipCommand
                0x0000000008009c40       0xb8 BOS\BOS_CLIcommands.o
 .text.delSnipCommand
                0x0000000008009cf8      0x1d4 BOS\BOS_CLIcommands.o
 .text.bridgeCommand
                0x0000000008009ecc      0x11c BOS\BOS_CLIcommands.o
 .text.unbridgeCommand
                0x0000000008009fe8      0x11c BOS\BOS_CLIcommands.o
 .text.testportCommand
                0x000000000800a104      0x2e8 BOS\BOS_CLIcommands.o
 .text.ADCReadCommand
                0x000000000800a3ec      0x134 BOS\BOS_CLIcommands.o
 .text.ReadTempCommand
                0x000000000800a520       0x54 BOS\BOS_CLIcommands.o
 .text.ReadVrefCommand
                0x000000000800a574       0x54 BOS\BOS_CLIcommands.o
 .text.GetReadPrecentageCommand
                0x000000000800a5c8       0x98 BOS\BOS_CLIcommands.o
 .text.StartDMAstream
                0x000000000800a660       0xb0 BOS\BOS_dma.o
                0x000000000800a660                StartDMAstream
 .text.ResetUartORE
                0x000000000800a710       0x48 BOS\BOS_dma.o
                0x000000000800a710                ResetUartORE
 .text.MX_FREERTOS_Init
                0x000000000800a758      0x214 BOS\BOS_freertos.o
                0x000000000800a758                MX_FREERTOS_Init
 .text.StartDefaultTask
                0x000000000800a96c       0xfc BOS\BOS_freertos.o
                0x000000000800a96c                StartDefaultTask
 .text.ExecuteMonitor
                0x000000000800aa68      0x4c8 BOS\BOS_freertos.o
                0x000000000800aa68                ExecuteMonitor
 .text.vMainConfigureTimerForRunTimeStats
                0x000000000800af30       0x2c BOS\BOS_freertos.o
                0x000000000800af30                vMainConfigureTimerForRunTimeStats
 .text.ulMainGetRunTimeCounterValue
                0x000000000800af5c       0x90 BOS\BOS_freertos.o
                0x000000000800af5c                ulMainGetRunTimeCounterValue
 .text.SetupDMAStreams
                0x000000000800afec      0x27c BOS\BOS_messaging.o
                0x000000000800afec                SetupDMAStreams
 .text.StreamTimerCallback
                0x000000000800b268       0x34 BOS\BOS_messaging.o
                0x000000000800b268                StreamTimerCallback
 .text.ForwardReceivedMessage
                0x000000000800b29c       0x80 BOS\BOS_messaging.o
                0x000000000800b29c                ForwardReceivedMessage
 .text.BroadcastReceivedMessage
                0x000000000800b31c       0x70 BOS\BOS_messaging.o
                0x000000000800b31c                BroadcastReceivedMessage
 .text.NotifyMessagingTask
                0x000000000800b38c       0x90 BOS\BOS_messaging.o
                0x000000000800b38c                NotifyMessagingTask
 .text.BroadcastMessage
                0x000000000800b41c       0x94 BOS\BOS_messaging.o
                0x000000000800b41c                BroadcastMessage
 .text.SendMessageToModule
                0x000000000800b4b0       0xa4 BOS\BOS_messaging.o
                0x000000000800b4b0                SendMessageToModule
 .text.SendMessageFromPort
                0x000000000800b554      0x6b4 BOS\BOS_messaging.o
                0x000000000800b554                SendMessageFromPort
 .text.StartScastDMAStream
                0x000000000800bc08      0x30c BOS\BOS_messaging.o
                0x000000000800bc08                StartScastDMAStream
 .text.__NVIC_SystemReset
                0x000000000800bf14       0x24 BOS\BOS_msgparser.o
 .text.BackEndTask
                0x000000000800bf38      0x858 BOS\BOS_msgparser.o
                0x000000000800bf38                BackEndTask
 .text.PxMessagingTask
                0x000000000800c790     0x5664 BOS\BOS_msgparser.o
                0x000000000800c790                PxMessagingTask
 .text.User_MessagingParser
                0x0000000008011df4       0x3a BOS\BOS_msgparser.o
                0x0000000008011df4                User_MessagingParser
 *fill*         0x0000000008011e2e        0x2 
 .text.SystemClock_Config
                0x0000000008011e30       0xe8 H3BR7\H3BR7.o
                0x0000000008011e30                SystemClock_Config
 .text.SaveToRO
                0x0000000008011f18      0x40c H3BR7\H3BR7.o
                0x0000000008011f18                SaveToRO
 .text.ClearROtopology
                0x0000000008012324       0x38 H3BR7\H3BR7.o
                0x0000000008012324                ClearROtopology
 .text.remoteBootloaderUpdate
                0x000000000801235c      0x178 H3BR7\H3BR7.o
                0x000000000801235c                remoteBootloaderUpdate
 .text.SetupPortForRemoteBootloaderUpdate
                0x00000000080124d4       0x52 H3BR7\H3BR7.o
                0x00000000080124d4                SetupPortForRemoteBootloaderUpdate
 *fill*         0x0000000008012526        0x2 
 .text.Module_Peripheral_Init
                0x0000000008012528      0x130 H3BR7\H3BR7.o
                0x0000000008012528                Module_Peripheral_Init
 .text.Module_MessagingTask
                0x0000000008012658      0x4ac H3BR7\H3BR7.o
                0x0000000008012658                Module_MessagingTask
 .text.GetPort  0x0000000008012b04       0x6c H3BR7\H3BR7.o
                0x0000000008012b04                GetPort
 .text.RegisterModuleCLICommands
                0x0000000008012b70       0x78 H3BR7\H3BR7.o
                0x0000000008012b70                RegisterModuleCLICommands
 .text.get_number_code
                0x0000000008012be8       0xa8 H3BR7\H3BR7.o
                0x0000000008012be8                get_number_code
 .text.get_letter_code
                0x0000000008012c90      0x248 H3BR7\H3BR7.o
                0x0000000008012c90                get_letter_code
 .text.clear_all_digits
                0x0000000008012ed8       0x54 H3BR7\H3BR7.o
                0x0000000008012ed8                clear_all_digits
 .text.SevenDisplayNumber
                0x0000000008012f2c      0x26c H3BR7\H3BR7.o
                0x0000000008012f2c                SevenDisplayNumber
 .text.SevenDisplayNumberF
                0x0000000008013198      0x494 H3BR7\H3BR7.o
                0x0000000008013198                SevenDisplayNumberF
 .text.SevenDisplayQuantities
                0x000000000801362c      0x42c H3BR7\H3BR7.o
                0x000000000801362c                SevenDisplayQuantities
 .text.SevenDisplayLetter
                0x0000000008013a58       0x60 H3BR7\H3BR7.o
                0x0000000008013a58                SevenDisplayLetter
 .text.SevenDisplaySentence
                0x0000000008013ab8      0x170 H3BR7\H3BR7.o
                0x0000000008013ab8                SevenDisplaySentence
 .text.SevenDisplayMovingSentence
                0x0000000008013c28      0x150 H3BR7\H3BR7.o
                0x0000000008013c28                SevenDisplayMovingSentence
 .text.SevenDisplayOff
                0x0000000008013d78       0x1c H3BR7\H3BR7.o
                0x0000000008013d78                SevenDisplayOff
 .text.SetIndicator
                0x0000000008013d94       0x90 H3BR7\H3BR7.o
                0x0000000008013d94                SetIndicator
 .text.ClearIndicator
                0x0000000008013e24       0x90 H3BR7\H3BR7.o
                0x0000000008013e24                ClearIndicator
 .text.CLI_SevenDisplayNumberCommand
                0x0000000008013eb4       0xe4 H3BR7\H3BR7.o
                0x0000000008013eb4                CLI_SevenDisplayNumberCommand
 .text.CLI_SevenDisplayNumberFCommand
                0x0000000008013f98      0x12c H3BR7\H3BR7.o
                0x0000000008013f98                CLI_SevenDisplayNumberFCommand
 .text.CLI_SevenDisplayQuantitiesCommand
                0x00000000080140c4      0x1a0 H3BR7\H3BR7.o
                0x00000000080140c4                CLI_SevenDisplayQuantitiesCommand
 .text.CLI_SevenDisplayLetterCommand
                0x0000000008014264      0x114 H3BR7\H3BR7.o
                0x0000000008014264                CLI_SevenDisplayLetterCommand
 .text.CLI_SevenDisplaySentenceCommand
                0x0000000008014378       0xe0 H3BR7\H3BR7.o
                0x0000000008014378                CLI_SevenDisplaySentenceCommand
 .text.CLI_SevenDisplayMovingSentenceCommand
                0x0000000008014458       0xb0 H3BR7\H3BR7.o
                0x0000000008014458                CLI_SevenDisplayMovingSentenceCommand
 .text.CLI_SevenDisplayOffCommand
                0x0000000008014508       0x60 H3BR7\H3BR7.o
                0x0000000008014508                CLI_SevenDisplayOffCommand
 .text.CLI_SetIndicatorCommand
                0x0000000008014568       0x98 H3BR7\H3BR7.o
                0x0000000008014568                CLI_SetIndicatorCommand
 .text.CLI_ClearIndicatorCommand
                0x0000000008014600       0x98 H3BR7\H3BR7.o
                0x0000000008014600                CLI_ClearIndicatorCommand
 .text.LL_DMAMUX_SetRequestID
                0x0000000008014698       0x3c H3BR7\H3BR7_dma.o
 .text.DMA_Init
                0x00000000080146d4       0xa8 H3BR7\H3BR7_dma.o
                0x00000000080146d4                DMA_Init
 .text.DMA_MSG_RX_CH_Init
                0x000000000801477c       0x4c H3BR7\H3BR7_dma.o
                0x000000000801477c                DMA_MSG_RX_CH_Init
 .text.DMA_STREAM_CH_Init
                0x00000000080147c8       0x4c H3BR7\H3BR7_dma.o
                0x00000000080147c8                DMA_STREAM_CH_Init
 .text.SetupMessagingRxDMAs
                0x0000000008014814       0x9c H3BR7\H3BR7_dma.o
                0x0000000008014814                SetupMessagingRxDMAs
 .text.DMA_MSG_RX_Setup
                0x00000000080148b0       0x38 H3BR7\H3BR7_dma.o
                0x00000000080148b0                DMA_MSG_RX_Setup
 .text.DMA_MSG_TX_UnSetup
                0x00000000080148e8       0x28 H3BR7\H3BR7_dma.o
                0x00000000080148e8                DMA_MSG_TX_UnSetup
 .text.DMA_STREAM_Setup
                0x0000000008014910       0x68 H3BR7\H3BR7_dma.o
                0x0000000008014910                DMA_STREAM_Setup
 .text.StopStreamDMA
                0x0000000008014978       0x70 H3BR7\H3BR7_dma.o
                0x0000000008014978                StopStreamDMA
 .text.StopMsgDMA
                0x00000000080149e8       0x4c H3BR7\H3BR7_dma.o
                0x00000000080149e8                StopMsgDMA
 .text.SwitchMsgDMAToStream
                0x0000000008014a34       0x50 H3BR7\H3BR7_dma.o
                0x0000000008014a34                SwitchMsgDMAToStream
 .text.SwitchStreamDMAToMsg
                0x0000000008014a84       0xd8 H3BR7\H3BR7_dma.o
                0x0000000008014a84                SwitchStreamDMAToMsg
 .text.UnSetupDMAInterrupts
                0x0000000008014b5c       0xe4 H3BR7\H3BR7_dma.o
                0x0000000008014b5c                UnSetupDMAInterrupts
 .text.RemapAndLinkDMAtoUARTRx
                0x0000000008014c40      0x134 H3BR7\H3BR7_dma.o
                0x0000000008014c40                RemapAndLinkDMAtoUARTRx
 .text.CRC_Init
                0x0000000008014d74       0x44 H3BR7\H3BR7_dma.o
                0x0000000008014d74                CRC_Init
 .text.HAL_CRC_MspInit
                0x0000000008014db8       0x30 H3BR7\H3BR7_dma.o
                0x0000000008014db8                HAL_CRC_MspInit
 .text.CalculateCRC8
                0x0000000008014de8      0x154 H3BR7\H3BR7_dma.o
                0x0000000008014de8                CalculateCRC8
 .text.EE_Init  0x0000000008014f3c      0x680 H3BR7\H3BR7_eeprom.o
                0x0000000008014f3c                EE_Init
 .text.EE_ReadVariable
                0x00000000080155bc       0xc0 H3BR7\H3BR7_eeprom.o
                0x00000000080155bc                EE_ReadVariable
 .text.EE_WriteVariable
                0x000000000801567c       0x64 H3BR7\H3BR7_eeprom.o
                0x000000000801567c                EE_WriteVariable
 .text.EE_Format
                0x00000000080156e0      0x14c H3BR7\H3BR7_eeprom.o
                0x00000000080156e0                EE_Format
 .text.EE_FindValidPage
                0x000000000801582c       0x90 H3BR7\H3BR7_eeprom.o
 .text.EE_VerifyPageFullWriteVariable
                0x00000000080158bc      0x160 H3BR7\H3BR7_eeprom.o
 .text.EE_PageTransfer
                0x0000000008015a1c      0x20c H3BR7\H3BR7_eeprom.o
 .text.EraseSector
                0x0000000008015c28       0x60 H3BR7\H3BR7_eeprom.o
                0x0000000008015c28                EraseSector
 .text.GPIO_Init
                0x0000000008015c88       0x90 H3BR7\H3BR7_gpio.o
                0x0000000008015c88                GPIO_Init
 .text.IND_LED_Init
                0x0000000008015d18       0x38 H3BR7\H3BR7_gpio.o
                0x0000000008015d18                IND_LED_Init
 .text.seven_seg_gpio_init
                0x0000000008015d50      0x130 H3BR7\H3BR7_gpio.o
                0x0000000008015d50                seven_seg_gpio_init
 .text.IsFactoryReset
                0x0000000008015e80      0x15c H3BR7\H3BR7_gpio.o
                0x0000000008015e80                IsFactoryReset
 .text.GetPortGPIOs
                0x0000000008015fdc      0x11c H3BR7\H3BR7_gpio.o
                0x0000000008015fdc                GetPortGPIOs
 .text.buttonPressedCallback
                0x00000000080160f8       0x14 H3BR7\H3BR7_inputs.o
                0x00000000080160f8                buttonPressedCallback
 .text.CheckAttachedButtons
                0x000000000801610c      0x7a8 H3BR7\H3BR7_inputs.o
                0x000000000801610c                CheckAttachedButtons
 .text.CheckForTimedButtonPress
                0x00000000080168b4       0xfc H3BR7\H3BR7_inputs.o
                0x00000000080168b4                CheckForTimedButtonPress
 .text.CheckForTimedButtonRelease
                0x00000000080169b0       0xfc H3BR7\H3BR7_inputs.o
                0x00000000080169b0                CheckForTimedButtonRelease
 .text.AddPortButton
                0x0000000008016aac      0x268 H3BR7\H3BR7_inputs.o
                0x0000000008016aac                AddPortButton
 .text.RemovePortButton
                0x0000000008016d14      0x200 H3BR7\H3BR7_inputs.o
                0x0000000008016d14                RemovePortButton
 .text.SetButtonEvents
                0x0000000008016f14      0x77c H3BR7\H3BR7_inputs.o
                0x0000000008016f14                SetButtonEvents
 .text.MX_ADC_Init
                0x0000000008017690       0x88 H3BR7\H3BR7_inputs.o
                0x0000000008017690                MX_ADC_Init
 .text.HAL_ADC_MspInit
                0x0000000008017718       0xc4 H3BR7\H3BR7_inputs.o
                0x0000000008017718                HAL_ADC_MspInit
 .text.ADCSelectChannel
                0x00000000080177dc       0xac H3BR7\H3BR7_inputs.o
                0x00000000080177dc                ADCSelectChannel
 .text.ReadADCChannel
                0x0000000008017888      0x10c H3BR7\H3BR7_inputs.o
                0x0000000008017888                ReadADCChannel
 .text.ReadTempAndVref
                0x0000000008017994      0x1f0 H3BR7\H3BR7_inputs.o
                0x0000000008017994                ReadTempAndVref
 .text.GetReadPrecentage
                0x0000000008017b84      0x224 H3BR7\H3BR7_inputs.o
                0x0000000008017b84                GetReadPrecentage
 .text.Get_channel
                0x0000000008017da8       0xac H3BR7\H3BR7_inputs.o
                0x0000000008017da8                Get_channel
 .text.Error_Handler
                0x0000000008017e54       0x10 H3BR7\H3BR7_inputs.o
                0x0000000008017e54                Error_Handler
 .text.Get_Rank
                0x0000000008017e64       0xa8 H3BR7\H3BR7_inputs.o
                0x0000000008017e64                Get_Rank
 .text.buttonReleasedCallback
                0x0000000008017f0c       0x14 H3BR7\H3BR7_inputs.o
                0x0000000008017f0c                buttonReleasedCallback
 .text.buttonClickedCallback
                0x0000000008017f20       0x14 H3BR7\H3BR7_inputs.o
                0x0000000008017f20                buttonClickedCallback
 .text.buttonDblClickedCallback
                0x0000000008017f34       0x14 H3BR7\H3BR7_inputs.o
                0x0000000008017f34                buttonDblClickedCallback
 .text.buttonPressedForXCallback
                0x0000000008017f48       0x1a H3BR7\H3BR7_inputs.o
                0x0000000008017f48                buttonPressedForXCallback
 .text.buttonReleasedForYCallback
                0x0000000008017f62       0x1a H3BR7\H3BR7_inputs.o
                0x0000000008017f62                buttonReleasedForYCallback
 .text.__NVIC_SystemReset
                0x0000000008017f7c       0x24 H3BR7\H3BR7_it.o
 .text.SysTick_Handler
                0x0000000008017fa0       0x12 H3BR7\H3BR7_it.o
                0x0000000008017fa0                SysTick_Handler
 *fill*         0x0000000008017fb2        0x2 
 .text.TIM6_DAC_LPTIM1_IRQHandler
                0x0000000008017fb4       0x18 H3BR7\H3BR7_it.o
                0x0000000008017fb4                TIM6_DAC_LPTIM1_IRQHandler
 .text.HAL_TIM_PeriodElapsedCallback
                0x0000000008017fcc      0x2c4 H3BR7\H3BR7_it.o
                0x0000000008017fcc                HAL_TIM_PeriodElapsedCallback
 .text.HardFault_Handler
                0x0000000008018290       0x40 H3BR7\H3BR7_it.o
                0x0000000008018290                HardFault_Handler
 .text.USART1_IRQHandler
                0x00000000080182d0       0x30 H3BR7\H3BR7_it.o
                0x00000000080182d0                USART1_IRQHandler
 .text.USART2_LPUART2_IRQHandler
                0x0000000008018300       0x30 H3BR7\H3BR7_it.o
                0x0000000008018300                USART2_LPUART2_IRQHandler
 .text.USART3_4_5_6_LPUART1_IRQHandler
                0x0000000008018330       0x48 H3BR7\H3BR7_it.o
                0x0000000008018330                USART3_4_5_6_LPUART1_IRQHandler
 .text.HAL_UART_TxCpltCallback
                0x0000000008018378       0x48 H3BR7\H3BR7_it.o
                0x0000000008018378                HAL_UART_TxCpltCallback
 .text.HAL_UART_ErrorCallback
                0x00000000080183c0       0xd4 H3BR7\H3BR7_it.o
                0x00000000080183c0                HAL_UART_ErrorCallback
 .text.HAL_UART_RxCpltCallback
                0x0000000008018494       0x10 H3BR7\H3BR7_it.o
                0x0000000008018494                HAL_UART_RxCpltCallback
 .text.vApplicationStackOverflowHook
                0x00000000080184a4       0x44 H3BR7\H3BR7_it.o
                0x00000000080184a4                vApplicationStackOverflowHook
 .text.vApplicationMallocFailedHook
                0x00000000080184e8       0x40 H3BR7\H3BR7_it.o
                0x00000000080184e8                vApplicationMallocFailedHook
 .text.RTC_Init
                0x0000000008018528       0xc4 H3BR7\H3BR7_rtc.o
                0x0000000008018528                RTC_Init
 .text.RTC_CalendarConfig
                0x00000000080185ec      0x18c H3BR7\H3BR7_rtc.o
                0x00000000080185ec                RTC_CalendarConfig
 .text.BOS_CalendarConfig
                0x0000000008018778      0x128 H3BR7\H3BR7_rtc.o
                0x0000000008018778                BOS_CalendarConfig
 .text.GetTimeDate
                0x00000000080188a0       0x90 H3BR7\H3BR7_rtc.o
                0x00000000080188a0                GetTimeDate
 .text.TIM_USEC_Init
                0x0000000008018930       0x74 H3BR7\H3BR7_timers.o
                0x0000000008018930                TIM_USEC_Init
 .text.TIM_MSEC_Init
                0x00000000080189a4       0x78 H3BR7\H3BR7_timers.o
                0x00000000080189a4                TIM_MSEC_Init
 .text.MX_TIM6_Init
                0x0000000008018a1c       0x88 H3BR7\H3BR7_timers.o
                0x0000000008018a1c                MX_TIM6_Init
 .text.StartMicroDelay
                0x0000000008018aa4       0x48 H3BR7\H3BR7_timers.o
                0x0000000008018aa4                StartMicroDelay
 .text.StartMilliDelay
                0x0000000008018aec       0x48 H3BR7\H3BR7_timers.o
                0x0000000008018aec                StartMilliDelay
 .text.MX_USART1_UART_Init
                0x0000000008018b34       0x7c H3BR7\H3BR7_uart.o
                0x0000000008018b34                MX_USART1_UART_Init
 .text.MX_USART2_UART_Init
                0x0000000008018bb0       0x7c H3BR7\H3BR7_uart.o
                0x0000000008018bb0                MX_USART2_UART_Init
 .text.MX_USART3_UART_Init
                0x0000000008018c2c       0x7c H3BR7\H3BR7_uart.o
                0x0000000008018c2c                MX_USART3_UART_Init
 .text.MX_USART5_UART_Init
                0x0000000008018ca8       0x60 H3BR7\H3BR7_uart.o
                0x0000000008018ca8                MX_USART5_UART_Init
 .text.MX_USART6_UART_Init
                0x0000000008018d08       0x60 H3BR7\H3BR7_uart.o
                0x0000000008018d08                MX_USART6_UART_Init
 .text.HAL_UART_MspInit
                0x0000000008018d68      0x5b0 H3BR7\H3BR7_uart.o
                0x0000000008018d68                HAL_UART_MspInit
 .text.writePxMutex
                0x0000000008019318       0xac H3BR7\H3BR7_uart.o
                0x0000000008019318                writePxMutex
 .text.writePxITMutex
                0x00000000080193c4       0x78 H3BR7\H3BR7_uart.o
                0x00000000080193c4                writePxITMutex
 .text.UpdateBaudrate
                0x000000000801943c       0x3e H3BR7\H3BR7_uart.o
                0x000000000801943c                UpdateBaudrate
 *fill*         0x000000000801947a        0x2 
 .text.GetUart  0x000000000801947c       0x54 H3BR7\H3BR7_uart.o
                0x000000000801947c                GetUart
 .text.SwapUartPins
                0x00000000080194d0       0xd0 H3BR7\H3BR7_uart.o
                0x00000000080194d0                SwapUartPins
 .text.ReadPortsDir
                0x00000000080195a0       0xa8 H3BR7\H3BR7_uart.o
                0x00000000080195a0                ReadPortsDir
 .text.ReadPortsDirMSG
                0x0000000008019648       0x80 H3BR7\H3BR7_uart.o
                0x0000000008019648                ReadPortsDirMSG
 .text.UpdateMyPortsDir
                0x00000000080196c8       0x84 H3BR7\H3BR7_uart.o
                0x00000000080196c8                UpdateMyPortsDir
 .text.Reset_Handler
                0x000000000801974c       0x78 H3BR7\startup_stm32g0b1ceuxn.o
                0x000000000801974c                Reset_Handler
 .text.Default_Handler
                0x00000000080197c4        0x2 H3BR7\startup_stm32g0b1ceuxn.o
                0x00000000080197c4                I2C2_3_IRQHandler
                0x00000000080197c4                TIM1_CC_IRQHandler
                0x00000000080197c4                ADC1_COMP_IRQHandler
                0x00000000080197c4                NMI_Handler
                0x00000000080197c4                I2C1_IRQHandler
                0x00000000080197c4                TIM7_LPTIM2_IRQHandler
                0x00000000080197c4                TIM17_FDCAN_IT1_IRQHandler
                0x00000000080197c4                DMA1_Ch4_7_DMA2_Ch1_5_DMAMUX1_OVR_IRQHandler
                0x00000000080197c4                RCC_CRS_IRQHandler
                0x00000000080197c4                RTC_TAMP_IRQHandler
                0x00000000080197c4                SPI1_IRQHandler
                0x00000000080197c4                USB_UCPD1_2_IRQHandler
                0x00000000080197c4                EXTI2_3_IRQHandler
                0x00000000080197c4                PVD_VDDIO2_IRQHandler
                0x00000000080197c4                EXTI4_15_IRQHandler
                0x00000000080197c4                DMA1_Channel1_IRQHandler
                0x00000000080197c4                Default_Handler
                0x00000000080197c4                CEC_IRQHandler
                0x00000000080197c4                TIM14_IRQHandler
                0x00000000080197c4                TIM15_IRQHandler
                0x00000000080197c4                TIM3_TIM4_IRQHandler
                0x00000000080197c4                EXTI0_1_IRQHandler
                0x00000000080197c4                SPI2_3_IRQHandler
                0x00000000080197c4                WWDG_IRQHandler
                0x00000000080197c4                TIM2_IRQHandler
                0x00000000080197c4                DMA1_Channel2_3_IRQHandler
                0x00000000080197c4                FLASH_IRQHandler
                0x00000000080197c4                TIM16_FDCAN_IT0_IRQHandler
                0x00000000080197c4                TIM1_BRK_UP_TRG_COM_IRQHandler
 .text.SystemInit
                0x00000000080197c6        0xa Thirdparty\CMSIS\STM32G0xx\Device\ST\STM32G0xx\Source\Templates\system_stm32g0xx.o
                0x00000000080197c6                SystemInit
 .text.inHandlerMode
                0x00000000080197d0       0x1c Thirdparty\Middleware\STM32G0xx\FreeRTOS\Source\CMSIS_RTOS\cmsis_os.o
 .text.osKernelStart
                0x00000000080197ec       0x10 Thirdparty\Middleware\STM32G0xx\FreeRTOS\Source\CMSIS_RTOS\cmsis_os.o
                0x00000000080197ec                osKernelStart
 .text.osDelay  0x00000000080197fc       0x28 Thirdparty\Middleware\STM32G0xx\FreeRTOS\Source\CMSIS_RTOS\cmsis_os.o
                0x00000000080197fc                osDelay
 .text.osSemaphoreCreate
                0x0000000008019824       0x4a Thirdparty\Middleware\STM32G0xx\FreeRTOS\Source\CMSIS_RTOS\cmsis_os.o
                0x0000000008019824                osSemaphoreCreate
 *fill*         0x000000000801986e        0x2 
 .text.osSemaphoreWait
                0x0000000008019870       0x94 Thirdparty\Middleware\STM32G0xx\FreeRTOS\Source\CMSIS_RTOS\cmsis_os.o
                0x0000000008019870                osSemaphoreWait
 .text.osSemaphoreRelease
                0x0000000008019904       0x64 Thirdparty\Middleware\STM32G0xx\FreeRTOS\Source\CMSIS_RTOS\cmsis_os.o
                0x0000000008019904                osSemaphoreRelease
 .text.osSystickHandler
                0x0000000008019968       0x18 Thirdparty\Middleware\STM32G0xx\FreeRTOS\Source\CMSIS_RTOS\cmsis_os.o
                0x0000000008019968                osSystickHandler
 .text.FreeRTOS_CLIRegisterCommand
                0x0000000008019980       0x50 Thirdparty\Middleware\STM32G0xx\FreeRTOS\Source\FreeRTOS_CLI.o
                0x0000000008019980                FreeRTOS_CLIRegisterCommand
 .text.FreeRTOS_CLIProcessCommand
                0x00000000080199d0      0x11c Thirdparty\Middleware\STM32G0xx\FreeRTOS\Source\FreeRTOS_CLI.o
                0x00000000080199d0                FreeRTOS_CLIProcessCommand
 .text.FreeRTOS_CLIGetOutputBuffer
                0x0000000008019aec       0x10 Thirdparty\Middleware\STM32G0xx\FreeRTOS\Source\FreeRTOS_CLI.o
                0x0000000008019aec                FreeRTOS_CLIGetOutputBuffer
 .text.FreeRTOS_CLIGetParameter
                0x0000000008019afc       0xbc Thirdparty\Middleware\STM32G0xx\FreeRTOS\Source\FreeRTOS_CLI.o
                0x0000000008019afc                FreeRTOS_CLIGetParameter
 .text.prvHelpCommand
                0x0000000008019bb8      0x154 Thirdparty\Middleware\STM32G0xx\FreeRTOS\Source\FreeRTOS_CLI.o
 .text.prvGetNumberOfParameters
                0x0000000008019d0c       0x7a Thirdparty\Middleware\STM32G0xx\FreeRTOS\Source\FreeRTOS_CLI.o
 .text.vListInitialise
                0x0000000008019d86       0x3c Thirdparty\Middleware\STM32G0xx\FreeRTOS\Source\list.o
                0x0000000008019d86                vListInitialise
 .text.vListInitialiseItem
                0x0000000008019dc2       0x16 Thirdparty\Middleware\STM32G0xx\FreeRTOS\Source\list.o
                0x0000000008019dc2                vListInitialiseItem
 .text.vListInsertEnd
                0x0000000008019dd8       0x44 Thirdparty\Middleware\STM32G0xx\FreeRTOS\Source\list.o
                0x0000000008019dd8                vListInsertEnd
 .text.vListInsert
                0x0000000008019e1c       0x6c Thirdparty\Middleware\STM32G0xx\FreeRTOS\Source\list.o
                0x0000000008019e1c                vListInsert
 .text.uxListRemove
                0x0000000008019e88       0x50 Thirdparty\Middleware\STM32G0xx\FreeRTOS\Source\list.o
                0x0000000008019e88                uxListRemove
 .text.pxPortInitialiseStack
                0x0000000008019ed8       0x54 Thirdparty\Middleware\STM32G0xx\FreeRTOS\Source\portable\GCC\ARM_CM0\port.o
                0x0000000008019ed8                pxPortInitialiseStack
 .text.prvTaskExitError
                0x0000000008019f2c       0x1e Thirdparty\Middleware\STM32G0xx\FreeRTOS\Source\portable\GCC\ARM_CM0\port.o
 .text.SVC_Handler
                0x0000000008019f4a        0xa Thirdparty\Middleware\STM32G0xx\FreeRTOS\Source\portable\GCC\ARM_CM0\port.o
                0x0000000008019f4a                SVC_Handler
 *fill*         0x0000000008019f54        0xc 
 .text.vPortStartFirstTask
                0x0000000008019f60       0x38 Thirdparty\Middleware\STM32G0xx\FreeRTOS\Source\portable\GCC\ARM_CM0\port.o
 .text.xPortStartScheduler
                0x0000000008019f98       0x48 Thirdparty\Middleware\STM32G0xx\FreeRTOS\Source\portable\GCC\ARM_CM0\port.o
                0x0000000008019f98                xPortStartScheduler
 .text.vPortYield
                0x0000000008019fe0       0x20 Thirdparty\Middleware\STM32G0xx\FreeRTOS\Source\portable\GCC\ARM_CM0\port.o
                0x0000000008019fe0                vPortYield
 .text.vPortEnterCritical
                0x000000000801a000       0x24 Thirdparty\Middleware\STM32G0xx\FreeRTOS\Source\portable\GCC\ARM_CM0\port.o
                0x000000000801a000                vPortEnterCritical
 .text.vPortExitCritical
                0x000000000801a024       0x24 Thirdparty\Middleware\STM32G0xx\FreeRTOS\Source\portable\GCC\ARM_CM0\port.o
                0x000000000801a024                vPortExitCritical
 .text.ulSetInterruptMaskFromISR
                0x000000000801a048        0xc Thirdparty\Middleware\STM32G0xx\FreeRTOS\Source\portable\GCC\ARM_CM0\port.o
                0x000000000801a048                ulSetInterruptMaskFromISR
 .text.vClearInterruptMaskFromISR
                0x000000000801a054        0x8 Thirdparty\Middleware\STM32G0xx\FreeRTOS\Source\portable\GCC\ARM_CM0\port.o
                0x000000000801a054                vClearInterruptMaskFromISR
 *fill*         0x000000000801a05c        0x4 
 .text.PendSV_Handler
                0x000000000801a060       0x48 Thirdparty\Middleware\STM32G0xx\FreeRTOS\Source\portable\GCC\ARM_CM0\port.o
                0x000000000801a060                PendSV_Handler
 .text.xPortSysTickHandler
                0x000000000801a0a8       0x34 Thirdparty\Middleware\STM32G0xx\FreeRTOS\Source\portable\GCC\ARM_CM0\port.o
                0x000000000801a0a8                xPortSysTickHandler
 .text.vPortSetupTimerInterrupt
                0x000000000801a0dc       0x44 Thirdparty\Middleware\STM32G0xx\FreeRTOS\Source\portable\GCC\ARM_CM0\port.o
                0x000000000801a0dc                vPortSetupTimerInterrupt
 .text.pvPortMalloc
                0x000000000801a120      0x140 Thirdparty\Middleware\STM32G0xx\FreeRTOS\Source\portable\MemMang\heap_4.o
                0x000000000801a120                pvPortMalloc
 .text.vPortFree
                0x000000000801a260       0x80 Thirdparty\Middleware\STM32G0xx\FreeRTOS\Source\portable\MemMang\heap_4.o
                0x000000000801a260                vPortFree
 .text.prvHeapInit
                0x000000000801a2e0       0xc0 Thirdparty\Middleware\STM32G0xx\FreeRTOS\Source\portable\MemMang\heap_4.o
 .text.prvInsertBlockIntoFreeList
                0x000000000801a3a0       0xb0 Thirdparty\Middleware\STM32G0xx\FreeRTOS\Source\portable\MemMang\heap_4.o
 .text.xQueueGenericReset
                0x000000000801a450       0x9e Thirdparty\Middleware\STM32G0xx\FreeRTOS\Source\queue.o
                0x000000000801a450                xQueueGenericReset
 .text.xQueueGenericCreate
                0x000000000801a4ee       0x52 Thirdparty\Middleware\STM32G0xx\FreeRTOS\Source\queue.o
                0x000000000801a4ee                xQueueGenericCreate
 .text.prvInitialiseNewQueue
                0x000000000801a540       0x4e Thirdparty\Middleware\STM32G0xx\FreeRTOS\Source\queue.o
 .text.xQueueCreateCountingSemaphore
                0x000000000801a58e       0x30 Thirdparty\Middleware\STM32G0xx\FreeRTOS\Source\queue.o
                0x000000000801a58e                xQueueCreateCountingSemaphore
 .text.xQueueGenericSend
                0x000000000801a5be      0x12a Thirdparty\Middleware\STM32G0xx\FreeRTOS\Source\queue.o
                0x000000000801a5be                xQueueGenericSend
 .text.xQueueGenericSendFromISR
                0x000000000801a6e8       0xa6 Thirdparty\Middleware\STM32G0xx\FreeRTOS\Source\queue.o
                0x000000000801a6e8                xQueueGenericSendFromISR
 .text.xQueueGiveFromISR
                0x000000000801a78e       0x96 Thirdparty\Middleware\STM32G0xx\FreeRTOS\Source\queue.o
                0x000000000801a78e                xQueueGiveFromISR
 .text.xQueueReceive
                0x000000000801a824      0x128 Thirdparty\Middleware\STM32G0xx\FreeRTOS\Source\queue.o
                0x000000000801a824                xQueueReceive
 .text.xQueueSemaphoreTake
                0x000000000801a94c      0x178 Thirdparty\Middleware\STM32G0xx\FreeRTOS\Source\queue.o
                0x000000000801a94c                xQueueSemaphoreTake
 .text.xQueueReceiveFromISR
                0x000000000801aac4       0xa0 Thirdparty\Middleware\STM32G0xx\FreeRTOS\Source\queue.o
                0x000000000801aac4                xQueueReceiveFromISR
 .text.prvGetDisinheritPriorityAfterTimeout
                0x000000000801ab64       0x2c Thirdparty\Middleware\STM32G0xx\FreeRTOS\Source\queue.o
 .text.prvCopyDataToQueue
                0x000000000801ab90       0xd6 Thirdparty\Middleware\STM32G0xx\FreeRTOS\Source\queue.o
 .text.prvCopyDataFromQueue
                0x000000000801ac66       0x4c Thirdparty\Middleware\STM32G0xx\FreeRTOS\Source\queue.o
 .text.prvUnlockQueue
                0x000000000801acb2       0xbc Thirdparty\Middleware\STM32G0xx\FreeRTOS\Source\queue.o
 .text.prvIsQueueEmpty
                0x000000000801ad6e       0x2c Thirdparty\Middleware\STM32G0xx\FreeRTOS\Source\queue.o
 .text.prvIsQueueFull
                0x000000000801ad9a       0x30 Thirdparty\Middleware\STM32G0xx\FreeRTOS\Source\queue.o
 *fill*         0x000000000801adca        0x2 
 .text.vQueueAddToRegistry
                0x000000000801adcc       0x50 Thirdparty\Middleware\STM32G0xx\FreeRTOS\Source\queue.o
                0x000000000801adcc                vQueueAddToRegistry
 .text.vQueueWaitForMessageRestricted
                0x000000000801ae1c       0x66 Thirdparty\Middleware\STM32G0xx\FreeRTOS\Source\queue.o
                0x000000000801ae1c                vQueueWaitForMessageRestricted
 .text.xTaskCreate
                0x000000000801ae82       0x90 Thirdparty\Middleware\STM32G0xx\FreeRTOS\Source\tasks.o
                0x000000000801ae82                xTaskCreate
 *fill*         0x000000000801af12        0x2 
 .text.prvInitialiseNewTask
                0x000000000801af14      0x10c Thirdparty\Middleware\STM32G0xx\FreeRTOS\Source\tasks.o
 .text.prvAddNewTaskToReadyList
                0x000000000801b020       0xd0 Thirdparty\Middleware\STM32G0xx\FreeRTOS\Source\tasks.o
 .text.vTaskDelay
                0x000000000801b0f0       0x3a Thirdparty\Middleware\STM32G0xx\FreeRTOS\Source\tasks.o
                0x000000000801b0f0                vTaskDelay
 *fill*         0x000000000801b12a        0x2 
 .text.eTaskGetState
                0x000000000801b12c       0xd0 Thirdparty\Middleware\STM32G0xx\FreeRTOS\Source\tasks.o
                0x000000000801b12c                eTaskGetState
 .text.uxTaskPriorityGet
                0x000000000801b1fc       0x34 Thirdparty\Middleware\STM32G0xx\FreeRTOS\Source\tasks.o
                0x000000000801b1fc                uxTaskPriorityGet
 .text.vTaskPrioritySet
                0x000000000801b230      0x110 Thirdparty\Middleware\STM32G0xx\FreeRTOS\Source\tasks.o
                0x000000000801b230                vTaskPrioritySet
 .text.vTaskStartScheduler
                0x000000000801b340       0x74 Thirdparty\Middleware\STM32G0xx\FreeRTOS\Source\tasks.o
                0x000000000801b340                vTaskStartScheduler
 .text.vTaskSuspendAll
                0x000000000801b3b4       0x18 Thirdparty\Middleware\STM32G0xx\FreeRTOS\Source\tasks.o
                0x000000000801b3b4                vTaskSuspendAll
 .text.xTaskResumeAll
                0x000000000801b3cc      0x10c Thirdparty\Middleware\STM32G0xx\FreeRTOS\Source\tasks.o
                0x000000000801b3cc                xTaskResumeAll
 .text.xTaskGetTickCount
                0x000000000801b4d8       0x1c Thirdparty\Middleware\STM32G0xx\FreeRTOS\Source\tasks.o
                0x000000000801b4d8                xTaskGetTickCount
 .text.xTaskGetTickCountFromISR
                0x000000000801b4f4       0x20 Thirdparty\Middleware\STM32G0xx\FreeRTOS\Source\tasks.o
                0x000000000801b4f4                xTaskGetTickCountFromISR
 .text.uxTaskGetSystemState
                0x000000000801b514      0x120 Thirdparty\Middleware\STM32G0xx\FreeRTOS\Source\tasks.o
                0x000000000801b514                uxTaskGetSystemState
 .text.xTaskIncrementTick
                0x000000000801b634      0x150 Thirdparty\Middleware\STM32G0xx\FreeRTOS\Source\tasks.o
                0x000000000801b634                xTaskIncrementTick
 .text.vTaskSwitchContext
                0x000000000801b784      0x124 Thirdparty\Middleware\STM32G0xx\FreeRTOS\Source\tasks.o
                0x000000000801b784                vTaskSwitchContext
 .text.vTaskPlaceOnEventList
                0x000000000801b8a8       0x34 Thirdparty\Middleware\STM32G0xx\FreeRTOS\Source\tasks.o
                0x000000000801b8a8                vTaskPlaceOnEventList
 .text.vTaskPlaceOnEventListRestricted
                0x000000000801b8dc       0x44 Thirdparty\Middleware\STM32G0xx\FreeRTOS\Source\tasks.o
                0x000000000801b8dc                vTaskPlaceOnEventListRestricted
 .text.xTaskRemoveFromEventList
                0x000000000801b920       0xb0 Thirdparty\Middleware\STM32G0xx\FreeRTOS\Source\tasks.o
                0x000000000801b920                xTaskRemoveFromEventList
 .text.vTaskInternalSetTimeOutState
                0x000000000801b9d0       0x28 Thirdparty\Middleware\STM32G0xx\FreeRTOS\Source\tasks.o
                0x000000000801b9d0                vTaskInternalSetTimeOutState
 .text.xTaskCheckForTimeOut
                0x000000000801b9f8       0x8c Thirdparty\Middleware\STM32G0xx\FreeRTOS\Source\tasks.o
                0x000000000801b9f8                xTaskCheckForTimeOut
 .text.vTaskMissedYield
                0x000000000801ba84       0x14 Thirdparty\Middleware\STM32G0xx\FreeRTOS\Source\tasks.o
                0x000000000801ba84                vTaskMissedYield
 .text.prvIdleTask
                0x000000000801ba98       0x20 Thirdparty\Middleware\STM32G0xx\FreeRTOS\Source\tasks.o
 .text.prvInitialiseTaskLists
                0x000000000801bab8       0x88 Thirdparty\Middleware\STM32G0xx\FreeRTOS\Source\tasks.o
 .text.prvCheckTasksWaitingTermination
                0x000000000801bb40       0x5c Thirdparty\Middleware\STM32G0xx\FreeRTOS\Source\tasks.o
 .text.vTaskGetInfo
                0x000000000801bb9c       0xd8 Thirdparty\Middleware\STM32G0xx\FreeRTOS\Source\tasks.o
                0x000000000801bb9c                vTaskGetInfo
 .text.prvListTasksWithinSingleList
                0x000000000801bc74       0xa6 Thirdparty\Middleware\STM32G0xx\FreeRTOS\Source\tasks.o
 .text.prvTaskCheckFreeStackSpace
                0x000000000801bd1a       0x34 Thirdparty\Middleware\STM32G0xx\FreeRTOS\Source\tasks.o
 .text.prvDeleteTCB
                0x000000000801bd4e       0x22 Thirdparty\Middleware\STM32G0xx\FreeRTOS\Source\tasks.o
 .text.prvResetNextTaskUnblockTime
                0x000000000801bd70       0x3c Thirdparty\Middleware\STM32G0xx\FreeRTOS\Source\tasks.o
 .text.xTaskGetSchedulerState
                0x000000000801bdac       0x38 Thirdparty\Middleware\STM32G0xx\FreeRTOS\Source\tasks.o
                0x000000000801bdac                xTaskGetSchedulerState
 .text.xTaskPriorityInherit
                0x000000000801bde4       0xd0 Thirdparty\Middleware\STM32G0xx\FreeRTOS\Source\tasks.o
                0x000000000801bde4                xTaskPriorityInherit
 .text.xTaskPriorityDisinherit
                0x000000000801beb4       0x98 Thirdparty\Middleware\STM32G0xx\FreeRTOS\Source\tasks.o
                0x000000000801beb4                xTaskPriorityDisinherit
 .text.vTaskPriorityDisinheritAfterTimeout
                0x000000000801bf4c       0xc0 Thirdparty\Middleware\STM32G0xx\FreeRTOS\Source\tasks.o
                0x000000000801bf4c                vTaskPriorityDisinheritAfterTimeout
 .text.prvWriteNameToBuffer
                0x000000000801c00c       0x52 Thirdparty\Middleware\STM32G0xx\FreeRTOS\Source\tasks.o
 *fill*         0x000000000801c05e        0x2 
 .text.vTaskList
                0x000000000801c060      0x14c Thirdparty\Middleware\STM32G0xx\FreeRTOS\Source\tasks.o
                0x000000000801c060                vTaskList
 .text.vTaskGetRunTimeStats
                0x000000000801c1ac      0x118 Thirdparty\Middleware\STM32G0xx\FreeRTOS\Source\tasks.o
                0x000000000801c1ac                vTaskGetRunTimeStats
 .text.pvTaskIncrementMutexHeldCount
                0x000000000801c2c4       0x24 Thirdparty\Middleware\STM32G0xx\FreeRTOS\Source\tasks.o
                0x000000000801c2c4                pvTaskIncrementMutexHeldCount
 .text.ulTaskNotifyTake
                0x000000000801c2e8       0x84 Thirdparty\Middleware\STM32G0xx\FreeRTOS\Source\tasks.o
                0x000000000801c2e8                ulTaskNotifyTake
 .text.xTaskGenericNotify
                0x000000000801c36c      0x104 Thirdparty\Middleware\STM32G0xx\FreeRTOS\Source\tasks.o
                0x000000000801c36c                xTaskGenericNotify
 .text.xTaskGenericNotifyFromISR
                0x000000000801c470      0x140 Thirdparty\Middleware\STM32G0xx\FreeRTOS\Source\tasks.o
                0x000000000801c470                xTaskGenericNotifyFromISR
 .text.prvAddCurrentTaskToDelayedList
                0x000000000801c5b0       0xa8 Thirdparty\Middleware\STM32G0xx\FreeRTOS\Source\tasks.o
 .text.xTimerCreateTimerTask
                0x000000000801c658       0x4c Thirdparty\Middleware\STM32G0xx\FreeRTOS\Source\timers.o
                0x000000000801c658                xTimerCreateTimerTask
 .text.xTimerCreate
                0x000000000801c6a4       0x46 Thirdparty\Middleware\STM32G0xx\FreeRTOS\Source\timers.o
                0x000000000801c6a4                xTimerCreate
 .text.prvInitialiseNewTimer
                0x000000000801c6ea       0x5a Thirdparty\Middleware\STM32G0xx\FreeRTOS\Source\timers.o
 .text.xTimerGenericCommand
                0x000000000801c744       0x8c Thirdparty\Middleware\STM32G0xx\FreeRTOS\Source\timers.o
                0x000000000801c744                xTimerGenericCommand
 .text.prvProcessExpiredTimer
                0x000000000801c7d0       0x80 Thirdparty\Middleware\STM32G0xx\FreeRTOS\Source\timers.o
 .text.prvTimerTask
                0x000000000801c850       0x28 Thirdparty\Middleware\STM32G0xx\FreeRTOS\Source\timers.o
 .text.prvProcessTimerOrBlockTask
                0x000000000801c878       0x90 Thirdparty\Middleware\STM32G0xx\FreeRTOS\Source\timers.o
 .text.prvGetNextExpireTime
                0x000000000801c908       0x44 Thirdparty\Middleware\STM32G0xx\FreeRTOS\Source\timers.o
 .text.prvSampleTimeNow
                0x000000000801c94c       0x40 Thirdparty\Middleware\STM32G0xx\FreeRTOS\Source\timers.o
 .text.prvInsertTimerInActiveList
                0x000000000801c98c       0x84 Thirdparty\Middleware\STM32G0xx\FreeRTOS\Source\timers.o
 .text.prvProcessReceivedCommands
                0x000000000801ca10      0x16c Thirdparty\Middleware\STM32G0xx\FreeRTOS\Source\timers.o
 .text.prvSwitchTimerLists
                0x000000000801cb7c       0xb0 Thirdparty\Middleware\STM32G0xx\FreeRTOS\Source\timers.o
 .text.prvCheckForValidListAndQueue
                0x000000000801cc2c       0x74 Thirdparty\Middleware\STM32G0xx\FreeRTOS\Source\timers.o
 .text.pvTimerGetTimerID
                0x000000000801cca0       0x24 Thirdparty\Middleware\STM32G0xx\FreeRTOS\Source\timers.o
                0x000000000801cca0                pvTimerGetTimerID
 .text.HAL_Init
                0x000000000801ccc4       0x40 Thirdparty\STM32G0xx_HAL_Driver\Src\stm32g0xx_hal.o
                0x000000000801ccc4                HAL_Init
 .text.HAL_InitTick
                0x000000000801cd04       0x94 Thirdparty\STM32G0xx_HAL_Driver\Src\stm32g0xx_hal.o
                0x000000000801cd04                HAL_InitTick
 .text.HAL_IncTick
                0x000000000801cd98       0x24 Thirdparty\STM32G0xx_HAL_Driver\Src\stm32g0xx_hal.o
                0x000000000801cd98                HAL_IncTick
 .text.HAL_GetTick
                0x000000000801cdbc       0x14 Thirdparty\STM32G0xx_HAL_Driver\Src\stm32g0xx_hal.o
                0x000000000801cdbc                HAL_GetTick
 .text.HAL_Delay
                0x000000000801cdd0       0x48 Thirdparty\STM32G0xx_HAL_Driver\Src\stm32g0xx_hal.o
                0x000000000801cdd0                HAL_Delay
 .text.HAL_GetREVID
                0x000000000801ce18       0x18 Thirdparty\STM32G0xx_HAL_Driver\Src\stm32g0xx_hal.o
                0x000000000801ce18                HAL_GetREVID
 .text.HAL_GetDEVID
                0x000000000801ce30       0x18 Thirdparty\STM32G0xx_HAL_Driver\Src\stm32g0xx_hal.o
                0x000000000801ce30                HAL_GetDEVID
 .text.LL_ADC_SetCommonPathInternalCh
                0x000000000801ce48       0x28 Thirdparty\STM32G0xx_HAL_Driver\Src\stm32g0xx_hal_adc.o
 .text.LL_ADC_GetCommonPathInternalCh
                0x000000000801ce70       0x1a Thirdparty\STM32G0xx_HAL_Driver\Src\stm32g0xx_hal_adc.o
 .text.LL_ADC_SetSamplingTimeCommonChannels
                0x000000000801ce8a       0x3a Thirdparty\STM32G0xx_HAL_Driver\Src\stm32g0xx_hal_adc.o
 .text.LL_ADC_GetSamplingTimeCommonChannels
                0x000000000801cec4       0x2e Thirdparty\STM32G0xx_HAL_Driver\Src\stm32g0xx_hal_adc.o
 .text.LL_ADC_REG_IsTriggerSourceSWStart
                0x000000000801cef2       0x22 Thirdparty\STM32G0xx_HAL_Driver\Src\stm32g0xx_hal_adc.o
 .text.LL_ADC_REG_SetSequencerRanks
                0x000000000801cf14       0x40 Thirdparty\STM32G0xx_HAL_Driver\Src\stm32g0xx_hal_adc.o
 .text.LL_ADC_REG_SetSequencerChAdd
                0x000000000801cf54       0x22 Thirdparty\STM32G0xx_HAL_Driver\Src\stm32g0xx_hal_adc.o
 .text.LL_ADC_REG_SetSequencerChRem
                0x000000000801cf76       0x24 Thirdparty\STM32G0xx_HAL_Driver\Src\stm32g0xx_hal_adc.o
 *fill*         0x000000000801cf9a        0x2 
 .text.LL_ADC_SetChannelSamplingTime
                0x000000000801cf9c       0x38 Thirdparty\STM32G0xx_HAL_Driver\Src\stm32g0xx_hal_adc.o
 .text.LL_ADC_EnableInternalRegulator
                0x000000000801cfd4       0x28 Thirdparty\STM32G0xx_HAL_Driver\Src\stm32g0xx_hal_adc.o
 .text.LL_ADC_IsInternalRegulatorEnabled
                0x000000000801cffc       0x28 Thirdparty\STM32G0xx_HAL_Driver\Src\stm32g0xx_hal_adc.o
 .text.LL_ADC_Enable
                0x000000000801d024       0x24 Thirdparty\STM32G0xx_HAL_Driver\Src\stm32g0xx_hal_adc.o
 .text.LL_ADC_Disable
                0x000000000801d048       0x24 Thirdparty\STM32G0xx_HAL_Driver\Src\stm32g0xx_hal_adc.o
 .text.LL_ADC_IsEnabled
                0x000000000801d06c       0x22 Thirdparty\STM32G0xx_HAL_Driver\Src\stm32g0xx_hal_adc.o
 .text.LL_ADC_IsDisableOngoing
                0x000000000801d08e       0x22 Thirdparty\STM32G0xx_HAL_Driver\Src\stm32g0xx_hal_adc.o
 .text.LL_ADC_REG_StartConversion
                0x000000000801d0b0       0x24 Thirdparty\STM32G0xx_HAL_Driver\Src\stm32g0xx_hal_adc.o
 .text.LL_ADC_REG_StopConversion
                0x000000000801d0d4       0x24 Thirdparty\STM32G0xx_HAL_Driver\Src\stm32g0xx_hal_adc.o
 .text.LL_ADC_REG_IsConversionOngoing
                0x000000000801d0f8       0x22 Thirdparty\STM32G0xx_HAL_Driver\Src\stm32g0xx_hal_adc.o
 *fill*         0x000000000801d11a        0x2 
 .text.HAL_ADC_Init
                0x000000000801d11c      0x350 Thirdparty\STM32G0xx_HAL_Driver\Src\stm32g0xx_hal_adc.o
                0x000000000801d11c                HAL_ADC_Init
 .text.HAL_ADC_Start
                0x000000000801d46c       0x9c Thirdparty\STM32G0xx_HAL_Driver\Src\stm32g0xx_hal_adc.o
                0x000000000801d46c                HAL_ADC_Start
 .text.HAL_ADC_Stop
                0x000000000801d508       0x78 Thirdparty\STM32G0xx_HAL_Driver\Src\stm32g0xx_hal_adc.o
                0x000000000801d508                HAL_ADC_Stop
 .text.HAL_ADC_PollForConversion
                0x000000000801d580      0x128 Thirdparty\STM32G0xx_HAL_Driver\Src\stm32g0xx_hal_adc.o
                0x000000000801d580                HAL_ADC_PollForConversion
 .text.HAL_ADC_GetValue
                0x000000000801d6a8       0x16 Thirdparty\STM32G0xx_HAL_Driver\Src\stm32g0xx_hal_adc.o
                0x000000000801d6a8                HAL_ADC_GetValue
 *fill*         0x000000000801d6be        0x2 
 .text.HAL_ADC_ConfigChannel
                0x000000000801d6c0      0x3b0 Thirdparty\STM32G0xx_HAL_Driver\Src\stm32g0xx_hal_adc.o
                0x000000000801d6c0                HAL_ADC_ConfigChannel
 .text.ADC_ConversionStop
                0x000000000801da70       0x84 Thirdparty\STM32G0xx_HAL_Driver\Src\stm32g0xx_hal_adc.o
                0x000000000801da70                ADC_ConversionStop
 .text.ADC_Enable
                0x000000000801daf4      0x10c Thirdparty\STM32G0xx_HAL_Driver\Src\stm32g0xx_hal_adc.o
                0x000000000801daf4                ADC_Enable
 .text.ADC_Disable
                0x000000000801dc00       0xbc Thirdparty\STM32G0xx_HAL_Driver\Src\stm32g0xx_hal_adc.o
                0x000000000801dc00                ADC_Disable
 .text.__NVIC_EnableIRQ
                0x000000000801dcbc       0x34 Thirdparty\STM32G0xx_HAL_Driver\Src\stm32g0xx_hal_cortex.o
 .text.__NVIC_DisableIRQ
                0x000000000801dcf0       0x44 Thirdparty\STM32G0xx_HAL_Driver\Src\stm32g0xx_hal_cortex.o
 .text.__NVIC_SetPriority
                0x000000000801dd34       0xdc Thirdparty\STM32G0xx_HAL_Driver\Src\stm32g0xx_hal_cortex.o
 .text.SysTick_Config
                0x000000000801de10       0x48 Thirdparty\STM32G0xx_HAL_Driver\Src\stm32g0xx_hal_cortex.o
 .text.HAL_NVIC_SetPriority
                0x000000000801de58       0x2a Thirdparty\STM32G0xx_HAL_Driver\Src\stm32g0xx_hal_cortex.o
                0x000000000801de58                HAL_NVIC_SetPriority
 .text.HAL_NVIC_EnableIRQ
                0x000000000801de82       0x20 Thirdparty\STM32G0xx_HAL_Driver\Src\stm32g0xx_hal_cortex.o
                0x000000000801de82                HAL_NVIC_EnableIRQ
 .text.HAL_NVIC_DisableIRQ
                0x000000000801dea2       0x20 Thirdparty\STM32G0xx_HAL_Driver\Src\stm32g0xx_hal_cortex.o
                0x000000000801dea2                HAL_NVIC_DisableIRQ
 .text.HAL_SYSTICK_Config
                0x000000000801dec2       0x1a Thirdparty\STM32G0xx_HAL_Driver\Src\stm32g0xx_hal_cortex.o
                0x000000000801dec2                HAL_SYSTICK_Config
 .text.HAL_CRC_Init
                0x000000000801dedc       0xcc Thirdparty\STM32G0xx_HAL_Driver\Src\stm32g0xx_hal_crc.o
                0x000000000801dedc                HAL_CRC_Init
 .text.HAL_CRC_Accumulate
                0x000000000801dfa8       0x8e Thirdparty\STM32G0xx_HAL_Driver\Src\stm32g0xx_hal_crc.o
                0x000000000801dfa8                HAL_CRC_Accumulate
 .text.HAL_CRC_Calculate
                0x000000000801e036       0x9e Thirdparty\STM32G0xx_HAL_Driver\Src\stm32g0xx_hal_crc.o
                0x000000000801e036                HAL_CRC_Calculate
 .text.CRC_Handle_8
                0x000000000801e0d4      0x122 Thirdparty\STM32G0xx_HAL_Driver\Src\stm32g0xx_hal_crc.o
 .text.CRC_Handle_16
                0x000000000801e1f6       0x6e Thirdparty\STM32G0xx_HAL_Driver\Src\stm32g0xx_hal_crc.o
 .text.HAL_CRCEx_Polynomial_Set
                0x000000000801e264       0xda Thirdparty\STM32G0xx_HAL_Driver\Src\stm32g0xx_hal_crc_ex.o
                0x000000000801e264                HAL_CRCEx_Polynomial_Set
 *fill*         0x000000000801e33e        0x2 
 .text.HAL_DMA_Init
                0x000000000801e340      0x158 Thirdparty\STM32G0xx_HAL_Driver\Src\stm32g0xx_hal_dma.o
                0x000000000801e340                HAL_DMA_Init
 .text.HAL_DMA_Start_IT
                0x000000000801e498      0x10c Thirdparty\STM32G0xx_HAL_Driver\Src\stm32g0xx_hal_dma.o
                0x000000000801e498                HAL_DMA_Start_IT
 .text.HAL_DMA_Abort
                0x000000000801e5a4       0xc0 Thirdparty\STM32G0xx_HAL_Driver\Src\stm32g0xx_hal_dma.o
                0x000000000801e5a4                HAL_DMA_Abort
 .text.HAL_DMA_Abort_IT
                0x000000000801e664       0xd0 Thirdparty\STM32G0xx_HAL_Driver\Src\stm32g0xx_hal_dma.o
                0x000000000801e664                HAL_DMA_Abort_IT
 .text.HAL_DMA_GetError
                0x000000000801e734       0x14 Thirdparty\STM32G0xx_HAL_Driver\Src\stm32g0xx_hal_dma.o
                0x000000000801e734                HAL_DMA_GetError
 .text.DMA_SetConfig
                0x000000000801e748       0x78 Thirdparty\STM32G0xx_HAL_Driver\Src\stm32g0xx_hal_dma.o
 .text.DMA_CalcDMAMUXChannelBaseAndMask
                0x000000000801e7c0       0x94 Thirdparty\STM32G0xx_HAL_Driver\Src\stm32g0xx_hal_dma.o
 .text.DMA_CalcDMAMUXRequestGenBaseAndMask
                0x000000000801e854       0x48 Thirdparty\STM32G0xx_HAL_Driver\Src\stm32g0xx_hal_dma.o
 .text.HAL_FLASH_Program
                0x000000000801e89c       0x9c Thirdparty\STM32G0xx_HAL_Driver\Src\stm32g0xx_hal_flash.o
                0x000000000801e89c                HAL_FLASH_Program
 .text.HAL_FLASH_Unlock
                0x000000000801e938       0x48 Thirdparty\STM32G0xx_HAL_Driver\Src\stm32g0xx_hal_flash.o
                0x000000000801e938                HAL_FLASH_Unlock
 .text.HAL_FLASH_Lock
                0x000000000801e980       0x38 Thirdparty\STM32G0xx_HAL_Driver\Src\stm32g0xx_hal_flash.o
                0x000000000801e980                HAL_FLASH_Lock
 .text.FLASH_WaitForLastOperation
                0x000000000801e9b8       0x9c Thirdparty\STM32G0xx_HAL_Driver\Src\stm32g0xx_hal_flash.o
                0x000000000801e9b8                FLASH_WaitForLastOperation
 .text.FLASH_Program_DoubleWord
                0x000000000801ea54       0x40 Thirdparty\STM32G0xx_HAL_Driver\Src\stm32g0xx_hal_flash.o
 .text.HAL_FLASHEx_Erase
                0x000000000801ea94       0xe0 Thirdparty\STM32G0xx_HAL_Driver\Src\stm32g0xx_hal_flash_ex.o
                0x000000000801ea94                HAL_FLASHEx_Erase
 .text.FLASH_MassErase
                0x000000000801eb74       0x28 Thirdparty\STM32G0xx_HAL_Driver\Src\stm32g0xx_hal_flash_ex.o
 .text.FLASH_PageErase
                0x000000000801eb9c      0x198 Thirdparty\STM32G0xx_HAL_Driver\Src\stm32g0xx_hal_flash_ex.o
                0x000000000801eb9c                FLASH_PageErase
 .text.HAL_GPIO_Init
                0x000000000801ed34      0x2d8 Thirdparty\STM32G0xx_HAL_Driver\Src\stm32g0xx_hal_gpio.o
                0x000000000801ed34                HAL_GPIO_Init
 .text.HAL_GPIO_DeInit
                0x000000000801f00c      0x1b0 Thirdparty\STM32G0xx_HAL_Driver\Src\stm32g0xx_hal_gpio.o
                0x000000000801f00c                HAL_GPIO_DeInit
 .text.HAL_GPIO_ReadPin
                0x000000000801f1bc       0x3a Thirdparty\STM32G0xx_HAL_Driver\Src\stm32g0xx_hal_gpio.o
                0x000000000801f1bc                HAL_GPIO_ReadPin
 .text.HAL_GPIO_WritePin
                0x000000000801f1f6       0x3a Thirdparty\STM32G0xx_HAL_Driver\Src\stm32g0xx_hal_gpio.o
                0x000000000801f1f6                HAL_GPIO_WritePin
 .text.HAL_GPIO_TogglePin
                0x000000000801f230       0x36 Thirdparty\STM32G0xx_HAL_Driver\Src\stm32g0xx_hal_gpio.o
                0x000000000801f230                HAL_GPIO_TogglePin
 .text.HAL_MspInit
                0x000000000801f266        0xa Thirdparty\STM32G0xx_HAL_Driver\Src\stm32g0xx_hal_msp_template.o
                0x000000000801f266                HAL_MspInit
 .text.HAL_PWR_EnableWakeUpPin
                0x000000000801f270       0x40 Thirdparty\STM32G0xx_HAL_Driver\Src\stm32g0xx_hal_pwr.o
                0x000000000801f270                HAL_PWR_EnableWakeUpPin
 .text.HAL_PWR_DisableWakeUpPin
                0x000000000801f2b0       0x28 Thirdparty\STM32G0xx_HAL_Driver\Src\stm32g0xx_hal_pwr.o
                0x000000000801f2b0                HAL_PWR_DisableWakeUpPin
 .text.HAL_PWR_EnterSTOPMode
                0x000000000801f2d8       0x70 Thirdparty\STM32G0xx_HAL_Driver\Src\stm32g0xx_hal_pwr.o
                0x000000000801f2d8                HAL_PWR_EnterSTOPMode
 .text.HAL_PWR_EnterSTANDBYMode
                0x000000000801f348       0x34 Thirdparty\STM32G0xx_HAL_Driver\Src\stm32g0xx_hal_pwr.o
                0x000000000801f348                HAL_PWR_EnterSTANDBYMode
 .text.HAL_PWREx_EnableSRAMRetention
                0x000000000801f37c       0x1c Thirdparty\STM32G0xx_HAL_Driver\Src\stm32g0xx_hal_pwr_ex.o
                0x000000000801f37c                HAL_PWREx_EnableSRAMRetention
 .text.HAL_PWREx_ControlVoltageScaling
                0x000000000801f398       0x80 Thirdparty\STM32G0xx_HAL_Driver\Src\stm32g0xx_hal_pwr_ex.o
                0x000000000801f398                HAL_PWREx_ControlVoltageScaling
 .text.LL_RCC_GetAPB1Prescaler
                0x000000000801f418       0x18 Thirdparty\STM32G0xx_HAL_Driver\Src\stm32g0xx_hal_rcc.o
 .text.HAL_RCC_OscConfig
                0x000000000801f430      0x6c0 Thirdparty\STM32G0xx_HAL_Driver\Src\stm32g0xx_hal_rcc.o
                0x000000000801f430                HAL_RCC_OscConfig
 .text.HAL_RCC_ClockConfig
                0x000000000801faf0      0x210 Thirdparty\STM32G0xx_HAL_Driver\Src\stm32g0xx_hal_rcc.o
                0x000000000801faf0                HAL_RCC_ClockConfig
 .text.HAL_RCC_GetSysClockFreq
                0x000000000801fd00      0x104 Thirdparty\STM32G0xx_HAL_Driver\Src\stm32g0xx_hal_rcc.o
                0x000000000801fd00                HAL_RCC_GetSysClockFreq
 .text.HAL_RCC_GetHCLKFreq
                0x000000000801fe04       0x14 Thirdparty\STM32G0xx_HAL_Driver\Src\stm32g0xx_hal_rcc.o
                0x000000000801fe04                HAL_RCC_GetHCLKFreq
 .text.HAL_RCC_GetPCLK1Freq
                0x000000000801fe18       0x2c Thirdparty\STM32G0xx_HAL_Driver\Src\stm32g0xx_hal_rcc.o
                0x000000000801fe18                HAL_RCC_GetPCLK1Freq
 .text.HAL_RCCEx_PeriphCLKConfig
                0x000000000801fe44      0x478 Thirdparty\STM32G0xx_HAL_Driver\Src\stm32g0xx_hal_rcc_ex.o
                0x000000000801fe44                HAL_RCCEx_PeriphCLKConfig
 .text.HAL_RTC_Init
                0x00000000080202bc      0x144 Thirdparty\STM32G0xx_HAL_Driver\Src\stm32g0xx_hal_rtc.o
                0x00000000080202bc                HAL_RTC_Init
 .text.HAL_RTC_MspInit
                0x0000000008020400       0x10 Thirdparty\STM32G0xx_HAL_Driver\Src\stm32g0xx_hal_rtc.o
                0x0000000008020400                HAL_RTC_MspInit
 .text.HAL_RTC_SetTime
                0x0000000008020410      0x150 Thirdparty\STM32G0xx_HAL_Driver\Src\stm32g0xx_hal_rtc.o
                0x0000000008020410                HAL_RTC_SetTime
 .text.HAL_RTC_GetTime
                0x0000000008020560       0xb8 Thirdparty\STM32G0xx_HAL_Driver\Src\stm32g0xx_hal_rtc.o