Archive member included to satisfy reference by file (symbol)

C:/ST/STM32CubeIDE_1.14.1/STM32CubeIDE/plugins/com.st.stm32cube.ide.mcu.externaltools.gnu-tools-for-stm32.11.3.rel1.win32_1.1.100.202309141235/tools/bin/../lib/gcc/arm-none-eabi/11.3.1/../../../../arm-none-eabi/lib/thumb/v6-m/nofp\libc.a(libc_a-atof.o)
                              BOS\BOS_CLI.o (atof)
C:/ST/STM32CubeIDE_1.14.1/STM32CubeIDE/plugins/com.st.stm32cube.ide.mcu.externaltools.gnu-tools-for-stm32.11.3.rel1.win32_1.1.100.202309141235/tools/bin/../lib/gcc/arm-none-eabi/11.3.1/../../../../arm-none-eabi/lib/thumb/v6-m/nofp\libc.a(libc_a-atoi.o)
                              BOS\BOS_CLI.o (atoi)
C:/ST/STM32CubeIDE_1.14.1/STM32CubeIDE/plugins/com.st.stm32cube.ide.mcu.externaltools.gnu-tools-for-stm32.11.3.rel1.win32_1.1.100.202309141235/tools/bin/../lib/gcc/arm-none-eabi/11.3.1/../../../../arm-none-eabi/lib/thumb/v6-m/nofp\libc.a(libc_a-atol.o)
                              BOS\BOS.o (atol)
C:/ST/STM32CubeIDE_1.14.1/STM32CubeIDE/plugins/com.st.stm32cube.ide.mcu.externaltools.gnu-tools-for-stm32.11.3.rel1.win32_1.1.100.202309141235/tools/bin/../lib/gcc/arm-none-eabi/11.3.1/../../../../arm-none-eabi/lib/thumb/v6-m/nofp\libc.a(libc_a-exit.o)
                              C:/ST/STM32CubeIDE_1.14.1/STM32CubeIDE/plugins/com.st.stm32cube.ide.mcu.externaltools.gnu-tools-for-stm32.11.3.rel1.win32_1.1.100.202309141235/tools/bin/../lib/gcc/arm-none-eabi/11.3.1/../../../../arm-none-eabi/lib/thumb/v6-m/nofp/crt0.o (exit)
C:/ST/STM32CubeIDE_1.14.1/STM32CubeIDE/plugins/com.st.stm32cube.ide.mcu.externaltools.gnu-tools-for-stm32.11.3.rel1.win32_1.1.100.202309141235/tools/bin/../lib/gcc/arm-none-eabi/11.3.1/../../../../arm-none-eabi/lib/thumb/v6-m/nofp\libc.a(libc_a-malloc.o)
                              BOS\BOS.o (malloc)
C:/ST/STM32CubeIDE_1.14.1/STM32CubeIDE/plugins/com.st.stm32cube.ide.mcu.externaltools.gnu-tools-for-stm32.11.3.rel1.win32_1.1.100.202309141235/tools/bin/../lib/gcc/arm-none-eabi/11.3.1/../../../../arm-none-eabi/lib/thumb/v6-m/nofp\libc.a(libc_a-mallocr.o)
                              C:/ST/STM32CubeIDE_1.14.1/STM32CubeIDE/plugins/com.st.stm32cube.ide.mcu.externaltools.gnu-tools-for-stm32.11.3.rel1.win32_1.1.100.202309141235/tools/bin/../lib/gcc/arm-none-eabi/11.3.1/../../../../arm-none-eabi/lib/thumb/v6-m/nofp\libc.a(libc_a-malloc.o) (_malloc_r)
C:/ST/STM32CubeIDE_1.14.1/STM32CubeIDE/plugins/com.st.stm32cube.ide.mcu.externaltools.gnu-tools-for-stm32.11.3.rel1.win32_1.1.100.202309141235/tools/bin/../lib/gcc/arm-none-eabi/11.3.1/../../../../arm-none-eabi/lib/thumb/v6-m/nofp\libc.a(libc_a-mlock.o)
                              C:/ST/STM32CubeIDE_1.14.1/STM32CubeIDE/plugins/com.st.stm32cube.ide.mcu.externaltools.gnu-tools-for-stm32.11.3.rel1.win32_1.1.100.202309141235/tools/bin/../lib/gcc/arm-none-eabi/11.3.1/../../../../arm-none-eabi/lib/thumb/v6-m/nofp\libc.a(libc_a-mallocr.o) (__malloc_lock)
C:/ST/STM32CubeIDE_1.14.1/STM32CubeIDE/plugins/com.st.stm32cube.ide.mcu.externaltools.gnu-tools-for-stm32.11.3.rel1.win32_1.1.100.202309141235/tools/bin/../lib/gcc/arm-none-eabi/11.3.1/../../../../arm-none-eabi/lib/thumb/v6-m/nofp\libc.a(libc_a-rand.o)
                              BOS\BOS_CLIcommands.o (rand)
C:/ST/STM32CubeIDE_1.14.1/STM32CubeIDE/plugins/com.st.stm32cube.ide.mcu.externaltools.gnu-tools-for-stm32.11.3.rel1.win32_1.1.100.202309141235/tools/bin/../lib/gcc/arm-none-eabi/11.3.1/../../../../arm-none-eabi/lib/thumb/v6-m/nofp\libc.a(libc_a-realloc.o)
                              BOS\BOS_CLI.o (realloc)
C:/ST/STM32CubeIDE_1.14.1/STM32CubeIDE/plugins/com.st.stm32cube.ide.mcu.externaltools.gnu-tools-for-stm32.11.3.rel1.win32_1.1.100.202309141235/tools/bin/../lib/gcc/arm-none-eabi/11.3.1/../../../../arm-none-eabi/lib/thumb/v6-m/nofp\libc.a(libc_a-reallocr.o)
                              C:/ST/STM32CubeIDE_1.14.1/STM32CubeIDE/plugins/com.st.stm32cube.ide.mcu.externaltools.gnu-tools-for-stm32.11.3.rel1.win32_1.1.100.202309141235/tools/bin/../lib/gcc/arm-none-eabi/11.3.1/../../../../arm-none-eabi/lib/thumb/v6-m/nofp\libc.a(libc_a-realloc.o) (_realloc_r)
C:/ST/STM32CubeIDE_1.14.1/STM32CubeIDE/plugins/com.st.stm32cube.ide.mcu.externaltools.gnu-tools-for-stm32.11.3.rel1.win32_1.1.100.202309141235/tools/bin/../lib/gcc/arm-none-eabi/11.3.1/../../../../arm-none-eabi/lib/thumb/v6-m/nofp\libc.a(libc_a-strtod.o)
                              C:/ST/STM32CubeIDE_1.14.1/STM32CubeIDE/plugins/com.st.stm32cube.ide.mcu.externaltools.gnu-tools-for-stm32.11.3.rel1.win32_1.1.100.202309141235/tools/bin/../lib/gcc/arm-none-eabi/11.3.1/../../../../arm-none-eabi/lib/thumb/v6-m/nofp\libc.a(libc_a-atof.o) (strtod)
C:/ST/STM32CubeIDE_1.14.1/STM32CubeIDE/plugins/com.st.stm32cube.ide.mcu.externaltools.gnu-tools-for-stm32.11.3.rel1.win32_1.1.100.202309141235/tools/bin/../lib/gcc/arm-none-eabi/11.3.1/../../../../arm-none-eabi/lib/thumb/v6-m/nofp\libc.a(libc_a-strtol.o)
[...]
Memory Configuration

Name             Origin             Length             Attributes
RAM              0x0000000020000000 0x0000000000024000 xrw
FLASH            0x0000000008000000 0x0000000000080000 xr
*default*        0x0000000000000000 0xffffffffffffffff

Linker script and memory map

LOAD C:/ST/STM32CubeIDE_1.14.1/STM32CubeIDE/plugins/com.st.stm32cube.ide.mcu.externaltools.gnu-tools-for-stm32.11.3.rel1.win32_1.1.100.202309141235/tools/bin/../lib/gcc/arm-none-eabi/11.3.1/thumb/v6-m/nofp/crti.o
LOAD C:/ST/STM32CubeIDE_1.14.1/STM32CubeIDE/plugins/com.st.stm32cube.ide.mcu.externaltools.gnu-tools-for-stm32.11.3.rel1.win32_1.1.100.202309141235/tools/bin/../lib/gcc/arm-none-eabi/11.3.1/thumb/v6-m/nofp/crtbegin.o
LOAD C:/ST/STM32CubeIDE_1.14.1/STM32CubeIDE/plugins/com.st.stm32cube.ide.mcu.externaltools.gnu-tools-for-stm32.11.3.rel1.win32_1.1.100.202309141235/tools/bin/../lib/gcc/arm-none-eabi/11.3.1/../../../../arm-none-eabi/lib/thumb/v6-m/nofp/crt0.o
LOAD BOS\BOS.o
LOAD BOS\BOS_CLI.o
LOAD BOS\BOS_CLIcommands.o
LOAD BOS\BOS_dma.o
LOAD BOS\BOS_freertos.o
LOAD BOS\BOS_messaging.o
LOAD BOS\BOS_msgparser.o
LOAD H3BR7\H3BR7.o
LOAD H3BR7\H3BR7_dma.o
LOAD H3BR7\H3BR7_eeprom.o
LOAD H3BR7\H3BR7_gpio.o
LOAD H3BR7\H3BR7_inputs.o
LOAD H3BR7\H3BR7_it.o
LOAD H3BR7\H3BR7_rtc.o
LOAD H3BR7\H3BR7_timers.o
LOAD H3BR7\H3BR7_uart.o
LOAD H3BR7\startup_stm32g0b1ceuxn.o
LOAD Thirdparty\CMSIS\STM32G0xx\Device\ST\STM32G0xx\Source\Templates\system_stm32g0xx.o
LOAD Thirdparty\Middleware\STM32G0xx\FreeRTOS\Source\CMSIS_RTOS\cmsis_os.o
LOAD Thirdparty\Middleware\STM32G0xx\FreeRTOS\Source\FreeRTOS_CLI.o
LOAD Thirdparty\Middleware\STM32G0xx\FreeRTOS\Source\croutine.o
LOAD Thirdparty\Middleware\STM32G0xx\FreeRTOS\Source\event_groups.o
LOAD Thirdparty\Middleware\STM32G0xx\FreeRTOS\Source\list.o
LOAD Thirdparty\Middleware\STM32G0xx\FreeRTOS\Source\portable\GCC\ARM_CM0\port.o
LOAD Thirdparty\Middleware\STM32G0xx\FreeRTOS\Source\portable\MemMang\heap_4.o
LOAD Thirdparty\Middleware\STM32G0xx\FreeRTOS\Source\queue.o
LOAD Thirdparty\Middleware\STM32G0xx\FreeRTOS\Source\stream_buffer.o
LOAD Thirdparty\Middleware\STM32G0xx\FreeRTOS\Source\tasks.o
LOAD Thirdparty\Middleware\STM32G0xx\FreeRTOS\Source\timers.o
LOAD Thirdparty\STM32G0xx_HAL_Driver\Src\stm32g0xx_hal.o
LOAD Thirdparty\STM32G0xx_HAL_Driver\Src\stm32g0xx_hal_adc.o
LOAD Thirdparty\STM32G0xx_HAL_Driver\Src\stm32g0xx_hal_adc_ex.o
LOAD Thirdparty\STM32G0xx_HAL_Driver\Src\stm32g0xx_hal_cec.o
LOAD Thirdparty\STM32G0xx_HAL_Driver\Src\stm32g0xx_hal_comp.o
LOAD Thirdparty\STM32G0xx_HAL_Driver\Src\stm32g0xx_hal_cortex.o
LOAD Thirdparty\STM32G0xx_HAL_Driver\Src\stm32g0xx_hal_crc.o
LOAD Thirdparty\STM32G0xx_HAL_Driver\Src\stm32g0xx_hal_crc_ex.o
LOAD Thirdparty\STM32G0xx_HAL_Driver\Src\stm32g0xx_hal_cryp.o
LOAD Thirdparty\STM32G0xx_HAL_Driver\Src\stm32g0xx_hal_cryp_ex.o
LOAD Thirdparty\STM32G0xx_HAL_Driver\Src\stm32g0xx_hal_dac.o
LOAD Thirdparty\STM32G0xx_HAL_Driver\Src\stm32g0xx_hal_dac_ex.o
LOAD Thirdparty\STM32G0xx_HAL_Driver\Src\stm32g0xx_hal_dma.o
LOAD Thirdparty\STM32G0xx_HAL_Driver\Src\stm32g0xx_hal_dma_ex.o
LOAD Thirdparty\STM32G0xx_HAL_Driver\Src\stm32g0xx_hal_exti.o
LOAD Thirdparty\STM32G0xx_HAL_Driver\Src\stm32g0xx_hal_fdcan.o
LOAD Thirdparty\STM32G0xx_HAL_Driver\Src\stm32g0xx_hal_flash.o
LOAD Thirdparty\STM32G0xx_HAL_Driver\Src\stm32g0xx_hal_flash_ex.o
LOAD Thirdparty\STM32G0xx_HAL_Driver\Src\stm32g0xx_hal_gpio.o
LOAD Thirdparty\STM32G0xx_HAL_Driver\Src\stm32g0xx_hal_hcd.o
LOAD Thirdparty\STM32G0xx_HAL_Driver\Src\stm32g0xx_hal_i2c.o
LOAD Thirdparty\STM32G0xx_HAL_Driver\Src\stm32g0xx_hal_i2c_ex.o
LOAD Thirdparty\STM32G0xx_HAL_Driver\Src\stm32g0xx_hal_i2s.o
LOAD Thirdparty\STM32G0xx_HAL_Driver\Src\stm32g0xx_hal_irda.o
LOAD Thirdparty\STM32G0xx_HAL_Driver\Src\stm32g0xx_hal_iwdg.o
LOAD Thirdparty\STM32G0xx_HAL_Driver\Src\stm32g0xx_hal_lptim.o
LOAD Thirdparty\STM32G0xx_HAL_Driver\Src\stm32g0xx_hal_msp_template.o
LOAD Thirdparty\STM32G0xx_HAL_Driver\Src\stm32g0xx_hal_pcd.o
LOAD Thirdparty\STM32G0xx_HAL_Driver\Src\stm32g0xx_hal_pcd_ex.o
LOAD Thirdparty\STM32G0xx_HAL_Driver\Src\stm32g0xx_hal_pwr.o
LOAD Thirdparty\STM32G0xx_HAL_Driver\Src\stm32g0xx_hal_pwr_ex.o
LOAD Thirdparty\STM32G0xx_HAL_Driver\Src\stm32g0xx_hal_rcc.o
LOAD Thirdparty\STM32G0xx_HAL_Driver\Src\stm32g0xx_hal_rcc_ex.o
LOAD Thirdparty\STM32G0xx_HAL_Driver\Src\stm32g0xx_hal_rng.o
LOAD Thirdparty\STM32G0xx_HAL_Driver\Src\stm32g0xx_hal_rtc.o
LOAD Thirdparty\STM32G0xx_HAL_Driver\Src\stm32g0xx_hal_rtc_ex.o
LOAD Thirdparty\STM32G0xx_HAL_Driver\Src\stm32g0xx_hal_smartcard.o
LOAD Thirdparty\STM32G0xx_HAL_Driver\Src\stm32g0xx_hal_smartcard_ex.o
LOAD Thirdparty\STM32G0xx_HAL_Driver\Src\stm32g0xx_hal_smbus.o
LOAD Thirdparty\STM32G0xx_HAL_Driver\Src\stm32g0xx_hal_smbus_ex.o
LOAD Thirdparty\STM32G0xx_HAL_Driver\Src\stm32g0xx_hal_spi.o
LOAD Thirdparty\STM32G0xx_HAL_Driver\Src\stm32g0xx_hal_spi_ex.o
LOAD Thirdparty\STM32G0xx_HAL_Driver\Src\stm32g0xx_hal_tim.o
LOAD Thirdparty\STM32G0xx_HAL_Driver\Src\stm32g0xx_hal_tim_ex.o
LOAD Thirdparty\STM32G0xx_HAL_Driver\Src\stm32g0xx_hal_uart.o
LOAD Thirdparty\STM32G0xx_HAL_Driver\Src\stm32g0xx_hal_uart_ex.o
LOAD Thirdparty\STM32G0xx_HAL_Driver\Src\stm32g0xx_hal_usart.o
LOAD Thirdparty\STM32G0xx_HAL_Driver\Src\stm32g0xx_hal_usart_ex.o
LOAD Thirdparty\STM32G0xx_HAL_Driver\Src\stm32g0xx_hal_wwdg.o
LOAD Thirdparty\STM32G0xx_HAL_Driver\Src\stm32g0xx_ll_adc.o
LOAD Thirdparty\STM32G0xx_HAL_Driver\Src\stm32g0xx_ll_comp.o
LOAD Thirdparty\STM32G0xx_HAL_Driver\Src\stm32g0xx_ll_crc.o
LOAD Thirdparty\STM32G0xx_HAL_Driver\Src\stm32g0xx_ll_crs.o
LOAD Thirdparty\STM32G0xx_HAL_Driver\Src\stm32g0xx_ll_dac.o
LOAD Thirdparty\STM32G0xx_HAL_Driver\Src\stm32g0xx_ll_dma.o
LOAD Thirdparty\STM32G0xx_HAL_Driver\Src\stm32g0xx_ll_exti.o
LOAD Thirdparty\STM32G0xx_HAL_Driver\Src\stm32g0xx_ll_gpio.o
LOAD Thirdparty\STM32G0xx_HAL_Driver\Src\stm32g0xx_ll_i2c.o
LOAD Thirdparty\STM32G0xx_HAL_Driver\Src\stm32g0xx_ll_lptim.o
LOAD Thirdparty\STM32G0xx_HAL_Driver\Src\stm32g0xx_ll_lpuart.o
LOAD Thirdparty\STM32G0xx_HAL_Driver\Src\stm32g0xx_ll_pwr.o
LOAD Thirdparty\STM32G0xx_HAL_Driver\Src\stm32g0xx_ll_rcc.o
LOAD Thirdparty\STM32G0xx_HAL_Driver\Src\stm32g0xx_ll_rng.o
LOAD Thirdparty\STM32G0xx_HAL_Driver\Src\stm32g0xx_ll_rtc.o
LOAD Thirdparty\STM32G0xx_HAL_Driver\Src\stm32g0xx_ll_spi.o
LOAD Thirdparty\STM32G0xx_HAL_Driver\Src\stm32g0xx_ll_tim.o
LOAD Thirdparty\STM32G0xx_HAL_Driver\Src\stm32g0xx_ll_ucpd.o
LOAD Thirdparty\STM32G0xx_HAL_Driver\Src\stm32g0xx_ll_usart.o
LOAD Thirdparty\STM32G0xx_HAL_Driver\Src\stm32g0xx_ll_usb.o
LOAD Thirdparty\STM32G0xx_HAL_Driver\Src\stm32g0xx_ll_utils.o
LOAD User\main.o
START GROUP
LOAD C:/ST/STM32CubeIDE_1.14.1/STM32CubeIDE/plugins/com.st.stm32cube.ide.mcu.externaltools.gnu-tools-for-stm32.11.3.rel1.win32_1.1.100.202309141235/tools/bin/../lib/gcc/arm-none-eabi/11.3.1/../../../../arm-none-eabi/lib/thumb/v6-m/nofp\libc.a
LOAD C:/ST/STM32CubeIDE_1.14.1/STM32CubeIDE/plugins/com.st.stm32cube.ide.mcu.externaltools.gnu-tools-for-stm32.11.3.rel1.win32_1.1.100.202309141235/tools/bin/../lib/gcc/arm-none-eabi/11.3.1/../../../../arm-none-eabi/lib/thumb/v6-m/nofp\libm.a
END GROUP
START GROUP
LOAD C:/ST/STM32CubeIDE_1.14.1/STM32CubeIDE/plugins/com.st.stm32cube.ide.mcu.externaltools.gnu-tools-for-stm32.11.3.rel1.win32_1.1.100.202309141235/tools/bin/../lib/gcc/arm-none-eabi/11.3.1/thumb/v6-m/nofp\libgcc.a
LOAD C:/ST/STM32CubeIDE_1.14.1/STM32CubeIDE/plugins/com.st.stm32cube.ide.mcu.externaltools.gnu-tools-for-stm32.11.3.rel1.win32_1.1.100.202309141235/tools/bin/../lib/gcc/arm-none-eabi/11.3.1/../../../../arm-none-eabi/lib/thumb/v6-m/nofp\libc.a
END GROUP
START GROUP
LOAD C:/ST/STM32CubeIDE_1.14.1/STM32CubeIDE/plugins/com.st.stm32cube.ide.mcu.externaltools.gnu-tools-for-stm32.11.3.rel1.win32_1.1.100.202309141235/tools/bin/../lib/gcc/arm-none-eabi/11.3.1/thumb/v6-m/nofp\libgcc.a
LOAD C:/ST/STM32CubeIDE_1.14.1/STM32CubeIDE/plugins/com.st.stm32cube.ide.mcu.externaltools.gnu-tools-for-stm32.11.3.rel1.win32_1.1.100.202309141235/tools/bin/../lib/gcc/arm-none-eabi/11.3.1/../../../../arm-none-eabi/lib/thumb/v6-m/nofp\libc.a
LOAD C:/ST/STM32CubeIDE_1.14.1/STM32CubeIDE/plugins/com.st.stm32cube.ide.mcu.externaltools.gnu-tools-for-stm32.11.3.rel1.win32_1.1.100.202309141235/tools/bin/../lib/gcc/arm-none-eabi/11.3.1/../../../../arm-none-eabi/lib/thumb/v6-m/nofp\libnosys.a
END GROUP
LOAD C:/ST/STM32CubeIDE_1.14.1/STM32CubeIDE/plugins/com.st.stm32cube.ide.mcu.externaltools.gnu-tools-for-stm32.11.3.rel1.win32_1.1.100.202309141235/tools/bin/../lib/gcc/arm-none-eabi/11.3.1/thumb/v6-m/nofp/crtend.o
LOAD C:/ST/STM32CubeIDE_1.14.1/STM32CubeIDE/plugins/com.st.stm32cube.ide.mcu.externaltools.gnu-tools-for-stm32.11.3.rel1.win32_1.1.100.202309141235/tools/bin/../lib/gcc/arm-none-eabi/11.3.1/thumb/v6-m/nofp/crtn.o
                0x0000000020024000                _estack = (ORIGIN (RAM) + LENGTH (RAM))
                0x0000000000000200                _Min_Heap_Size = 0x200
                0x0000000000000400                _Min_Stack_Size = 0x400

.isr_vector     0x0000000008000000       0xbc
                0x0000000008000000                . = ALIGN (0x4)
 *(.isr_vector)
 .isr_vector    0x0000000008000000       0xbc H3BR7\startup_stm32g0b1ceuxn.o
                0x0000000008000000                g_pfnVectors
                0x00000000080000bc                . = ALIGN (0x4)

.text           0x00000000080000c0    0x29d10
                0x00000000080000c0                . = ALIGN (0x4)
 *(.text)
 .text          0x00000000080000c0       0x48 C:/ST/STM32CubeIDE_1.14.1/STM32CubeIDE/plugins/com.st.stm32cube.ide.mcu.externaltools.gnu-tools-for-stm32.11.3.rel1.win32_1.1.100.202309141235/tools/bin/../lib/gcc/arm-none-eabi/11.3.1/thumb/v6-m/nofp/crtbegin.o
 .text          0x0000000008000108       0x14 C:/ST/STM32CubeIDE_1.14.1/STM32CubeIDE/plugins/com.st.stm32cube.ide.mcu.externaltools.gnu-tools-for-stm32.11.3.rel1.win32_1.1.100.202309141235/tools/bin/../lib/gcc/arm-none-eabi/11.3.1/../../../../arm-none-eabi/lib/thumb/v6-m/nofp\libc.a(libc_a-strcmp.o)
                0x0000000008000108                strcmp
 .text          0x000000000800011c        0xe C:/ST/STM32CubeIDE_1.14.1/STM32CubeIDE/plugins/com.st.stm32cube.ide.mcu.externaltools.gnu-tools-for-stm32.11.3.rel1.win32_1.1.100.202309141235/tools/bin/../lib/gcc/arm-none-eabi/11.3.1/../../../../arm-none-eabi/lib/thumb/v6-m/nofp\libc.a(libc_a-strlen.o)
                0x000000000800011c                strlen
 *fill*         0x000000000800012a        0x2 
 .text          0x000000000800012c       0x14 C:/ST/STM32CubeIDE_1.14.1/STM32CubeIDE/plugins/com.st.stm32cube.ide.mcu.externaltools.gnu-tools-for-stm32.11.3.rel1.win32_1.1.100.202309141235/tools/bin/../lib/gcc/arm-none-eabi/11.3.1/thumb/v6-m/nofp\libgcc.a(_thumb1_case_uqi.o)
                0x000000000800012c                __gnu_thumb1_case_uqi
 .text          0x0000000008000140       0x14 C:/ST/STM32CubeIDE_1.14.1/STM32CubeIDE/plugins/com.st.stm32cube.ide.mcu.externaltools.gnu-tools-for-stm32.11.3.rel1.win32_1.1.100.202309141235/tools/bin/../lib/gcc/arm-none-eabi/11.3.1/thumb/v6-m/nofp\libgcc.a(_thumb1_case_uhi.o)
                0x0000000008000140                __gnu_thumb1_case_uhi
 .text          0x0000000008000154      0x114 C:/ST/STM32CubeIDE_1.14.1/STM32CubeIDE/plugins/com.st.stm32cube.ide.mcu.externaltools.gnu-tools-for-stm32.11.3.rel1.win32_1.1.100.202309141235/tools/bin/../lib/gcc/arm-none-eabi/11.3.1/thumb/v6-m/nofp\libgcc.a(_udivsi3.o)
                0x0000000008000154                __aeabi_uidiv
                0x0000000008000154                __udivsi3
                0x0000000008000260                __aeabi_uidivmod
 .text          0x0000000008000268      0x1d4 C:/ST/STM32CubeIDE_1.14.1/STM32CubeIDE/plugins/com.st.stm32cube.ide.mcu.externaltools.gnu-tools-for-stm32.11.3.rel1.win32_1.1.100.202309141235/tools/bin/../lib/gcc/arm-none-eabi/11.3.1/thumb/v6-m/nofp\libgcc.a(_divsi3.o)
                0x0000000008000268                __divsi3
                0x0000000008000268                __aeabi_idiv
                0x0000000008000434                __aeabi_idivmod
 .text          0x000000000800043c        0x4 C:/ST/STM32CubeIDE_1.14.1/STM32CubeIDE/plugins/com.st.stm32cube.ide.mcu.externaltools.gnu-tools-for-stm32.11.3.rel1.win32_1.1.100.202309141235/tools/bin/../lib/gcc/arm-none-eabi/11.3.1/thumb/v6-m/nofp\libgcc.a(_dvmd_tls.o)
                0x000000000800043c                __aeabi_idiv0
                0x000000000800043c                __aeabi_ldiv0
 .text          0x0000000008000440       0x7c C:/ST/STM32CubeIDE_1.14.1/STM32CubeIDE/plugins/com.st.stm32cube.ide.mcu.externaltools.gnu-tools-for-stm32.11.3.rel1.win32_1.1.100.202309141235/tools/bin/../lib/gcc/arm-none-eabi/11.3.1/thumb/v6-m/nofp\libgcc.a(_arm_cmpdf2.o)
                0x0000000008000440                __aeabi_cdrcmple
                0x0000000008000450                __aeabi_cdcmple
                0x0000000008000450                __aeabi_cdcmpeq
                0x0000000008000460                __aeabi_dcmpeq
                0x000000000800046c                __aeabi_dcmplt
                0x0000000008000480                __aeabi_dcmple
                0x0000000008000494                __aeabi_dcmpgt
                0x00000000080004a8                __aeabi_dcmpge
 .text          0x00000000080004bc       0x74 C:/ST/STM32CubeIDE_1.14.1/STM32CubeIDE/plugins/com.st.stm32cube.ide.mcu.externaltools.gnu-tools-for-stm32.11.3.rel1.win32_1.1.100.202309141235/tools/bin/../lib/gcc/arm-none-eabi/11.3.1/thumb/v6-m/nofp\libgcc.a(_arm_cmpsf2.o)
                0x00000000080004bc                __aeabi_cfrcmple
                0x00000000080004c4                __aeabi_cfcmpeq
                0x00000000080004c4                __aeabi_cfcmple
                0x00000000080004d4                __aeabi_fcmpeq
                0x00000000080004e0                __aeabi_fcmplt
                0x00000000080004f4                __aeabi_fcmple
                0x0000000008000508                __aeabi_fcmpgt
                0x000000000800051c                __aeabi_fcmpge
 .text          0x0000000008000530       0x14 C:/ST/STM32CubeIDE_1.14.1/STM32CubeIDE/plugins/com.st.stm32cube.ide.mcu.externaltools.gnu-tools-for-stm32.11.3.rel1.win32_1.1.100.202309141235/tools/bin/../lib/gcc/arm-none-eabi/11.3.1/thumb/v6-m/nofp\libgcc.a(_aeabi_ulcmp.o)
                0x0000000008000530                __aeabi_ulcmp
 .text          0x0000000008000544       0x40 C:/ST/STM32CubeIDE_1.14.1/STM32CubeIDE/plugins/com.st.stm32cube.ide.mcu.externaltools.gnu-tools-for-stm32.11.3.rel1.win32_1.1.100.202309141235/tools/bin/../lib/gcc/arm-none-eabi/11.3.1/thumb/v6-m/nofp\libgcc.a(_aeabi_uldivmod.o)
                0x0000000008000544                __aeabi_uldivmod
 .text          0x0000000008000584       0x5c C:/ST/STM32CubeIDE_1.14.1/STM32CubeIDE/plugins/com.st.stm32cube.ide.mcu.externaltools.gnu-tools-for-stm32.11.3.rel1.win32_1.1.100.202309141235/tools/bin/../lib/gcc/arm-none-eabi/11.3.1/thumb/v6-m/nofp\libgcc.a(_muldi3.o)
                0x0000000008000584                __muldi3
                0x0000000008000584                __aeabi_lmul
 .text          0x00000000080005e0       0x30 C:/ST/STM32CubeIDE_1.14.1/STM32CubeIDE/plugins/com.st.stm32cube.ide.mcu.externaltools.gnu-tools-for-stm32.11.3.rel1.win32_1.1.100.202309141235/tools/bin/../lib/gcc/arm-none-eabi/11.3.1/thumb/v6-m/nofp\libgcc.a(_fixunssfsi.o)
                0x00000000080005e0                __fixunssfsi
                0x00000000080005e0                __aeabi_f2uiz
 .text          0x0000000008000610       0x3c C:/ST/STM32CubeIDE_1.14.1/STM32CubeIDE/plugins/com.st.stm32cube.ide.mcu.externaltools.gnu-tools-for-stm32.11.3.rel1.win32_1.1.100.202309141235/tools/bin/../lib/gcc/arm-none-eabi/11.3.1/thumb/v6-m/nofp\libgcc.a(_fixunsdfsi.o)
                0x0000000008000610                __aeabi_d2uiz
                0x0000000008000610                __fixunsdfsi
 .text          0x000000000800064c       0x3c C:/ST/STM32CubeIDE_1.14.1/STM32CubeIDE/plugins/com.st.stm32cube.ide.mcu.externaltools.gnu-tools-for-stm32.11.3.rel1.win32_1.1.100.202309141235/tools/bin/../lib/gcc/arm-none-eabi/11.3.1/thumb/v6-m/nofp\libgcc.a(_fixdfdi.o)
                0x000000000800064c                __fixdfdi
                0x000000000800064c                __aeabi_d2lz
 .text          0x0000000008000688       0x3c C:/ST/STM32CubeIDE_1.14.1/STM32CubeIDE/plugins/com.st.stm32cube.ide.mcu.externaltools.gnu-tools-for-stm32.11.3.rel1.win32_1.1.100.202309141235/tools/bin/../lib/gcc/arm-none-eabi/11.3.1/thumb/v6-m/nofp\libgcc.a(_fixunsdfdi.o)
                0x0000000008000688                __fixunsdfdi
                0x0000000008000688                __aeabi_d2ulz
 .text          0x00000000080006c4       0x2c C:/ST/STM32CubeIDE_1.14.1/STM32CubeIDE/plugins/com.st.stm32cube.ide.mcu.externaltools.gnu-tools-for-stm32.11.3.rel1.win32_1.1.100.202309141235/tools/bin/../lib/gcc/arm-none-eabi/11.3.1/thumb/v6-m/nofp\libgcc.a(_floatdidf.o)
                0x00000000080006c4                __aeabi_l2d
                0x00000000080006c4                __floatdidf
 .text          0x00000000080006f0      0x198 C:/ST/STM32CubeIDE_1.14.1/STM32CubeIDE/plugins/com.st.stm32cube.ide.mcu.externaltools.gnu-tools-for-stm32.11.3.rel1.win32_1.1.100.202309141235/tools/bin/../lib/gcc/arm-none-eabi/11.3.1/thumb/v6-m/nofp\libgcc.a(_udivmoddi4.o)
                0x00000000080006f0                __udivmoddi4
 .text          0x0000000008000888       0x4c C:/ST/STM32CubeIDE_1.14.1/STM32CubeIDE/plugins/com.st.stm32cube.ide.mcu.externaltools.gnu-tools-for-stm32.11.3.rel1.win32_1.1.100.202309141235/tools/bin/../lib/gcc/arm-none-eabi/11.3.1/thumb/v6-m/nofp\libgcc.a(eqsf2.o)
                0x0000000008000888                __eqsf2
                0x0000000008000888                __nesf2
 .text          0x00000000080008d4       0x8c C:/ST/STM32CubeIDE_1.14.1/STM32CubeIDE/plugins/com.st.stm32cube.ide.mcu.externaltools.gnu-tools-for-stm32.11.3.rel1.win32_1.1.100.202309141235/tools/bin/../lib/gcc/arm-none-eabi/11.3.1/thumb/v6-m/nofp\libgcc.a(gesf2.o)
                0x00000000080008d4                __gesf2
                0x00000000080008d4                __gtsf2
 .text          0x0000000008000960       0x88 C:/ST/STM32CubeIDE_1.14.1/STM32CubeIDE/plugins/com.st.stm32cube.ide.mcu.externaltools.gnu-tools-for-stm32.11.3.rel1.win32_1.1.100.202309141235/tools/bin/../lib/gcc/arm-none-eabi/11.3.1/thumb/v6-m/nofp\libgcc.a(lesf2.o)
                0x0000000008000960                __ltsf2
                0x0000000008000960                __lesf2
 .text          0x00000000080009e8      0x29c C:/ST/STM32CubeIDE_1.14.1/STM32CubeIDE/plugins/com.st.stm32cube.ide.mcu.externaltools.gnu-tools-for-stm32.11.3.rel1.win32_1.1.100.202309141235/tools/bin/../lib/gcc/arm-none-eabi/11.3.1/thumb/v6-m/nofp\libgcc.a(mulsf3.o)
                0x00000000080009e8                __aeabi_fmul
 .text          0x0000000008000c84      0x340 C:/ST/STM32CubeIDE_1.14.1/STM32CubeIDE/plugins/com.st.stm32cube.ide.mcu.externaltools.gnu-tools-for-stm32.11.3.rel1.win32_1.1.100.202309141235/tools/bin/../lib/gcc/arm-none-eabi/11.3.1/thumb/v6-m/nofp\libgcc.a(subsf3.o)
                0x0000000008000c84                __aeabi_fsub
 .text          0x0000000008000fc4       0x40 C:/ST/STM32CubeIDE_1.14.1/STM32CubeIDE/plugins/com.st.stm32cube.ide.mcu.externaltools.gnu-tools-for-stm32.11.3.rel1.win32_1.1.100.202309141235/tools/bin/../lib/gcc/arm-none-eabi/11.3.1/thumb/v6-m/nofp\libgcc.a(fixsfsi.o)
                0x0000000008000fc4                __aeabi_f2iz
 .text          0x0000000008001004       0x90 C:/ST/STM32CubeIDE_1.14.1/STM32CubeIDE/plugins/com.st.stm32cube.ide.mcu.externaltools.gnu-tools-for-stm32.11.3.rel1.win32_1.1.100.202309141235/tools/bin/../lib/gcc/arm-none-eabi/11.3.1/thumb/v6-m/nofp\libgcc.a(floatunsisf.o)
                0x0000000008001004                __aeabi_ui2f
 .text          0x0000000008001094      0x6c0 C:/ST/STM32CubeIDE_1.14.1/STM32CubeIDE/plugins/com.st.stm32cube.ide.mcu.externaltools.gnu-tools-for-stm32.11.3.rel1.win32_1.1.100.202309141235/tools/bin/../lib/gcc/arm-none-eabi/11.3.1/thumb/v6-m/nofp\libgcc.a(adddf3.o)
                0x0000000008001094                __aeabi_dadd
 .text          0x0000000008001754      0x5dc C:/ST/STM32CubeIDE_1.14.1/STM32CubeIDE/plugins/com.st.stm32cube.ide.mcu.externaltools.gnu-tools-for-stm32.11.3.rel1.win32_1.1.100.202309141235/tools/bin/../lib/gcc/arm-none-eabi/11.3.1/thumb/v6-m/nofp\libgcc.a(divdf3.o)
                0x0000000008001754                __aeabi_ddiv
 .text          0x0000000008001d30       0x84 C:/ST/STM32CubeIDE_1.14.1/STM32CubeIDE/plugins/com.st.stm32cube.ide.mcu.externaltools.gnu-tools-for-stm32.11.3.rel1.win32_1.1.100.202309141235/tools/bin/../lib/gcc/arm-none-eabi/11.3.1/thumb/v6-m/nofp\libgcc.a(eqdf2.o)
                0x0000000008001d30                __nedf2
                0x0000000008001d30                __eqdf2
 .text          0x0000000008001db4       0xcc C:/ST/STM32CubeIDE_1.14.1/STM32CubeIDE/plugins/com.st.stm32cube.ide.mcu.externaltools.gnu-tools-for-stm32.11.3.rel1.win32_1.1.100.202309141235/tools/bin/../lib/gcc/arm-none-eabi/11.3.1/thumb/v6-m/nofp\libgcc.a(gedf2.o)
                0x0000000008001db4                __gedf2
                0x0000000008001db4                __gtdf2
 .text          0x0000000008001e80       0xc8 C:/ST/STM32CubeIDE_1.14.1/STM32CubeIDE/plugins/com.st.stm32cube.ide.mcu.externaltools.gnu-tools-for-stm32.11.3.rel1.win32_1.1.100.202309141235/tools/bin/../lib/gcc/arm-none-eabi/11.3.1/thumb/v6-m/nofp\libgcc.a(ledf2.o)
                0x0000000008001e80                __ledf2
                0x0000000008001e80                __ltdf2
 .text          0x0000000008001f48      0x584 C:/ST/STM32CubeIDE_1.14.1/STM32CubeIDE/plugins/com.st.stm32cube.ide.mcu.externaltools.gnu-tools-for-stm32.11.3.rel1.win32_1.1.100.202309141235/tools/bin/../lib/gcc/arm-none-eabi/11.3.1/thumb/v6-m/nofp\libgcc.a(muldf3.o)
                0x0000000008001f48                __aeabi_dmul
 .text          0x00000000080024cc      0x704 C:/ST/STM32CubeIDE_1.14.1/STM32CubeIDE/plugins/com.st.stm32cube.ide.mcu.externaltools.gnu-tools-for-stm32.11.3.rel1.win32_1.1.100.202309141235/tools/bin/../lib/gcc/arm-none-eabi/11.3.1/thumb/v6-m/nofp\libgcc.a(subdf3.o)
                0x00000000080024cc                __aeabi_dsub
 .text          0x0000000008002bd0       0x3c C:/ST/STM32CubeIDE_1.14.1/STM32CubeIDE/plugins/com.st.stm32cube.ide.mcu.externaltools.gnu-tools-for-stm32.11.3.rel1.win32_1.1.100.202309141235/tools/bin/../lib/gcc/arm-none-eabi/11.3.1/thumb/v6-m/nofp\libgcc.a(unorddf2.o)
                0x0000000008002bd0                __aeabi_dcmpun
 .text          0x0000000008002c0c       0x6c C:/ST/STM32CubeIDE_1.14.1/STM32CubeIDE/plugins/com.st.stm32cube.ide.mcu.externaltools.gnu-tools-for-stm32.11.3.rel1.win32_1.1.100.202309141235/tools/bin/../lib/gcc/arm-none-eabi/11.3.1/thumb/v6-m/nofp\libgcc.a(fixdfsi.o)
                0x0000000008002c0c                __aeabi_d2iz
 .text          0x0000000008002c78       0x60 C:/ST/STM32CubeIDE_1.14.1/STM32CubeIDE/plugins/com.st.stm32cube.ide.mcu.externaltools.gnu-tools-for-stm32.11.3.rel1.win32_1.1.100.202309141235/tools/bin/../lib/gcc/arm-none-eabi/11.3.1/thumb/v6-m/nofp\libgcc.a(floatsidf.o)
                0x0000000008002c78                __aeabi_i2d
 .text          0x0000000008002cd8       0x4c C:/ST/STM32CubeIDE_1.14.1/STM32CubeIDE/plugins/com.st.stm32cube.ide.mcu.externaltools.gnu-tools-for-stm32.11.3.rel1.win32_1.1.100.202309141235/tools/bin/../lib/gcc/arm-none-eabi/11.3.1/thumb/v6-m/nofp\libgcc.a(floatunsidf.o)
                0x0000000008002cd8                __aeabi_ui2d
 .text          0x0000000008002d24       0x90 C:/ST/STM32CubeIDE_1.14.1/STM32CubeIDE/plugins/com.st.stm32cube.ide.mcu.externaltools.gnu-tools-for-stm32.11.3.rel1.win32_1.1.100.202309141235/tools/bin/../lib/gcc/arm-none-eabi/11.3.1/thumb/v6-m/nofp\libgcc.a(extendsfdf2.o)
                0x0000000008002d24                __aeabi_f2d
 .text          0x0000000008002db4      0x10c C:/ST/STM32CubeIDE_1.14.1/STM32CubeIDE/plugins/com.st.stm32cube.ide.mcu.externaltools.gnu-tools-for-stm32.11.3.rel1.win32_1.1.100.202309141235/tools/bin/../lib/gcc/arm-none-eabi/11.3.1/thumb/v6-m/nofp\libgcc.a(truncdfsf2.o)
                0x0000000008002db4                __aeabi_d2f
 .text          0x0000000008002ec0       0x3c C:/ST/STM32CubeIDE_1.14.1/STM32CubeIDE/plugins/com.st.stm32cube.ide.mcu.externaltools.gnu-tools-for-stm32.11.3.rel1.win32_1.1.100.202309141235/tools/bin/../lib/gcc/arm-none-eabi/11.3.1/thumb/v6-m/nofp\libgcc.a(_clzsi2.o)
                0x0000000008002ec0                __clzsi2
 .text          0x0000000008002efc       0x18 C:/ST/STM32CubeIDE_1.14.1/STM32CubeIDE/plugins/com.st.stm32cube.ide.mcu.externaltools.gnu-tools-for-stm32.11.3.rel1.win32_1.1.100.202309141235/tools/bin/../lib/gcc/arm-none-eabi/11.3.1/thumb/v6-m/nofp\libgcc.a(_clzdi2.o)
                0x0000000008002efc                __clzdi2
 *(.text*)
 .text.__NVIC_SystemReset
                0x0000000008002f14       0x24 BOS\BOS.o
 .text.Processor_type
                0x0000000008002f38       0x6a BOS\BOS.o
                0x0000000008002f38                Processor_type
 *fill*         0x0000000008002fa2        0x2 
 .text.Get_Module_Name
                0x0000000008002fa4       0x28 BOS\BOS.o
                0x0000000008002fa4                Get_Module_Name
 .text.Send_BOS_Message
                0x0000000008002fcc       0xfc BOS\BOS.o
                0x0000000008002fcc                Send_BOS_Message
 .text.LoadEEvars
                0x00000000080030c8       0x2a BOS\BOS.o
                0x00000000080030c8                LoadEEvars
 *fill*         0x00000000080030f2        0x2 
 .text.LoadROtopology
                0x00000000080030f4       0xfc BOS\BOS.o
                0x00000000080030f4                LoadROtopology
 .text.LoadEEportsDir
                0x00000000080031f0       0x68 BOS\BOS.o
                0x00000000080031f0                LoadEEportsDir
 .text.LoadEEalias
                0x0000000008003258       0xd8 BOS\BOS.o
                0x0000000008003258                LoadEEalias
 .text.LoadEEgroup
                0x0000000008003330      0x120 BOS\BOS.o
                0x0000000008003330                LoadEEgroup
 .text.LoadEEstreams
                0x0000000008003450      0x21c BOS\BOS.o
                0x0000000008003450                LoadEEstreams
 .text.LoadEEparams
                0x000000000800366c      0x260 BOS\BOS.o
                0x000000000800366c                LoadEEparams
 .text.LoadEEbuttons
                0x00000000080038cc      0x2ec BOS\BOS.o
                0x00000000080038cc                LoadEEbuttons
 .text.LoadROsnippets
                0x0000000008003bb8      0x1d8 BOS\BOS.o
                0x0000000008003bb8                LoadROsnippets
 .text.SaveEEportsDir
                0x0000000008003d90       0x78 BOS\BOS.o
                0x0000000008003d90                SaveEEportsDir
 .text.SaveEEalias
                0x0000000008003e08       0xd4 BOS\BOS.o
                0x0000000008003e08                SaveEEalias
 .text.SaveEEstreams
                0x0000000008003edc       0xdc BOS\BOS.o
                0x0000000008003edc                SaveEEstreams
 .text.SaveEEparams
                0x0000000008003fb8       0xf8 BOS\BOS.o
                0x0000000008003fb8                SaveEEparams
 .text.ClearEEportsDir
                0x00000000080040b0       0x84 BOS\BOS.o
                0x00000000080040b0                ClearEEportsDir
 .text.EE_FormatForFactoryReset
                0x0000000008004134       0x2c BOS\BOS.o
                0x0000000008004134                EE_FormatForFactoryReset
 .text.IsLowerCLIbaud
                0x0000000008004160       0xe8 BOS\BOS.o
                0x0000000008004160                IsLowerCLIbaud
 .text.IsModuleParameter
                0x0000000008004248       0x64 BOS\BOS.o
                0x0000000008004248                IsModuleParameter
 .text.IsMathOperator
                0x00000000080042ac       0xc4 BOS\BOS.o
                0x00000000080042ac                IsMathOperator
 .text.BOS_Init
                0x0000000008004370      0x130 BOS\BOS.o
                0x0000000008004370                BOS_Init
 .text.Module_Init
                0x00000000080044a0       0x1e BOS\BOS.o
                0x00000000080044a0                Module_Init
 *fill*         0x00000000080044be        0x2 
 .text.ExploreNeighbors
                0x00000000080044c0       0x90 BOS\BOS.o
                0x00000000080044c0                ExploreNeighbors
 .text.FindBroadcastRoutes
                0x0000000008004550      0x3b0 BOS\BOS.o
                0x0000000008004550                FindBroadcastRoutes
 .text.FindRoute
                0x0000000008004900      0x2dc BOS\BOS.o
                0x0000000008004900                FindRoute
 .text.minArr   0x0000000008004bdc       0x88 BOS\BOS.o
                0x0000000008004bdc                minArr
 .text.QnotEmpty
                0x0000000008004c64       0x50 BOS\BOS.o
                0x0000000008004c64                QnotEmpty
 .text.DisplayTopology
                0x0000000008004cb4      0x258 BOS\BOS.o
                0x0000000008004cb4                DisplayTopology
 .text.DisplayPortsDir
                0x0000000008004f0c      0x118 BOS\BOS.o
                0x0000000008004f0c                DisplayPortsDir
 .text.DisplayModuleStatus
                0x0000000008005024      0x3c0 BOS\BOS.o
                0x0000000008005024                DisplayModuleStatus
 .text.GetID    0x00000000080053e4      0x15c BOS\BOS.o
                0x00000000080053e4                GetID
 .text.NameModule
                0x0000000008005540      0x140 BOS\BOS.o
                0x0000000008005540                NameModule
 .text.AddModuleToGroup
                0x0000000008005680      0x1b8 BOS\BOS.o
                0x0000000008005680                AddModuleToGroup
 .text.WriteToRemote
                0x0000000008005838      0x460 BOS\BOS.o
                0x0000000008005838                WriteToRemote
 .text.GetDateString
                0x0000000008005c98       0x5c BOS\BOS.o
                0x0000000008005c98                GetDateString
 .text.Bridge   0x0000000008005cf4       0x4c BOS\BOS.o
                0x0000000008005cf4                Bridge
 .text.Unbridge
                0x0000000008005d40       0xcc BOS\BOS.o
                0x0000000008005d40                Unbridge
 .text.prvCLITask
                0x0000000008005e0c      0x278 BOS\BOS_CLI.o
                0x0000000008005e0c                prvCLITask
 .text.CLI_CommandParser
                0x0000000008006084      0x574 BOS\BOS_CLI.o
                0x0000000008006084                CLI_CommandParser
 .text.StringToLowerCase
                0x00000000080065f8       0x6c BOS\BOS_CLI.o
                0x00000000080065f8                StringToLowerCase
 .text.AddSnippet
                0x0000000008006664      0x1b4 BOS\BOS_CLI.o
                0x0000000008006664                AddSnippet
 .text.ParseSnippetCondition
                0x0000000008006818      0x7f8 BOS\BOS_CLI.o
                0x0000000008006818                ParseSnippetCondition
 .text.ParseSnippetCommand
                0x0000000008007010       0xc8 BOS\BOS_CLI.o
                0x0000000008007010                ParseSnippetCommand
 .text.CheckSnippetCondition
                0x00000000080070d8      0x1b4 BOS\BOS_CLI.o
                0x00000000080070d8                CheckSnippetCondition
 .text.ExecuteSnippet
                0x000000000800728c       0xd0 BOS\BOS_CLI.o
                0x000000000800728c                ExecuteSnippet
 .text.__NVIC_SystemReset
                0x000000000800735c       0x24 BOS\BOS_CLIcommands.o
 .text.RegisterUserCLICommands
                0x0000000008007380        0xa BOS\BOS_CLIcommands.o
                0x0000000008007380                RegisterUserCLICommands
 *fill*         0x000000000800738a        0x2 
 .text.vRegisterCLICommands
                0x000000000800738c      0x1b0 BOS\BOS_CLIcommands.o
                0x000000000800738c                vRegisterCLICommands
 .text.prvTaskStatsCommand
                0x000000000800753c       0x40 BOS\BOS_CLIcommands.o
 .text.prvRunTimeStatsCommand
                0x000000000800757c       0x40 BOS\BOS_CLIcommands.o
 .text.pingCommand
                0x00000000080075bc       0x98 BOS\BOS_CLIcommands.o
 .text.bootloaderUpdateCommand
                0x0000000008007654      0x1fc BOS\BOS_CLIcommands.o
 .text.exploreCommand
                0x0000000008007850       0x16 BOS\BOS_CLIcommands.o
 .text.resetCommand
                0x0000000008007866       0x10 BOS\BOS_CLIcommands.o
 *fill*         0x0000000008007876        0x2 
 .text.nameCommand
                0x0000000008007878       0xe8 BOS\BOS_CLIcommands.o
 .text.groupCommand
                0x0000000008007960      0x2fc BOS\BOS_CLIcommands.o
 .text.statusCommand
                0x0000000008007c5c       0x1c BOS\BOS_CLIcommands.o
 .text.infoCommand
                0x0000000008007c78       0xfc BOS\BOS_CLIcommands.o
 .text.scastCommand
                0x0000000008007d74      0x2dc BOS\BOS_CLIcommands.o
 .text.addbuttonCommand
                0x0000000008008050      0x150 BOS\BOS_CLIcommands.o
 .text.removebuttonCommand
                0x00000000080081a0       0x94 BOS\BOS_CLIcommands.o
 .text.setCommand
                0x0000000008008234      0xbf8 BOS\BOS_CLIcommands.o
 .text.getCommand
                0x0000000008008e2c      0x3b4 BOS\BOS_CLIcommands.o
 .text.defaultCommand
                0x00000000080091e0       0xf8 BOS\BOS_CLIcommands.o
 .text.timeCommand
                0x00000000080092d8       0xd8 BOS\BOS_CLIcommands.o
 .text.dateCommand
                0x00000000080093b0       0x34 BOS\BOS_CLIcommands.o
 .text.setBaudrateCommand
                0x00000000080093e4       0xc0 BOS\BOS_CLIcommands.o
 .text.uuidCommand
                0x00000000080094a4       0x70 BOS\BOS_CLIcommands.o
 .text.idcodeCommand
                0x0000000008009514       0xe0 BOS\BOS_CLIcommands.o
 .text.flashsizeCommand
                0x00000000080095f4       0x34 BOS\BOS_CLIcommands.o
 .text.snipCommand
                0x0000000008009628      0x3ac BOS\BOS_CLIcommands.o
 .text.actSnipCommand
                0x00000000080099d4       0xb8 BOS\BOS_CLIcommands.o
 .text.pauseSnipCommand
                0x0000000008009a8c       0xb8 BOS\BOS_CLIcommands.o
 .text.delSnipCommand
                0x0000000008009b44      0x1d4 BOS\BOS_CLIcommands.o
 .text.bridgeCommand
                0x0000000008009d18      0x11c BOS\BOS_CLIcommands.o
 .text.unbridgeCommand
                0x0000000008009e34      0x11c BOS\BOS_CLIcommands.o
 .text.testportCommand
                0x0000000008009f50      0x2e8 BOS\BOS_CLIcommands.o
 .text.ADCReadCommand
                0x000000000800a238      0x134 BOS\BOS_CLIcommands.o
 .text.ReadTempCommand
                0x000000000800a36c       0x54 BOS\BOS_CLIcommands.o
 .text.ReadVrefCommand
                0x000000000800a3c0       0x54 BOS\BOS_CLIcommands.o
 .text.GetReadPrecentageCommand
                0x000000000800a414       0x98 BOS\BOS_CLIcommands.o
 .text.StartDMAstream
                0x000000000800a4ac       0xb0 BOS\BOS_dma.o
                0x000000000800a4ac                StartDMAstream
 .text.ResetUartORE
                0x000000000800a55c       0x48 BOS\BOS_dma.o
                0x000000000800a55c                ResetUartORE
 .text.MX_FREERTOS_Init
                0x000000000800a5a4      0x214 BOS\BOS_freertos.o
                0x000000000800a5a4                MX_FREERTOS_Init
 .text.StartDefaultTask
                0x000000000800a7b8       0xc8 BOS\BOS_freertos.o
                0x000000000800a7b8                StartDefaultTask
 .text.ExecuteMonitor
                0x000000000800a880      0x4c8 BOS\BOS_freertos.o
                0x000000000800a880                ExecuteMonitor
 .text.vMainConfigureTimerForRunTimeStats
                0x000000000800ad48       0x2c BOS\BOS_freertos.o
                0x000000000800ad48                vMainConfigureTimerForRunTimeStats
 .text.ulMainGetRunTimeCounterValue
                0x000000000800ad74       0x90 BOS\BOS_freertos.o
                0x000000000800ad74                ulMainGetRunTimeCounterValue
 .text.SetupDMAStreams
                0x000000000800ae04      0x27c BOS\BOS_messaging.o
                0x000000000800ae04                SetupDMAStreams
 .text.StreamTimerCallback
                0x000000000800b080       0x34 BOS\BOS_messaging.o
                0x000000000800b080                StreamTimerCallback
 .text.ForwardReceivedMessage
                0x000000000800b0b4       0x80 BOS\BOS_messaging.o
                0x000000000800b0b4                ForwardReceivedMessage
 .text.BroadcastReceivedMessage
                0x000000000800b134       0x70 BOS\BOS_messaging.o
                0x000000000800b134                BroadcastReceivedMessage
 .text.NotifyMessagingTask
                0x000000000800b1a4       0x90 BOS\BOS_messaging.o
                0x000000000800b1a4                NotifyMessagingTask
 .text.BroadcastMessage
                0x000000000800b234       0x94 BOS\BOS_messaging.o
                0x000000000800b234                BroadcastMessage
 .text.SendMessageToModule
                0x000000000800b2c8       0xa4 BOS\BOS_messaging.o
                0x000000000800b2c8                SendMessageToModule
 .text.SendMessageFromPort
                0x000000000800b36c      0x6b4 BOS\BOS_messaging.o
                0x000000000800b36c                SendMessageFromPort
 .text.StartScastDMAStream
                0x000000000800ba20      0x30c BOS\BOS_messaging.o
                0x000000000800ba20                StartScastDMAStream
 .text.__NVIC_SystemReset
                0x000000000800bd2c       0x24 BOS\BOS_msgparser.o
 .text.BackEndTask
                0x000000000800bd50      0x858 BOS\BOS_msgparser.o
                0x000000000800bd50                BackEndTask
 .text.PxMessagingTask
                0x000000000800c5a8     0x5314 BOS\BOS_msgparser.o
                0x000000000800c5a8                PxMessagingTask
 .text.User_MessagingParser
                0x00000000080118bc       0x3a BOS\BOS_msgparser.o
                0x00000000080118bc                User_MessagingParser
 *fill*         0x00000000080118f6        0x2 
 .text.SystemClock_Config
                0x00000000080118f8       0xe8 H3BR7\H3BR7.o
                0x00000000080118f8                SystemClock_Config
 .text.SaveToRO
                0x00000000080119e0      0x40c H3BR7\H3BR7.o
                0x00000000080119e0                SaveToRO
 .text.ClearROtopology
                0x0000000008011dec       0x38 H3BR7\H3BR7.o
                0x0000000008011dec                ClearROtopology
 .text.remoteBootloaderUpdate
                0x0000000008011e24      0x178 H3BR7\H3BR7.o
                0x0000000008011e24                remoteBootloaderUpdate
 .text.SetupPortForRemoteBootloaderUpdate
                0x0000000008011f9c       0x52 H3BR7\H3BR7.o
                0x0000000008011f9c                SetupPortForRemoteBootloaderUpdate
 *fill*         0x0000000008011fee        0x2 
 .text.Module_Peripheral_Init
                0x0000000008011ff0      0x130 H3BR7\H3BR7.o
                0x0000000008011ff0                Module_Peripheral_Init
 .text.Module_MessagingTask
                0x0000000008012120      0x4ac H3BR7\H3BR7.o
                0x0000000008012120                Module_MessagingTask
 .text.GetPort  0x00000000080125cc       0x6c H3BR7\H3BR7.o
                0x00000000080125cc                GetPort
 .text.RegisterModuleCLICommands
                0x0000000008012638       0x78 H3BR7\H3BR7.o
                0x0000000008012638                RegisterModuleCLICommands
 .text.get_number_code
                0x00000000080126b0       0xa8 H3BR7\H3BR7.o
                0x00000000080126b0                get_number_code
 .text.get_letter_code
                0x0000000008012758      0x248 H3BR7\H3BR7.o
                0x0000000008012758                get_letter_code
 .text.clear_all_digits
                0x00000000080129a0       0x54 H3BR7\H3BR7.o
                0x00000000080129a0                clear_all_digits
 .text.SevenDisplayNumber
                0x00000000080129f4      0x26c H3BR7\H3BR7.o
                0x00000000080129f4                SevenDisplayNumber
 .text.SevenDisplayNumberF
                0x0000000008012c60      0x494 H3BR7\H3BR7.o
                0x0000000008012c60                SevenDisplayNumberF
 .text.SevenDisplayQuantities
                0x00000000080130f4      0x42c H3BR7\H3BR7.o
                0x00000000080130f4                SevenDisplayQuantities
 .text.SevenDisplayLetter
                0x0000000008013520       0x60 H3BR7\H3BR7.o
                0x0000000008013520                SevenDisplayLetter
 .text.SevenDisplaySentence
                0x0000000008013580      0x170 H3BR7\H3BR7.o
                0x0000000008013580                SevenDisplaySentence
 .text.SevenDisplayMovingSentence
                0x00000000080136f0      0x150 H3BR7\H3BR7.o
                0x00000000080136f0                SevenDisplayMovingSentence
 .text.SevenDisplayOff
                0x0000000008013840       0x1c H3BR7\H3BR7.o
                0x0000000008013840                SevenDisplayOff
 .text.SetIndicator
                0x000000000801385c       0x90 H3BR7\H3BR7.o
                0x000000000801385c                SetIndicator
 .text.ClearIndicator
                0x00000000080138ec       0x90 H3BR7\H3BR7.o
                0x00000000080138ec                ClearIndicator
 .text.CLI_SevenDisplayNumberCommand
                0x000000000801397c       0xe4 H3BR7\H3BR7.o
                0x000000000801397c                CLI_SevenDisplayNumberCommand
 .text.CLI_SevenDisplayNumberFCommand
                0x0000000008013a60      0x12c H3BR7\H3BR7.o
                0x0000000008013a60                CLI_SevenDisplayNumberFCommand
 .text.CLI_SevenDisplayQuantitiesCommand
                0x0000000008013b8c      0x1a0 H3BR7\H3BR7.o
                0x0000000008013b8c                CLI_SevenDisplayQuantitiesCommand
 .text.CLI_SevenDisplayLetterCommand
                0x0000000008013d2c      0x114 H3BR7\H3BR7.o
                0x0000000008013d2c                CLI_SevenDisplayLetterCommand
 .text.CLI_SevenDisplaySentenceCommand
                0x0000000008013e40       0xe0 H3BR7\H3BR7.o
                0x0000000008013e40                CLI_SevenDisplaySentenceCommand
 .text.CLI_SevenDisplayMovingSentenceCommand
                0x0000000008013f20       0xb0 H3BR7\H3BR7.o
                0x0000000008013f20                CLI_SevenDisplayMovingSentenceCommand
 .text.CLI_SevenDisplayOffCommand
                0x0000000008013fd0       0x60 H3BR7\H3BR7.o
                0x0000000008013fd0                CLI_SevenDisplayOffCommand
 .text.CLI_SetIndicatorCommand
                0x0000000008014030       0x98 H3BR7\H3BR7.o
                0x0000000008014030                CLI_SetIndicatorCommand
 .text.CLI_ClearIndicatorCommand
                0x00000000080140c8       0x98 H3BR7\H3BR7.o
                0x00000000080140c8                CLI_ClearIndicatorCommand
 .text.LL_DMAMUX_SetRequestID
                0x0000000008014160       0x3c H3BR7\H3BR7_dma.o
 .text.DMA_Init
                0x000000000801419c       0xa8 H3BR7\H3BR7_dma.o
                0x000000000801419c                DMA_Init
 .text.DMA_MSG_RX_CH_Init
                0x0000000008014244       0x4c H3BR7\H3BR7_dma.o
                0x0000000008014244                DMA_MSG_RX_CH_Init
 .text.DMA_STREAM_CH_Init
                0x0000000008014290       0x4c H3BR7\H3BR7_dma.o
                0x0000000008014290                DMA_STREAM_CH_Init
 .text.SetupMessagingRxDMAs
                0x00000000080142dc       0x9c H3BR7\H3BR7_dma.o
                0x00000000080142dc                SetupMessagingRxDMAs
 .text.DMA_MSG_RX_Setup
                0x0000000008014378       0x38 H3BR7\H3BR7_dma.o
                0x0000000008014378                DMA_MSG_RX_Setup
 .text.DMA_MSG_TX_UnSetup
                0x00000000080143b0       0x28 H3BR7\H3BR7_dma.o
                0x00000000080143b0                DMA_MSG_TX_UnSetup
 .text.DMA_STREAM_Setup
                0x00000000080143d8       0x68 H3BR7\H3BR7_dma.o
                0x00000000080143d8                DMA_STREAM_Setup
 .text.StopStreamDMA
                0x0000000008014440       0x70 H3BR7\H3BR7_dma.o
                0x0000000008014440                StopStreamDMA
 .text.StopMsgDMA
                0x00000000080144b0       0x4c H3BR7\H3BR7_dma.o
                0x00000000080144b0                StopMsgDMA
 .text.SwitchMsgDMAToStream
                0x00000000080144fc       0x50 H3BR7\H3BR7_dma.o
                0x00000000080144fc                SwitchMsgDMAToStream
 .text.SwitchStreamDMAToMsg
                0x000000000801454c       0xd8 H3BR7\H3BR7_dma.o
                0x000000000801454c                SwitchStreamDMAToMsg
 .text.UnSetupDMAInterrupts
                0x0000000008014624       0xe4 H3BR7\H3BR7_dma.o
                0x0000000008014624                UnSetupDMAInterrupts
 .text.RemapAndLinkDMAtoUARTRx
                0x0000000008014708      0x134 H3BR7\H3BR7_dma.o
                0x0000000008014708                RemapAndLinkDMAtoUARTRx
 .text.CRC_Init
                0x000000000801483c       0x44 H3BR7\H3BR7_dma.o
                0x000000000801483c                CRC_Init
 .text.HAL_CRC_MspInit
                0x0000000008014880       0x30 H3BR7\H3BR7_dma.o
                0x0000000008014880                HAL_CRC_MspInit
 .text.CalculateCRC8
                0x00000000080148b0      0x154 H3BR7\H3BR7_dma.o
                0x00000000080148b0                CalculateCRC8
 .text.EE_Init  0x0000000008014a04      0x680 H3BR7\H3BR7_eeprom.o
                0x0000000008014a04                EE_Init
 .text.EE_ReadVariable
                0x0000000008015084       0xc0 H3BR7\H3BR7_eeprom.o
                0x0000000008015084                EE_ReadVariable
 .text.EE_WriteVariable
                0x0000000008015144       0x64 H3BR7\H3BR7_eeprom.o
                0x0000000008015144                EE_WriteVariable
 .text.EE_Format
                0x00000000080151a8      0x14c H3BR7\H3BR7_eeprom.o
                0x00000000080151a8                EE_Format
 .text.EE_FindValidPage
                0x00000000080152f4       0x90 H3BR7\H3BR7_eeprom.o
 .text.EE_VerifyPageFullWriteVariable
                0x0000000008015384      0x160 H3BR7\H3BR7_eeprom.o
 .text.EE_PageTransfer
                0x00000000080154e4      0x20c H3BR7\H3BR7_eeprom.o
 .text.EraseSector
                0x00000000080156f0       0x60 H3BR7\H3BR7_eeprom.o
                0x00000000080156f0                EraseSector
 .text.GPIO_Init
                0x0000000008015750       0x90 H3BR7\H3BR7_gpio.o
                0x0000000008015750                GPIO_Init
 .text.IND_LED_Init
                0x00000000080157e0       0x38 H3BR7\H3BR7_gpio.o
                0x00000000080157e0                IND_LED_Init
 .text.seven_seg_gpio_init
                0x0000000008015818      0x130 H3BR7\H3BR7_gpio.o
                0x0000000008015818                seven_seg_gpio_init
 .text.IsFactoryReset
                0x0000000008015948      0x15c H3BR7\H3BR7_gpio.o
                0x0000000008015948                IsFactoryReset
 .text.GetPortGPIOs
                0x0000000008015aa4      0x11c H3BR7\H3BR7_gpio.o
                0x0000000008015aa4                GetPortGPIOs
 .text.buttonPressedCallback
                0x0000000008015bc0       0x14 H3BR7\H3BR7_inputs.o
                0x0000000008015bc0                buttonPressedCallback
 .text.CheckAttachedButtons
                0x0000000008015bd4      0x7a8 H3BR7\H3BR7_inputs.o
                0x0000000008015bd4                CheckAttachedButtons
 .text.CheckForTimedButtonPress
                0x000000000801637c       0xfc H3BR7\H3BR7_inputs.o
                0x000000000801637c                CheckForTimedButtonPress
 .text.CheckForTimedButtonRelease
                0x0000000008016478       0xfc H3BR7\H3BR7_inputs.o
                0x0000000008016478                CheckForTimedButtonRelease
 .text.AddPortButton
                0x0000000008016574      0x268 H3BR7\H3BR7_inputs.o
                0x0000000008016574                AddPortButton
 .text.RemovePortButton
                0x00000000080167dc      0x200 H3BR7\H3BR7_inputs.o
                0x00000000080167dc                RemovePortButton
 .text.SetButtonEvents
                0x00000000080169dc      0x77c H3BR7\H3BR7_inputs.o
                0x00000000080169dc                SetButtonEvents
 .text.MX_ADC_Init
                0x0000000008017158       0x88 H3BR7\H3BR7_inputs.o
                0x0000000008017158                MX_ADC_Init
 .text.HAL_ADC_MspInit
                0x00000000080171e0       0xc4 H3BR7\H3BR7_inputs.o
                0x00000000080171e0                HAL_ADC_MspInit
 .text.ADCSelectChannel
                0x00000000080172a4       0xac H3BR7\H3BR7_inputs.o
                0x00000000080172a4                ADCSelectChannel
 .text.ReadADCChannel
                0x0000000008017350      0x10c H3BR7\H3BR7_inputs.o
                0x0000000008017350                ReadADCChannel
 .text.ReadTempAndVref
                0x000000000801745c      0x1f0 H3BR7\H3BR7_inputs.o
                0x000000000801745c                ReadTempAndVref
 .text.GetReadPrecentage
                0x000000000801764c      0x224 H3BR7\H3BR7_inputs.o
                0x000000000801764c                GetReadPrecentage
 .text.Get_channel
                0x0000000008017870       0xac H3BR7\H3BR7_inputs.o
                0x0000000008017870                Get_channel
 .text.Error_Handler
                0x000000000801791c       0x10 H3BR7\H3BR7_inputs.o
                0x000000000801791c                Error_Handler
 .text.Get_Rank
                0x000000000801792c       0xa8 H3BR7\H3BR7_inputs.o
                0x000000000801792c                Get_Rank
 .text.buttonReleasedCallback
                0x00000000080179d4       0x14 H3BR7\H3BR7_inputs.o
                0x00000000080179d4                buttonReleasedCallback
 .text.buttonClickedCallback
                0x00000000080179e8       0x14 H3BR7\H3BR7_inputs.o
                0x00000000080179e8                buttonClickedCallback
 .text.buttonDblClickedCallback
                0x00000000080179fc       0x14 H3BR7\H3BR7_inputs.o
                0x00000000080179fc                buttonDblClickedCallback
 .text.buttonPressedForXCallback
                0x0000000008017a10       0x1a H3BR7\H3BR7_inputs.o
                0x0000000008017a10                buttonPressedForXCallback
 .text.buttonReleasedForYCallback
                0x0000000008017a2a       0x1a H3BR7\H3BR7_inputs.o
                0x0000000008017a2a                buttonReleasedForYCallback
 .text.__NVIC_SystemReset
                0x0000000008017a44       0x24 H3BR7\H3BR7_it.o
 .text.SysTick_Handler
                0x0000000008017a68       0x12 H3BR7\H3BR7_it.o
                0x0000000008017a68                SysTick_Handler
 *fill*         0x0000000008017a7a        0x2 
 .text.TIM6_DAC_LPTIM1_IRQHandler
                0x0000000008017a7c       0x18 H3BR7\H3BR7_it.o
                0x0000000008017a7c                TIM6_DAC_LPTIM1_IRQHandler
 .text.HAL_TIM_PeriodElapsedCallback
                0x0000000008017a94      0x2c4 H3BR7\H3BR7_it.o
                0x0000000008017a94                HAL_TIM_PeriodElapsedCallback
 .text.HardFault_Handler
                0x0000000008017d58       0x40 H3BR7\H3BR7_it.o
                0x0000000008017d58                HardFault_Handler
 .text.USART1_IRQHandler
                0x0000000008017d98       0x30 H3BR7\H3BR7_it.o
                0x0000000008017d98                USART1_IRQHandler
 .text.USART2_LPUART2_IRQHandler
                0x0000000008017dc8       0x30 H3BR7\H3BR7_it.o
                0x0000000008017dc8                USART2_LPUART2_IRQHandler
 .text.USART3_4_5_6_LPUART1_IRQHandler
                0x0000000008017df8       0x48 H3BR7\H3BR7_it.o
                0x0000000008017df8                USART3_4_5_6_LPUART1_IRQHandler
 .text.HAL_UART_TxCpltCallback
                0x0000000008017e40       0x48 H3BR7\H3BR7_it.o
                0x0000000008017e40                HAL_UART_TxCpltCallback
 .text.HAL_UART_ErrorCallback
                0x0000000008017e88       0xd4 H3BR7\H3BR7_it.o
                0x0000000008017e88                HAL_UART_ErrorCallback
 .text.HAL_UART_RxCpltCallback
                0x0000000008017f5c       0x10 H3BR7\H3BR7_it.o
                0x0000000008017f5c                HAL_UART_RxCpltCallback
 .text.vApplicationStackOverflowHook
                0x0000000008017f6c       0x44 H3BR7\H3BR7_it.o
                0x0000000008017f6c                vApplicationStackOverflowHook
 .text.vApplicationMallocFailedHook
                0x0000000008017fb0       0x40 H3BR7\H3BR7_it.o
                0x0000000008017fb0                vApplicationMallocFailedHook
 .text.RTC_Init
                0x0000000008017ff0       0xc4 H3BR7\H3BR7_rtc.o
                0x0000000008017ff0                RTC_Init
 .text.RTC_CalendarConfig
                0x00000000080180b4      0x18c H3BR7\H3BR7_rtc.o
                0x00000000080180b4                RTC_CalendarConfig
 .text.BOS_CalendarConfig
                0x0000000008018240      0x128 H3BR7\H3BR7_rtc.o
                0x0000000008018240                BOS_CalendarConfig
 .text.GetTimeDate
                0x0000000008018368       0x90 H3BR7\H3BR7_rtc.o
                0x0000000008018368                GetTimeDate
 .text.TIM_USEC_Init
                0x00000000080183f8       0x74 H3BR7\H3BR7_timers.o
                0x00000000080183f8                TIM_USEC_Init
 .text.TIM_MSEC_Init
                0x000000000801846c       0x78 H3BR7\H3BR7_timers.o
                0x000000000801846c                TIM_MSEC_Init
 .text.MX_TIM6_Init
                0x00000000080184e4       0x88 H3BR7\H3BR7_timers.o
                0x00000000080184e4                MX_TIM6_Init
 .text.StartMicroDelay
                0x000000000801856c       0x48 H3BR7\H3BR7_timers.o
                0x000000000801856c                StartMicroDelay
 .text.StartMilliDelay
                0x00000000080185b4       0x48 H3BR7\H3BR7_timers.o
                0x00000000080185b4                StartMilliDelay
 .text.MX_USART1_UART_Init
                0x00000000080185fc       0x7c H3BR7\H3BR7_uart.o
                0x00000000080185fc                MX_USART1_UART_Init
 .text.MX_USART2_UART_Init
                0x0000000008018678       0x7c H3BR7\H3BR7_uart.o
                0x0000000008018678                MX_USART2_UART_Init
 .text.MX_USART3_UART_Init
                0x00000000080186f4       0x7c H3BR7\H3BR7_uart.o
                0x00000000080186f4                MX_USART3_UART_Init
 .text.MX_USART5_UART_Init
                0x0000000008018770       0x60 H3BR7\H3BR7_uart.o
                0x0000000008018770                MX_USART5_UART_Init
 .text.MX_USART6_UART_Init
                0x00000000080187d0       0x60 H3BR7\H3BR7_uart.o
                0x00000000080187d0                MX_USART6_UART_Init
 .text.HAL_UART_MspInit
                0x0000000008018830      0x5b0 H3BR7\H3BR7_uart.o
                0x0000000008018830                HAL_UART_MspInit
 .text.writePxMutex
                0x0000000008018de0       0xac H3BR7\H3BR7_uart.o
                0x0000000008018de0                writePxMutex
 .text.writePxITMutex
                0x0000000008018e8c       0x78 H3BR7\H3BR7_uart.o
                0x0000000008018e8c                writePxITMutex
 .text.UpdateBaudrate
                0x0000000008018f04       0x3e H3BR7\H3BR7_uart.o
                0x0000000008018f04                UpdateBaudrate
 *fill*         0x0000000008018f42        0x2 
 .text.GetUart  0x0000000008018f44       0x54 H3BR7\H3BR7_uart.o
                0x0000000008018f44                GetUart
 .text.SwapUartPins
                0x0000000008018f98       0xd0 H3BR7\H3BR7_uart.o
                0x0000000008018f98                SwapUartPins
 .text.ReadPortsDir
                0x0000000008019068       0xa8 H3BR7\H3BR7_uart.o
                0x0000000008019068                ReadPortsDir
 .text.ReadPortsDirMSG
                0x0000000008019110       0x80 H3BR7\H3BR7_uart.o
                0x0000000008019110                ReadPortsDirMSG
 .text.UpdateMyPortsDir
                0x0000000008019190       0x84 H3BR7\H3BR7_uart.o
                0x0000000008019190                UpdateMyPortsDir
 .text.Reset_Handler
                0x0000000008019214       0x78 H3BR7\startup_stm32g0b1ceuxn.o
                0x0000000008019214                Reset_Handler
 .text.Default_Handler
                0x000000000801928c        0x2 H3BR7\startup_stm32g0b1ceuxn.o
                0x000000000801928c                I2C2_3_IRQHandler
                0x000000000801928c                TIM1_CC_IRQHandler
                0x000000000801928c                ADC1_COMP_IRQHandler
                0x000000000801928c                NMI_Handler
                0x000000000801928c                I2C1_IRQHandler
                0x000000000801928c                TIM7_LPTIM2_IRQHandler
                0x000000000801928c                TIM17_FDCAN_IT1_IRQHandler
                0x000000000801928c                DMA1_Ch4_7_DMA2_Ch1_5_DMAMUX1_OVR_IRQHandler
                0x000000000801928c                RCC_CRS_IRQHandler
                0x000000000801928c                RTC_TAMP_IRQHandler
                0x000000000801928c                SPI1_IRQHandler
                0x000000000801928c                USB_UCPD1_2_IRQHandler
                0x000000000801928c                EXTI2_3_IRQHandler
                0x000000000801928c                PVD_VDDIO2_IRQHandler
                0x000000000801928c                EXTI4_15_IRQHandler
                0x000000000801928c                DMA1_Channel1_IRQHandler
                0x000000000801928c                Default_Handler
                0x000000000801928c                CEC_IRQHandler
                0x000000000801928c                TIM14_IRQHandler
                0x000000000801928c                TIM15_IRQHandler
                0x000000000801928c                TIM3_TIM4_IRQHandler
                0x000000000801928c                EXTI0_1_IRQHandler
                0x000000000801928c                SPI2_3_IRQHandler
                0x000000000801928c                WWDG_IRQHandler
                0x000000000801928c                TIM2_IRQHandler
                0x000000000801928c                DMA1_Channel2_3_IRQHandler
                0x000000000801928c                FLASH_IRQHandler
                0x000000000801928c                TIM16_FDCAN_IT0_IRQHandler
                0x000000000801928c                TIM1_BRK_UP_TRG_COM_IRQHandler
 .text.SystemInit
                0x000000000801928e        0xa Thirdparty\CMSIS\STM32G0xx\Device\ST\STM32G0xx\Source\Templates\system_stm32g0xx.o
                0x000000000801928e                SystemInit
 .text.inHandlerMode
                0x0000000008019298       0x1c Thirdparty\Middleware\STM32G0xx\FreeRTOS\Source\CMSIS_RTOS\cmsis_os.o
 .text.osKernelStart
                0x00000000080192b4       0x10 Thirdparty\Middleware\STM32G0xx\FreeRTOS\Source\CMSIS_RTOS\cmsis_os.o
                0x00000000080192b4                osKernelStart
 .text.osDelay  0x00000000080192c4       0x28 Thirdparty\Middleware\STM32G0xx\FreeRTOS\Source\CMSIS_RTOS\cmsis_os.o
                0x00000000080192c4                osDelay
 .text.osSemaphoreCreate
                0x00000000080192ec       0x4a Thirdparty\Middleware\STM32G0xx\FreeRTOS\Source\CMSIS_RTOS\cmsis_os.o
                0x00000000080192ec                osSemaphoreCreate
 *fill*         0x0000000008019336        0x2 
 .text.osSemaphoreWait
                0x0000000008019338       0x94 Thirdparty\Middleware\STM32G0xx\FreeRTOS\Source\CMSIS_RTOS\cmsis_os.o
                0x0000000008019338                osSemaphoreWait
 .text.osSemaphoreRelease
                0x00000000080193cc       0x64 Thirdparty\Middleware\STM32G0xx\FreeRTOS\Source\CMSIS_RTOS\cmsis_os.o
                0x00000000080193cc                osSemaphoreRelease
 .text.osSystickHandler
                0x0000000008019430       0x18 Thirdparty\Middleware\STM32G0xx\FreeRTOS\Source\CMSIS_RTOS\cmsis_os.o
                0x0000000008019430                osSystickHandler
 .text.FreeRTOS_CLIRegisterCommand
                0x0000000008019448       0x50 Thirdparty\Middleware\STM32G0xx\FreeRTOS\Source\FreeRTOS_CLI.o
                0x0000000008019448                FreeRTOS_CLIRegisterCommand
 .text.FreeRTOS_CLIProcessCommand
                0x0000000008019498      0x11c Thirdparty\Middleware\STM32G0xx\FreeRTOS\Source\FreeRTOS_CLI.o
                0x0000000008019498                FreeRTOS_CLIProcessCommand
 .text.FreeRTOS_CLIGetOutputBuffer
                0x00000000080195b4       0x10 Thirdparty\Middleware\STM32G0xx\FreeRTOS\Source\FreeRTOS_CLI.o
                0x00000000080195b4                FreeRTOS_CLIGetOutputBuffer
 .text.FreeRTOS_CLIGetParameter
                0x00000000080195c4       0xbc Thirdparty\Middleware\STM32G0xx\FreeRTOS\Source\FreeRTOS_CLI.o
                0x00000000080195c4                FreeRTOS_CLIGetParameter
 .text.prvHelpCommand
                0x0000000008019680      0x154 Thirdparty\Middleware\STM32G0xx\FreeRTOS\Source\FreeRTOS_CLI.o
 .text.prvGetNumberOfParameters
                0x00000000080197d4       0x7a Thirdparty\Middleware\STM32G0xx\FreeRTOS\Source\FreeRTOS_CLI.o
 .text.vListInitialise
                0x000000000801984e       0x3c Thirdparty\Middleware\STM32G0xx\FreeRTOS\Source\list.o
                0x000000000801984e                vListInitialise
 .text.vListInitialiseItem
                0x000000000801988a       0x16 Thirdparty\Middleware\STM32G0xx\FreeRTOS\Source\list.o
                0x000000000801988a                vListInitialiseItem
 .text.vListInsertEnd
                0x00000000080198a0       0x44 Thirdparty\Middleware\STM32G0xx\FreeRTOS\Source\list.o
                0x00000000080198a0                vListInsertEnd
 .text.vListInsert
                0x00000000080198e4       0x6c Thirdparty\Middleware\STM32G0xx\FreeRTOS\Source\list.o
                0x00000000080198e4                vListInsert
 .text.uxListRemove
                0x0000000008019950       0x50 Thirdparty\Middleware\STM32G0xx\FreeRTOS\Source\list.o
                0x0000000008019950                uxListRemove
 .text.pxPortInitialiseStack
                0x00000000080199a0       0x54 Thirdparty\Middleware\STM32G0xx\FreeRTOS\Source\portable\GCC\ARM_CM0\port.o
                0x00000000080199a0                pxPortInitialiseStack
 .text.prvTaskExitError
                0x00000000080199f4       0x1e Thirdparty\Middleware\STM32G0xx\FreeRTOS\Source\portable\GCC\ARM_CM0\port.o
 .text.SVC_Handler
                0x0000000008019a12        0xa Thirdparty\Middleware\STM32G0xx\FreeRTOS\Source\portable\GCC\ARM_CM0\port.o
                0x0000000008019a12                SVC_Handler
 *fill*         0x0000000008019a1c        0x4 
 .text.vPortStartFirstTask
                0x0000000008019a20       0x38 Thirdparty\Middleware\STM32G0xx\FreeRTOS\Source\portable\GCC\ARM_CM0\port.o
 .text.xPortStartScheduler
                0x0000000008019a58       0x48 Thirdparty\Middleware\STM32G0xx\FreeRTOS\Source\portable\GCC\ARM_CM0\port.o
                0x0000000008019a58                xPortStartScheduler
 .text.vPortYield
                0x0000000008019aa0       0x20 Thirdparty\Middleware\STM32G0xx\FreeRTOS\Source\portable\GCC\ARM_CM0\port.o
                0x0000000008019aa0                vPortYield
 .text.vPortEnterCritical
                0x0000000008019ac0       0x24 Thirdparty\Middleware\STM32G0xx\FreeRTOS\Source\portable\GCC\ARM_CM0\port.o
                0x0000000008019ac0                vPortEnterCritical
 .text.vPortExitCritical
                0x0000000008019ae4       0x24 Thirdparty\Middleware\STM32G0xx\FreeRTOS\Source\portable\GCC\ARM_CM0\port.o
                0x0000000008019ae4                vPortExitCritical
 .text.ulSetInterruptMaskFromISR
                0x0000000008019b08        0xc Thirdparty\Middleware\STM32G0xx\FreeRTOS\Source\portable\GCC\ARM_CM0\port.o
                0x0000000008019b08                ulSetInterruptMaskFromISR
 .text.vClearInterruptMaskFromISR
                0x0000000008019b14        0x8 Thirdparty\Middleware\STM32G0xx\FreeRTOS\Source\portable\GCC\ARM_CM0\port.o
                0x0000000008019b14                vClearInterruptMaskFromISR
 *fill*         0x0000000008019b1c        0x4 
 .text.PendSV_Handler
                0x0000000008019b20       0x48 Thirdparty\Middleware\STM32G0xx\FreeRTOS\Source\portable\GCC\ARM_CM0\port.o
                0x0000000008019b20                PendSV_Handler
 .text.xPortSysTickHandler
                0x0000000008019b68       0x34 Thirdparty\Middleware\STM32G0xx\FreeRTOS\Source\portable\GCC\ARM_CM0\port.o
                0x0000000008019b68                xPortSysTickHandler
 .text.vPortSetupTimerInterrupt
                0x0000000008019b9c       0x44 Thirdparty\Middleware\STM32G0xx\FreeRTOS\Source\portable\GCC\ARM_CM0\port.o
                0x0000000008019b9c                vPortSetupTimerInterrupt
 .text.pvPortMalloc
                0x0000000008019be0      0x140 Thirdparty\Middleware\STM32G0xx\FreeRTOS\Source\portable\MemMang\heap_4.o
                0x0000000008019be0                pvPortMalloc
 .text.vPortFree
                0x0000000008019d20       0x80 Thirdparty\Middleware\STM32G0xx\FreeRTOS\Source\portable\MemMang\heap_4.o
                0x0000000008019d20                vPortFree
 .text.prvHeapInit
                0x0000000008019da0       0xc0 Thirdparty\Middleware\STM32G0xx\FreeRTOS\Source\portable\MemMang\heap_4.o
 .text.prvInsertBlockIntoFreeList
                0x0000000008019e60       0xb0 Thirdparty\Middleware\STM32G0xx\FreeRTOS\Source\portable\MemMang\heap_4.o
 .text.xQueueGenericReset
                0x0000000008019f10       0x9e Thirdparty\Middleware\STM32G0xx\FreeRTOS\Source\queue.o
                0x0000000008019f10                xQueueGenericReset
 .text.xQueueGenericCreate
                0x0000000008019fae       0x52 Thirdparty\Middleware\STM32G0xx\FreeRTOS\Source\queue.o
                0x0000000008019fae                xQueueGenericCreate
 .text.prvInitialiseNewQueue
                0x000000000801a000       0x4e Thirdparty\Middleware\STM32G0xx\FreeRTOS\Source\queue.o
 .text.xQueueCreateCountingSemaphore
                0x000000000801a04e       0x30 Thirdparty\Middleware\STM32G0xx\FreeRTOS\Source\queue.o
                0x000000000801a04e                xQueueCreateCountingSemaphore
 .text.xQueueGenericSend
                0x000000000801a07e      0x12a Thirdparty\Middleware\STM32G0xx\FreeRTOS\Source\queue.o
                0x000000000801a07e                xQueueGenericSend
 .text.xQueueGenericSendFromISR
                0x000000000801a1a8       0xa6 Thirdparty\Middleware\STM32G0xx\FreeRTOS\Source\queue.o
                0x000000000801a1a8                xQueueGenericSendFromISR
 .text.xQueueGiveFromISR
                0x000000000801a24e       0x96 Thirdparty\Middleware\STM32G0xx\FreeRTOS\Source\queue.o
                0x000000000801a24e                xQueueGiveFromISR
 .text.xQueueReceive
                0x000000000801a2e4      0x128 Thirdparty\Middleware\STM32G0xx\FreeRTOS\Source\queue.o
                0x000000000801a2e4                xQueueReceive
 .text.xQueueSemaphoreTake
                0x000000000801a40c      0x178 Thirdparty\Middleware\STM32G0xx\FreeRTOS\Source\queue.o
                0x000000000801a40c                xQueueSemaphoreTake
 .text.xQueueReceiveFromISR
                0x000000000801a584       0xa0 Thirdparty\Middleware\STM32G0xx\FreeRTOS\Source\queue.o
                0x000000000801a584                xQueueReceiveFromISR
 .text.prvGetDisinheritPriorityAfterTimeout
                0x000000000801a624       0x2c Thirdparty\Middleware\STM32G0xx\FreeRTOS\Source\queue.o
 .text.prvCopyDataToQueue
                0x000000000801a650       0xd6 Thirdparty\Middleware\STM32G0xx\FreeRTOS\Source\queue.o
 .text.prvCopyDataFromQueue
                0x000000000801a726       0x4c Thirdparty\Middleware\STM32G0xx\FreeRTOS\Source\queue.o
 .text.prvUnlockQueue
                0x000000000801a772       0xbc Thirdparty\Middleware\STM32G0xx\FreeRTOS\Source\queue.o
 .text.prvIsQueueEmpty
                0x000000000801a82e       0x2c Thirdparty\Middleware\STM32G0xx\FreeRTOS\Source\queue.o
 .text.prvIsQueueFull
                0x000000000801a85a       0x30 Thirdparty\Middleware\STM32G0xx\FreeRTOS\Source\queue.o
 *fill*         0x000000000801a88a        0x2 
 .text.vQueueAddToRegistry
                0x000000000801a88c       0x50 Thirdparty\Middleware\STM32G0xx\FreeRTOS\Source\queue.o
                0x000000000801a88c                vQueueAddToRegistry
 .text.vQueueWaitForMessageRestricted
                0x000000000801a8dc       0x66 Thirdparty\Middleware\STM32G0xx\FreeRTOS\Source\queue.o
                0x000000000801a8dc                vQueueWaitForMessageRestricted
 .text.xTaskCreate
                0x000000000801a942       0x90 Thirdparty\Middleware\STM32G0xx\FreeRTOS\Source\tasks.o
                0x000000000801a942                xTaskCreate
 *fill*         0x000000000801a9d2        0x2 
 .text.prvInitialiseNewTask
                0x000000000801a9d4      0x10c Thirdparty\Middleware\STM32G0xx\FreeRTOS\Source\tasks.o
 .text.prvAddNewTaskToReadyList
                0x000000000801aae0       0xd0 Thirdparty\Middleware\STM32G0xx\FreeRTOS\Source\tasks.o
 .text.vTaskDelay
                0x000000000801abb0       0x3a Thirdparty\Middleware\STM32G0xx\FreeRTOS\Source\tasks.o
                0x000000000801abb0                vTaskDelay
 *fill*         0x000000000801abea        0x2 
 .text.eTaskGetState
                0x000000000801abec       0xd0 Thirdparty\Middleware\STM32G0xx\FreeRTOS\Source\tasks.o
                0x000000000801abec                eTaskGetState
 .text.uxTaskPriorityGet
                0x000000000801acbc       0x34 Thirdparty\Middleware\STM32G0xx\FreeRTOS\Source\tasks.o
                0x000000000801acbc                uxTaskPriorityGet
 .text.vTaskPrioritySet
                0x000000000801acf0      0x110 Thirdparty\Middleware\STM32G0xx\FreeRTOS\Source\tasks.o
                0x000000000801acf0                vTaskPrioritySet
 .text.vTaskStartScheduler
                0x000000000801ae00       0x74 Thirdparty\Middleware\STM32G0xx\FreeRTOS\Source\tasks.o
                0x000000000801ae00                vTaskStartScheduler
 .text.vTaskSuspendAll
                0x000000000801ae74       0x18 Thirdparty\Middleware\STM32G0xx\FreeRTOS\Source\tasks.o
                0x000000000801ae74                vTaskSuspendAll
 .text.xTaskResumeAll
                0x000000000801ae8c      0x10c Thirdparty\Middleware\STM32G0xx\FreeRTOS\Source\tasks.o
                0x000000000801ae8c                xTaskResumeAll
 .text.xTaskGetTickCount
                0x000000000801af98       0x1c Thirdparty\Middleware\STM32G0xx\FreeRTOS\Source\tasks.o
                0x000000000801af98                xTaskGetTickCount
 .text.xTaskGetTickCountFromISR
                0x000000000801afb4       0x20 Thirdparty\Middleware\STM32G0xx\FreeRTOS\Source\tasks.o
                0x000000000801afb4                xTaskGetTickCountFromISR
 .text.uxTaskGetSystemState
                0x000000000801afd4      0x120 Thirdparty\Middleware\STM32G0xx\FreeRTOS\Source\tasks.o
                0x000000000801afd4                uxTaskGetSystemState
 .text.xTaskIncrementTick
                0x000000000801b0f4      0x150 Thirdparty\Middleware\STM32G0xx\FreeRTOS\Source\tasks.o
                0x000000000801b0f4                xTaskIncrementTick
 .text.vTaskSwitchContext
                0x000000000801b244      0x124 Thirdparty\Middleware\STM32G0xx\FreeRTOS\Source\tasks.o
                0x000000000801b244                vTaskSwitchContext
 .text.vTaskPlaceOnEventList
                0x000000000801b368       0x34 Thirdparty\Middleware\STM32G0xx\FreeRTOS\Source\tasks.o
                0x000000000801b368                vTaskPlaceOnEventList
 .text.vTaskPlaceOnEventListRestricted
                0x000000000801b39c       0x44 Thirdparty\Middleware\STM32G0xx\FreeRTOS\Source\tasks.o
                0x000000000801b39c                vTaskPlaceOnEventListRestricted
 .text.xTaskRemoveFromEventList
                0x000000000801b3e0       0xb0 Thirdparty\Middleware\STM32G0xx\FreeRTOS\Source\tasks.o
                0x000000000801b3e0                xTaskRemoveFromEventList
 .text.vTaskInternalSetTimeOutState
                0x000000000801b490       0x28 Thirdparty\Middleware\STM32G0xx\FreeRTOS\Source\tasks.o
                0x000000000801b490                vTaskInternalSetTimeOutState
 .text.xTaskCheckForTimeOut
                0x000000000801b4b8       0x8c Thirdparty\Middleware\STM32G0xx\FreeRTOS\Source\tasks.o
                0x000000000801b4b8                xTaskCheckForTimeOut
 .text.vTaskMissedYield
                0x000000000801b544       0x14 Thirdparty\Middleware\STM32G0xx\FreeRTOS\Source\tasks.o
                0x000000000801b544                vTaskMissedYield
 .text.prvIdleTask
                0x000000000801b558       0x20 Thirdparty\Middleware\STM32G0xx\FreeRTOS\Source\tasks.o
 .text.prvInitialiseTaskLists
                0x000000000801b578       0x88 Thirdparty\Middleware\STM32G0xx\FreeRTOS\Source\tasks.o
 .text.prvCheckTasksWaitingTermination
                0x000000000801b600       0x5c Thirdparty\Middleware\STM32G0xx\FreeRTOS\Source\tasks.o
 .text.vTaskGetInfo
                0x000000000801b65c       0xd8 Thirdparty\Middleware\STM32G0xx\FreeRTOS\Source\tasks.o
                0x000000000801b65c                vTaskGetInfo
 .text.prvListTasksWithinSingleList
                0x000000000801b734       0xa6 Thirdparty\Middleware\STM32G0xx\FreeRTOS\Source\tasks.o
 .text.prvTaskCheckFreeStackSpace
                0x000000000801b7da       0x34 Thirdparty\Middleware\STM32G0xx\FreeRTOS\Source\tasks.o
 .text.prvDeleteTCB
                0x000000000801b80e       0x22 Thirdparty\Middleware\STM32G0xx\FreeRTOS\Source\tasks.o
 .text.prvResetNextTaskUnblockTime
                0x000000000801b830       0x3c Thirdparty\Middleware\STM32G0xx\FreeRTOS\Source\tasks.o
 .text.xTaskGetSchedulerState
                0x000000000801b86c       0x38 Thirdparty\Middleware\STM32G0xx\FreeRTOS\Source\tasks.o
                0x000000000801b86c                xTaskGetSchedulerState
 .text.xTaskPriorityInherit
                0x000000000801b8a4       0xd0 Thirdparty\Middleware\STM32G0xx\FreeRTOS\Source\tasks.o
                0x000000000801b8a4                xTaskPriorityInherit
 .text.xTaskPriorityDisinherit
                0x000000000801b974       0x98 Thirdparty\Middleware\STM32G0xx\FreeRTOS\Source\tasks.o
                0x000000000801b974                xTaskPriorityDisinherit
 .text.vTaskPriorityDisinheritAfterTimeout
                0x000000000801ba0c       0xc0 Thirdparty\Middleware\STM32G0xx\FreeRTOS\Source\tasks.o
                0x000000000801ba0c                vTaskPriorityDisinheritAfterTimeout
 .text.prvWriteNameToBuffer
                0x000000000801bacc       0x52 Thirdparty\Middleware\STM32G0xx\FreeRTOS\Source\tasks.o
 *fill*         0x000000000801bb1e        0x2 
 .text.vTaskList
                0x000000000801bb20      0x14c Thirdparty\Middleware\STM32G0xx\FreeRTOS\Source\tasks.o
                0x000000000801bb20                vTaskList
 .text.vTaskGetRunTimeStats
                0x000000000801bc6c      0x118 Thirdparty\Middleware\STM32G0xx\FreeRTOS\Source\tasks.o
                0x000000000801bc6c                vTaskGetRunTimeStats
 .text.pvTaskIncrementMutexHeldCount
                0x000000000801bd84       0x24 Thirdparty\Middleware\STM32G0xx\FreeRTOS\Source\tasks.o
                0x000000000801bd84                pvTaskIncrementMutexHeldCount
 .text.ulTaskNotifyTake
                0x000000000801bda8       0x84 Thirdparty\Middleware\STM32G0xx\FreeRTOS\Source\tasks.o
                0x000000000801bda8                ulTaskNotifyTake
 .text.xTaskGenericNotify
                0x000000000801be2c      0x104 Thirdparty\Middleware\STM32G0xx\FreeRTOS\Source\tasks.o
                0x000000000801be2c                xTaskGenericNotify
 .text.xTaskGenericNotifyFromISR
                0x000000000801bf30      0x140 Thirdparty\Middleware\STM32G0xx\FreeRTOS\Source\tasks.o
                0x000000000801bf30                xTaskGenericNotifyFromISR
 .text.prvAddCurrentTaskToDelayedList
                0x000000000801c070       0xa8 Thirdparty\Middleware\STM32G0xx\FreeRTOS\Source\tasks.o
 .text.xTimerCreateTimerTask
                0x000000000801c118       0x4c Thirdparty\Middleware\STM32G0xx\FreeRTOS\Source\timers.o
                0x000000000801c118                xTimerCreateTimerTask
 .text.xTimerCreate
                0x000000000801c164       0x46 Thirdparty\Middleware\STM32G0xx\FreeRTOS\Source\timers.o
                0x000000000801c164                xTimerCreate
 .text.prvInitialiseNewTimer
                0x000000000801c1aa       0x5a Thirdparty\Middleware\STM32G0xx\FreeRTOS\Source\timers.o
 .text.xTimerGenericCommand
                0x000000000801c204       0x8c Thirdparty\Middleware\STM32G0xx\FreeRTOS\Source\timers.o
                0x000000000801c204                xTimerGenericCommand
 .text.prvProcessExpiredTimer
                0x000000000801c290       0x80 Thirdparty\Middleware\STM32G0xx\FreeRTOS\Source\timers.o
 .text.prvTimerTask
                0x000000000801c310       0x28 Thirdparty\Middleware\STM32G0xx\FreeRTOS\Source\timers.o
 .text.prvProcessTimerOrBlockTask
                0x000000000801c338       0x90 Thirdparty\Middleware\STM32G0xx\FreeRTOS\Source\timers.o
 .text.prvGetNextExpireTime
                0x000000000801c3c8       0x44 Thirdparty\Middleware\STM32G0xx\FreeRTOS\Source\timers.o
 .text.prvSampleTimeNow
                0x000000000801c40c       0x40 Thirdparty\Middleware\STM32G0xx\FreeRTOS\Source\timers.o
 .text.prvInsertTimerInActiveList
                0x000000000801c44c       0x84 Thirdparty\Middleware\STM32G0xx\FreeRTOS\Source\timers.o
 .text.prvProcessReceivedCommands
                0x000000000801c4d0      0x16c Thirdparty\Middleware\STM32G0xx\FreeRTOS\Source\timers.o
 .text.prvSwitchTimerLists
                0x000000000801c63c       0xb0 Thirdparty\Middleware\STM32G0xx\FreeRTOS\Source\timers.o
 .text.prvCheckForValidListAndQueue
                0x000000000801c6ec       0x74 Thirdparty\Middleware\STM32G0xx\FreeRTOS\Source\timers.o
 .text.pvTimerGetTimerID
                0x000000000801c760       0x24 Thirdparty\Middleware\STM32G0xx\FreeRTOS\Source\timers.o
                0x000000000801c760                pvTimerGetTimerID
 .text.HAL_Init
                0x000000000801c784       0x40 Thirdparty\STM32G0xx_HAL_Driver\Src\stm32g0xx_hal.o
                0x000000000801c784                HAL_Init
 .text.HAL_InitTick
                0x000000000801c7c4       0x94 Thirdparty\STM32G0xx_HAL_Driver\Src\stm32g0xx_hal.o
                0x000000000801c7c4                HAL_InitTick
 .text.HAL_IncTick
                0x000000000801c858       0x24 Thirdparty\STM32G0xx_HAL_Driver\Src\stm32g0xx_hal.o
                0x000000000801c858                HAL_IncTick
 .text.HAL_GetTick
                0x000000000801c87c       0x14 Thirdparty\STM32G0xx_HAL_Driver\Src\stm32g0xx_hal.o
                0x000000000801c87c                HAL_GetTick
 .text.HAL_Delay
                0x000000000801c890       0x48 Thirdparty\STM32G0xx_HAL_Driver\Src\stm32g0xx_hal.o
                0x000000000801c890                HAL_Delay
 .text.HAL_GetREVID
                0x000000000801c8d8       0x18 Thirdparty\STM32G0xx_HAL_Driver\Src\stm32g0xx_hal.o
                0x000000000801c8d8                HAL_GetREVID
 .text.HAL_GetDEVID
                0x000000000801c8f0       0x18 Thirdparty\STM32G0xx_HAL_Driver\Src\stm32g0xx_hal.o
                0x000000000801c8f0                HAL_GetDEVID
 .text.LL_ADC_SetCommonPathInternalCh
                0x000000000801c908       0x28 Thirdparty\STM32G0xx_HAL_Driver\Src\stm32g0xx_hal_adc.o
 .text.LL_ADC_GetCommonPathInternalCh
                0x000000000801c930       0x1a Thirdparty\STM32G0xx_HAL_Driver\Src\stm32g0xx_hal_adc.o
 .text.LL_ADC_SetSamplingTimeCommonChannels
                0x000000000801c94a       0x3a Thirdparty\STM32G0xx_HAL_Driver\Src\stm32g0xx_hal_adc.o
 .text.LL_ADC_GetSamplingTimeCommonChannels
                0x000000000801c984       0x2e Thirdparty\STM32G0xx_HAL_Driver\Src\stm32g0xx_hal_adc.o
 .text.LL_ADC_REG_IsTriggerSourceSWStart
                0x000000000801c9b2       0x22 Thirdparty\STM32G0xx_HAL_Driver\Src\stm32g0xx_hal_adc.o
 .text.LL_ADC_REG_SetSequencerRanks
                0x000000000801c9d4       0x40 Thirdparty\STM32G0xx_HAL_Driver\Src\stm32g0xx_hal_adc.o
 .text.LL_ADC_REG_SetSequencerChAdd
                0x000000000801ca14       0x22 Thirdparty\STM32G0xx_HAL_Driver\Src\stm32g0xx_hal_adc.o
 .text.LL_ADC_REG_SetSequencerChRem
                0x000000000801ca36       0x24 Thirdparty\STM32G0xx_HAL_Driver\Src\stm32g0xx_hal_adc.o
 *fill*         0x000000000801ca5a        0x2 
 .text.LL_ADC_SetChannelSamplingTime
                0x000000000801ca5c       0x38 Thirdparty\STM32G0xx_HAL_Driver\Src\stm32g0xx_hal_adc.o
 .text.LL_ADC_EnableInternalRegulator
                0x000000000801ca94       0x28 Thirdparty\STM32G0xx_HAL_Driver\Src\stm32g0xx_hal_adc.o
 .text.LL_ADC_IsInternalRegulatorEnabled
                0x000000000801cabc       0x28 Thirdparty\STM32G0xx_HAL_Driver\Src\stm32g0xx_hal_adc.o
 .text.LL_ADC_Enable
                0x000000000801cae4       0x24 Thirdparty\STM32G0xx_HAL_Driver\Src\stm32g0xx_hal_adc.o
 .text.LL_ADC_Disable
                0x000000000801cb08       0x24 Thirdparty\STM32G0xx_HAL_Driver\Src\stm32g0xx_hal_adc.o
 .text.LL_ADC_IsEnabled
                0x000000000801cb2c       0x22 Thirdparty\STM32G0xx_HAL_Driver\Src\stm32g0xx_hal_adc.o
 .text.LL_ADC_IsDisableOngoing
                0x000000000801cb4e       0x22 Thirdparty\STM32G0xx_HAL_Driver\Src\stm32g0xx_hal_adc.o
 .text.LL_ADC_REG_StartConversion
                0x000000000801cb70       0x24 Thirdparty\STM32G0xx_HAL_Driver\Src\stm32g0xx_hal_adc.o
 .text.LL_ADC_REG_StopConversion
                0x000000000801cb94       0x24 Thirdparty\STM32G0xx_HAL_Driver\Src\stm32g0xx_hal_adc.o
 .text.LL_ADC_REG_IsConversionOngoing
                0x000000000801cbb8       0x22 Thirdparty\STM32G0xx_HAL_Driver\Src\stm32g0xx_hal_adc.o
 *fill*         0x000000000801cbda        0x2 
 .text.HAL_ADC_Init
                0x000000000801cbdc      0x350 Thirdparty\STM32G0xx_HAL_Driver\Src\stm32g0xx_hal_adc.o
                0x000000000801cbdc                HAL_ADC_Init
 .text.HAL_ADC_Start
                0x000000000801cf2c       0x9c Thirdparty\STM32G0xx_HAL_Driver\Src\stm32g0xx_hal_adc.o
                0x000000000801cf2c                HAL_ADC_Start
 .text.HAL_ADC_Stop
                0x000000000801cfc8       0x78 Thirdparty\STM32G0xx_HAL_Driver\Src\stm32g0xx_hal_adc.o
                0x000000000801cfc8                HAL_ADC_Stop
 .text.HAL_ADC_PollForConversion
                0x000000000801d040      0x128 Thirdparty\STM32G0xx_HAL_Driver\Src\stm32g0xx_hal_adc.o
                0x000000000801d040                HAL_ADC_PollForConversion
 .text.HAL_ADC_GetValue
                0x000000000801d168       0x16 Thirdparty\STM32G0xx_HAL_Driver\Src\stm32g0xx_hal_adc.o
                0x000000000801d168                HAL_ADC_GetValue
 *fill*         0x000000000801d17e        0x2 
 .text.HAL_ADC_ConfigChannel
                0x000000000801d180      0x3b0 Thirdparty\STM32G0xx_HAL_Driver\Src\stm32g0xx_hal_adc.o
                0x000000000801d180                HAL_ADC_ConfigChannel
 .text.ADC_ConversionStop
                0x000000000801d530       0x84 Thirdparty\STM32G0xx_HAL_Driver\Src\stm32g0xx_hal_adc.o
                0x000000000801d530                ADC_ConversionStop
 .text.ADC_Enable
                0x000000000801d5b4      0x10c Thirdparty\STM32G0xx_HAL_Driver\Src\stm32g0xx_hal_adc.o
                0x000000000801d5b4                ADC_Enable
 .text.ADC_Disable
                0x000000000801d6c0       0xbc Thirdparty\STM32G0xx_HAL_Driver\Src\stm32g0xx_hal_adc.o
                0x000000000801d6c0                ADC_Disable
 .text.__NVIC_EnableIRQ
                0x000000000801d77c       0x34 Thirdparty\STM32G0xx_HAL_Driver\Src\stm32g0xx_hal_cortex.o
 .text.__NVIC_DisableIRQ
                0x000000000801d7b0       0x44 Thirdparty\STM32G0xx_HAL_Driver\Src\stm32g0xx_hal_cortex.o
 .text.__NVIC_SetPriority
                0x000000000801d7f4       0xdc Thirdparty\STM32G0xx_HAL_Driver\Src\stm32g0xx_hal_cortex.o
 .text.SysTick_Config
                0x000000000801d8d0       0x48 Thirdparty\STM32G0xx_HAL_Driver\Src\stm32g0xx_hal_cortex.o
 .text.HAL_NVIC_SetPriority
                0x000000000801d918       0x2a Thirdparty\STM32G0xx_HAL_Driver\Src\stm32g0xx_hal_cortex.o
                0x000000000801d918                HAL_NVIC_SetPriority
 .text.HAL_NVIC_EnableIRQ
                0x000000000801d942       0x20 Thirdparty\STM32G0xx_HAL_Driver\Src\stm32g0xx_hal_cortex.o
                0x000000000801d942                HAL_NVIC_EnableIRQ
 .text.HAL_NVIC_DisableIRQ
                0x000000000801d962       0x20 Thirdparty\STM32G0xx_HAL_Driver\Src\stm32g0xx_hal_cortex.o
                0x000000000801d962                HAL_NVIC_DisableIRQ
 .text.HAL_SYSTICK_Config
                0x000000000801d982       0x1a Thirdparty\STM32G0xx_HAL_Driver\Src\stm32g0xx_hal_cortex.o
                0x000000000801d982                HAL_SYSTICK_Config
 .text.HAL_CRC_Init
                0x000000000801d99c       0xcc Thirdparty\STM32G0xx_HAL_Driver\Src\stm32g0xx_hal_crc.o
                0x000000000801d99c                HAL_CRC_Init
 .text.HAL_CRC_Accumulate
                0x000000000801da68       0x8e Thirdparty\STM32G0xx_HAL_Driver\Src\stm32g0xx_hal_crc.o
                0x000000000801da68                HAL_CRC_Accumulate
 .text.HAL_CRC_Calculate
                0x000000000801daf6       0x9e Thirdparty\STM32G0xx_HAL_Driver\Src\stm32g0xx_hal_crc.o
                0x000000000801daf6                HAL_CRC_Calculate
 .text.CRC_Handle_8
                0x000000000801db94      0x122 Thirdparty\STM32G0xx_HAL_Driver\Src\stm32g0xx_hal_crc.o
 .text.CRC_Handle_16
                0x000000000801dcb6       0x6e Thirdparty\STM32G0xx_HAL_Driver\Src\stm32g0xx_hal_crc.o
 .text.HAL_CRCEx_Polynomial_Set
                0x000000000801dd24       0xda Thirdparty\STM32G0xx_HAL_Driver\Src\stm32g0xx_hal_crc_ex.o
                0x000000000801dd24                HAL_CRCEx_Polynomial_Set
 *fill*         0x000000000801ddfe        0x2 
 .text.HAL_DMA_Init
                0x000000000801de00      0x158 Thirdparty\STM32G0xx_HAL_Driver\Src\stm32g0xx_hal_dma.o
                0x000000000801de00                HAL_DMA_Init
 .text.HAL_DMA_Start_IT
                0x000000000801df58      0x10c Thirdparty\STM32G0xx_HAL_Driver\Src\stm32g0xx_hal_dma.o
                0x000000000801df58                HAL_DMA_Start_IT
 .text.HAL_DMA_Abort
                0x000000000801e064       0xc0 Thirdparty\STM32G0xx_HAL_Driver\Src\stm32g0xx_hal_dma.o
                0x000000000801e064                HAL_DMA_Abort
 .text.HAL_DMA_Abort_IT
                0x000000000801e124       0xd0 Thirdparty\STM32G0xx_HAL_Driver\Src\stm32g0xx_hal_dma.o
                0x000000000801e124                HAL_DMA_Abort_IT
 .text.HAL_DMA_GetError
                0x000000000801e1f4       0x14 Thirdparty\STM32G0xx_HAL_Driver\Src\stm32g0xx_hal_dma.o
                0x000000000801e1f4                HAL_DMA_GetError
 .text.DMA_SetConfig
                0x000000000801e208       0x78 Thirdparty\STM32G0xx_HAL_Driver\Src\stm32g0xx_hal_dma.o
 .text.DMA_CalcDMAMUXChannelBaseAndMask
                0x000000000801e280       0x94 Thirdparty\STM32G0xx_HAL_Driver\Src\stm32g0xx_hal_dma.o
 .text.DMA_CalcDMAMUXRequestGenBaseAndMask
                0x000000000801e314       0x48 Thirdparty\STM32G0xx_HAL_Driver\Src\stm32g0xx_hal_dma.o
 .text.HAL_FLASH_Program
                0x000000000801e35c       0x9c Thirdparty\STM32G0xx_HAL_Driver\Src\stm32g0xx_hal_flash.o
                0x000000000801e35c                HAL_FLASH_Program
 .text.HAL_FLASH_Unlock
                0x000000000801e3f8       0x48 Thirdparty\STM32G0xx_HAL_Driver\Src\stm32g0xx_hal_flash.o
                0x000000000801e3f8                HAL_FLASH_Unlock
 .text.HAL_FLASH_Lock
                0x000000000801e440       0x38 Thirdparty\STM32G0xx_HAL_Driver\Src\stm32g0xx_hal_flash.o
                0x000000000801e440                HAL_FLASH_Lock
 .text.FLASH_WaitForLastOperation
                0x000000000801e478       0x9c Thirdparty\STM32G0xx_HAL_Driver\Src\stm32g0xx_hal_flash.o
                0x000000000801e478                FLASH_WaitForLastOperation
 .text.FLASH_Program_DoubleWord
                0x000000000801e514       0x40 Thirdparty\STM32G0xx_HAL_Driver\Src\stm32g0xx_hal_flash.o
 .text.HAL_FLASHEx_Erase
                0x000000000801e554       0xe0 Thirdparty\STM32G0xx_HAL_Driver\Src\stm32g0xx_hal_flash_ex.o
                0x000000000801e554                HAL_FLASHEx_Erase
 .text.FLASH_MassErase
                0x000000000801e634       0x28 Thirdparty\STM32G0xx_HAL_Driver\Src\stm32g0xx_hal_flash_ex.o
 .text.FLASH_PageErase
                0x000000000801e65c      0x198 Thirdparty\STM32G0xx_HAL_Driver\Src\stm32g0xx_hal_flash_ex.o
                0x000000000801e65c                FLASH_PageErase
 .text.HAL_GPIO_Init
                0x000000000801e7f4      0x2d8 Thirdparty\STM32G0xx_HAL_Driver\Src\stm32g0xx_hal_gpio.o
                0x000000000801e7f4                HAL_GPIO_Init
 .text.HAL_GPIO_DeInit
                0x000000000801eacc      0x1b0 Thirdparty\STM32G0xx_HAL_Driver\Src\stm32g0xx_hal_gpio.o
                0x000000000801eacc                HAL_GPIO_DeInit
 .text.HAL_GPIO_ReadPin
                0x000000000801ec7c       0x3a Thirdparty\STM32G0xx_HAL_Driver\Src\stm32g0xx_hal_gpio.o
                0x000000000801ec7c                HAL_GPIO_ReadPin
 .text.HAL_GPIO_WritePin
                0x000000000801ecb6       0x3a Thirdparty\STM32G0xx_HAL_Driver\Src\stm32g0xx_hal_gpio.o
                0x000000000801ecb6                HAL_GPIO_WritePin
 .text.HAL_GPIO_TogglePin
                0x000000000801ecf0       0x36 Thirdparty\STM32G0xx_HAL_Driver\Src\stm32g0xx_hal_gpio.o
                0x000000000801ecf0                HAL_GPIO_TogglePin
 .text.HAL_MspInit
                0x000000000801ed26        0xa Thirdparty\STM32G0xx_HAL_Driver\Src\stm32g0xx_hal_msp_template.o
                0x000000000801ed26                HAL_MspInit
 .text.HAL_PWREx_ControlVoltageScaling
                0x000000000801ed30       0x80 Thirdparty\STM32G0xx_HAL_Driver\Src\stm32g0xx_hal_pwr_ex.o
                0x000000000801ed30                HAL_PWREx_ControlVoltageScaling
 .text.LL_RCC_GetAPB1Prescaler
                0x000000000801edb0       0x18 Thirdparty\STM32G0xx_HAL_Driver\Src\stm32g0xx_hal_rcc.o
 .text.HAL_RCC_OscConfig
                0x000000000801edc8      0x6c0 Thirdparty\STM32G0xx_HAL_Driver\Src\stm32g0xx_hal_rcc.o
                0x000000000801edc8                HAL_RCC_OscConfig
 .text.HAL_RCC_ClockConfig
                0x000000000801f488      0x210 Thirdparty\STM32G0xx_HAL_Driver\Src\stm32g0xx_hal_rcc.o
                0x000000000801f488                HAL_RCC_ClockConfig
 .text.HAL_RCC_GetSysClockFreq
                0x000000000801f698      0x104 Thirdparty\STM32G0xx_HAL_Driver\Src\stm32g0xx_hal_rcc.o
                0x000000000801f698                HAL_RCC_GetSysClockFreq
 .text.HAL_RCC_GetHCLKFreq
                0x000000000801f79c       0x14 Thirdparty\STM32G0xx_HAL_Driver\Src\stm32g0xx_hal_rcc.o
                0x000000000801f79c                HAL_RCC_GetHCLKFreq
 .text.HAL_RCC_GetPCLK1Freq
                0x000000000801f7b0       0x2c Thirdparty\STM32G0xx_HAL_Driver\Src\stm32g0xx_hal_rcc.o
                0x000000000801f7b0                HAL_RCC_GetPCLK1Freq
 .text.HAL_RCCEx_PeriphCLKConfig
                0x000000000801f7dc      0x478 Thirdparty\STM32G0xx_HAL_Driver\Src\stm32g0xx_hal_rcc_ex.o
                0x000000000801f7dc                HAL_RCCEx_PeriphCLKConfig
 .text.HAL_RTC_Init
                0x000000000801fc54      0x144 Thirdparty\STM32G0xx_HAL_Driver\Src\stm32g0xx_hal_rtc.o
                0x000000000801fc54                HAL_RTC_Init
 .text.HAL_RTC_MspInit
                0x000000000801fd98       0x10 Thirdparty\STM32G0xx_HAL_Driver\Src\stm32g0xx_hal_rtc.o
                0x000000000801fd98                HAL_RTC_MspInit
 .text.HAL_RTC_SetTime
                0x000000000801fda8      0x150 Thirdparty\STM32G0xx_HAL_Driver\Src\stm32g0xx_hal_rtc.o
                0x000000000801fda8                HAL_RTC_SetTime
 .text.HAL_RTC_GetTime
                0x000000000801fef8       0xb8 Thirdparty\STM32G0xx_HAL_Driver\Src\stm32g0xx_hal_rtc.o
                0x000000000801fef8                HAL_RTC_GetTime
 .text.HAL_RTC_SetDate
                0x000000000801ffb0      0x124 Thirdparty\STM32G0xx_HAL_Driver\Src\stm32g0xx_hal_rtc.o
                0x000000000801ffb0                HAL_RTC_SetDate
 .text.HAL_RTC_GetDate
                0x00000000080200d4       0x9c Thirdparty\STM32G0xx_HAL_Driver\Src\stm32g0xx_hal_rtc.o
                0x00000000080200d4                HAL_RTC_GetDate
 .text.HAL_RTC_WaitForSynchro
                0x0000000008020170       0x4e Thirdparty\STM32G0xx_HAL_Driver\Src\stm32g0xx_hal_rtc.o
                0x0000000008020170                HAL_RTC_WaitForSynchro
 .text.RTC_EnterInitMode
                0x00000000080201be       0x84 Thirdparty\STM32G0xx_HAL_Driver\Src\stm32g0xx_hal_rtc.o
                0x00000000080201be                RTC_EnterInitMode
 *fill*         0x0000000008020242        0x2 
 .text.RTC_ExitInitMode
                0x0000000008020244       0x88 Thirdparty\STM32G0xx_HAL_Driver\Src\stm32g0xx_hal_rtc.o
                0x0000000008020244                RTC_ExitInitMode
 .text.RTC_ByteToBcd2
                0x00000000080202cc       0x50 Thirdparty\STM32G0xx_HAL_Driver\Src\stm32g0xx_hal_rtc.o
                0x00000000080202cc                RTC_ByteToBcd2
 .text.RTC_Bcd2ToByte
                0x000000000802031c       0x3a Thirdparty\STM32G0xx_HAL_Driver\Src\stm32g0xx_hal_rtc.o
                0x000000000802031c                RTC_Bcd2ToByte
 .text.HAL_RTCEx_BKUPWrite